[    0.000000] Linux version 4.15.0-99-generic (buildd@lcy01-amd64-013) (gcc version 7.5.0 (Ubuntu 7.5.0-3ubuntu1~18.04)) #100-Ubuntu SMP Wed Apr 22 20:32:56 UTC 2020 (Ubuntu 4.15.0-99.100-generic 4.15.18)
[    0.000000] Command line: BOOT_IMAGE=/boot/vmlinuz-4.15.0-99-generic root=LABEL=cloudimg-rootfs ro console=tty1 console=ttyS0
[    0.000000] KERNEL supported cpus:
[    0.000000]   Intel GenuineIntel
[    0.000000]   AMD AuthenticAMD
[    0.000000]   Centaur CentaurHauls
[    0.000000] x86/fpu: Supporting XSAVE feature 0x001: 'x87 floating point registers'
[    0.000000] x86/fpu: Supporting XSAVE feature 0x002: 'SSE registers'
[    0.000000] x86/fpu: Supporting XSAVE feature 0x004: 'AVX registers'
[    0.000000] x86/fpu: xstate_offset[2]:  576, xstate_sizes[2]:  256
[    0.000000] x86/fpu: Enabled xstate features 0x7, context size is 832 bytes, using 'standard' format.
[    0.000000] e820: BIOS-provided physical RAM map:
[    0.000000] BIOS-e820: [mem 0x0000000000000000-0x000000000009fbff] usable
[    0.000000] BIOS-e820: [mem 0x000000000009fc00-0x000000000009ffff] reserved
[    0.000000] BIOS-e820: [mem 0x00000000000f0000-0x00000000000fffff] reserved
[    0.000000] BIOS-e820: [mem 0x0000000000100000-0x000000007ffeffff] usable
[    0.000000] BIOS-e820: [mem 0x000000007fff0000-0x000000007fffffff] ACPI data
[    0.000000] BIOS-e820: [mem 0x00000000fec00000-0x00000000fec00fff] reserved
[    0.000000] BIOS-e820: [mem 0x00000000fee00000-0x00000000fee00fff] reserved
[    0.000000] BIOS-e820: [mem 0x00000000fffc0000-0x00000000ffffffff] reserved
[    0.000000] NX (Execute Disable) protection: active
[    0.000000] SMBIOS 2.5 present.
[    0.000000] DMI: innotek GmbH VirtualBox/VirtualBox, BIOS VirtualBox 12/01/2006
[    0.000000] Hypervisor detected: KVM
[    0.000000] e820: last_pfn = 0x7fff0 max_arch_pfn = 0x400000000
[    0.000000] MTRR: Disabled
[    0.000000] x86/PAT: MTRRs disabled, skipping PAT initialization too.
[    0.000000] CPU MTRRs all blank - virtualized system.
[    0.000000] x86/PAT: Configuration [0-7]: WB  WT  UC- UC  WB  WT  UC- UC  
[    0.000000] found SMP MP-table at [mem 0x0009fff0-0x0009ffff]
[    0.000000] Scanning 1 areas for low memory corruption
[    0.000000] RAMDISK: [mem 0x35959000-0x36ca3fff]
[    0.000000] ACPI: Early table checksum verification disabled
[    0.000000] ACPI: RSDP 0x00000000000E0000 000024 (v02 VBOX  )
[    0.000000] ACPI: XSDT 0x000000007FFF0030 00003C (v01 VBOX   VBOXXSDT 00000001 ASL  00000061)
[    0.000000] ACPI: FACP 0x000000007FFF00F0 0000F4 (v04 VBOX   VBOXFACP 00000001 ASL  00000061)
[    0.000000] ACPI: DSDT 0x000000007FFF0470 002325 (v02 VBOX   VBOXBIOS 00000002 INTL 20100528)
[    0.000000] ACPI: FACS 0x000000007FFF0200 000040
[    0.000000] ACPI: FACS 0x000000007FFF0200 000040
[    0.000000] ACPI: APIC 0x000000007FFF0240 000054 (v02 VBOX   VBOXAPIC 00000001 ASL  00000061)
[    0.000000] ACPI: SSDT 0x000000007FFF02A0 0001CC (v01 VBOX   VBOXCPUT 00000002 INTL 20100528)
[    0.000000] No NUMA configuration found
[    0.000000] Faking a node at [mem 0x0000000000000000-0x000000007ffeffff]
[    0.000000] NODE_DATA(0) allocated [mem 0x7ffc5000-0x7ffeffff]
[    0.000000] kvm-clock: cpu 0, msr 0:7ff44001, primary cpu clock
[    0.000000] kvm-clock: Using msrs 4b564d01 and 4b564d00
[    0.000000] kvm-clock: using sched offset of 5627090101 cycles
[    0.000000] clocksource: kvm-clock: mask: 0xffffffffffffffff max_cycles: 0x1cd42e4dffb, max_idle_ns: 881590591483 ns
[    0.000000] Zone ranges:
[    0.000000]   DMA      [mem 0x0000000000001000-0x0000000000ffffff]
[    0.000000]   DMA32    [mem 0x0000000001000000-0x000000007ffeffff]
[    0.000000]   Normal   empty
[    0.000000]   Device   empty
[    0.000000] Movable zone start for each node
[    0.000000] Early memory node ranges
[    0.000000]   node   0: [mem 0x0000000000001000-0x000000000009efff]
[    0.000000]   node   0: [mem 0x0000000000100000-0x000000007ffeffff]
[    0.000000] Reserved but unavailable: 98 pages
[    0.000000] Initmem setup node 0 [mem 0x0000000000001000-0x000000007ffeffff]
[    0.000000] ACPI: PM-Timer IO Port: 0x4008
[    0.000000] IOAPIC[0]: apic_id 1, version 32, address 0xfec00000, GSI 0-23
[    0.000000] ACPI: INT_SRC_OVR (bus 0 bus_irq 0 global_irq 2 dfl dfl)
[    0.000000] ACPI: INT_SRC_OVR (bus 0 bus_irq 9 global_irq 9 low level)
[    0.000000] Using ACPI (MADT) for SMP configuration information
[    0.000000] smpboot: Allowing 1 CPUs, 0 hotplug CPUs
[    0.000000] PM: Registered nosave memory: [mem 0x00000000-0x00000fff]
[    0.000000] PM: Registered nosave memory: [mem 0x0009f000-0x0009ffff]
[    0.000000] PM: Registered nosave memory: [mem 0x000a0000-0x000effff]
[    0.000000] PM: Registered nosave memory: [mem 0x000f0000-0x000fffff]
[    0.000000] e820: [mem 0x80000000-0xfebfffff] available for PCI devices
[    0.000000] Booting paravirtualized kernel on KVM
[    0.000000] clocksource: refined-jiffies: mask: 0xffffffff max_cycles: 0xffffffff, max_idle_ns: 7645519600211568 ns
[    0.000000] random: get_random_bytes called from start_kernel+0x99/0x4fd with crng_init=0
[    0.000000] setup_percpu: NR_CPUS:8192 nr_cpumask_bits:1 nr_cpu_ids:1 nr_node_ids:1
[    0.000000] percpu: Embedded 45 pages/cpu s147456 r8192 d28672 u2097152
[    0.000000] PV qspinlock hash table entries: 256 (order: 0, 4096 bytes)
[    0.000000] Built 1 zonelists, mobility grouping on.  Total pages: 515961
[    0.000000] Policy zone: DMA32
[    0.000000] Kernel command line: BOOT_IMAGE=/boot/vmlinuz-4.15.0-99-generic root=LABEL=cloudimg-rootfs ro console=tty1 console=ttyS0
[    0.000000] Memory: 2014884K/2096696K available (12300K kernel code, 2481K rwdata, 4268K rodata, 2432K init, 2712K bss, 81812K reserved, 0K cma-reserved)
[    0.000000] SLUB: HWalign=64, Order=0-3, MinObjects=0, CPUs=1, Nodes=1
[    0.000000] Kernel/User page tables isolation: enabled
[    0.000000] ftrace: allocating 39364 entries in 154 pages
[    0.004000] Hierarchical RCU implementation.
[    0.004000] 	RCU restricting CPUs from NR_CPUS=8192 to nr_cpu_ids=1.
[    0.004000] 	Tasks RCU enabled.
[    0.004000] RCU: Adjusting geometry for rcu_fanout_leaf=16, nr_cpu_ids=1
[    0.004000] NR_IRQS: 524544, nr_irqs: 256, preallocated irqs: 16
[    0.004000] Console: colour VGA+ 80x25
[    0.004000] console [tty1] enabled
[    0.004000] console [ttyS0] enabled
[    0.004000] ACPI: Core revision 20170831
[    0.004000] ACPI: 2 ACPI AML tables successfully acquired and loaded
[    0.004000] APIC: Switch to symmetric I/O mode setup
[    0.004000] x2apic enabled
[    0.004000] Switched APIC routing to physical x2apic.
[    0.004000] ..TIMER: vector=0x30 apic1=0 pin1=2 apic2=-1 pin2=-1
[    0.004003] tsc: Detected 4007.996 MHz processor
[    0.004702] Calibrating delay loop (skipped) preset value.. 8015.99 BogoMIPS (lpj=16031984)
[    0.005359] pid_max: default: 32768 minimum: 301
[    0.006165] Security Framework initialized
[    0.008005] Yama: becoming mindful.
[    0.008639] AppArmor: AppArmor initialized
[    0.012000] Dentry cache hash table entries: 262144 (order: 9, 2097152 bytes)
[    0.014393] Inode-cache hash table entries: 131072 (order: 8, 1048576 bytes)
[    0.016026] Mount-cache hash table entries: 4096 (order: 3, 32768 bytes)
[    0.017336] Mountpoint-cache hash table entries: 4096 (order: 3, 32768 bytes)
[    0.020290] process: using mwait in idle threads
[    0.021077] Last level iTLB entries: 4KB 64, 2MB 8, 4MB 8
[    0.021868] Last level dTLB entries: 4KB 64, 2MB 0, 4MB 0, 1GB 4
[    0.022799] Spectre V1 : Mitigation: usercopy/swapgs barriers and __user pointer sanitization
[    0.024008] Spectre V2 : Mitigation: Full generic retpoline
[    0.025177] Spectre V2 : Spectre v2 / SpectreRSB mitigation: Filling RSB on context switch
[    0.026574] Speculative Store Bypass: Vulnerable
[    0.028029] MDS: Vulnerable: Clear CPU buffers attempted, no microcode
[    0.037238] Freeing SMP alternatives memory: 36K
[    0.148000] smpboot: CPU0: Intel(R) Core(TM) i7-6700K CPU @ 4.00GHz (family: 0x6, model: 0x5e, stepping: 0x3)
[    0.148000] Performance Events: unsupported p6 CPU model 94 no PMU driver, software events only.
[    0.148000] Hierarchical SRCU implementation.
[    0.148000] NMI watchdog: Perf event create on CPU 0 failed with -2
[    0.148002] NMI watchdog: Perf NMI watchdog permanently disabled
[    0.149007] smp: Bringing up secondary CPUs ...
[    0.149730] smp: Brought up 1 node, 1 CPU
[    0.152002] smpboot: Max logical packages: 1
[    0.152852] smpboot: Total of 1 processors activated (8015.99 BogoMIPS)
[    0.154366] devtmpfs: initialized
[    0.155038] x86/mm: Memory block size: 128MB
[    0.156000] evm: security.selinux
[    0.156008] evm: security.SMACK64
[    0.156663] evm: security.SMACK64EXEC
[    0.157252] evm: security.SMACK64TRANSMUTE
[    0.157918] evm: security.SMACK64MMAP
[    0.158513] evm: security.apparmor
[    0.159082] evm: security.ima
[    0.160002] evm: security.capability
[    0.160780] clocksource: jiffies: mask: 0xffffffff max_cycles: 0xffffffff, max_idle_ns: 7645041785100000 ns
[    0.162328] futex hash table entries: 256 (order: 2, 16384 bytes)
[    0.163319] pinctrl core: initialized pinctrl subsystem
[    0.164087] RTC time: 12:18:50, date: 05/04/20
[    0.164837] NET: Registered protocol family 16
[    0.165640] audit: initializing netlink subsys (disabled)
[    0.166571] cpuidle: using governor ladder
[    0.167207] cpuidle: using governor menu
[    0.167839] ACPI: bus type PCI registered
[    0.168004] acpiphp: ACPI Hot Plug PCI Controller Driver version: 0.5
[    0.169066] PCI: Using configuration type 1 for base access
[    0.169965] audit: type=2000 audit(1588594737.566:1): state=initialized audit_enabled=0 res=1
[    0.172694] HugeTLB registered 2.00 MiB page size, pre-allocated 0 pages
[    0.173847] ACPI: Added _OSI(Module Device)
[    0.174520] ACPI: Added _OSI(Processor Device)
[    0.175190] ACPI: Added _OSI(3.0 _SCP Extensions)
[    0.175895] ACPI: Added _OSI(Processor Aggregator Device)
[    0.176011] ACPI: Added _OSI(Linux-Dell-Video)
[    0.176680] ACPI: Added _OSI(Linux-Lenovo-NV-HDMI-Audio)
[    0.177459] ACPI: Added _OSI(Linux-HPI-Hybrid-Graphics)
[    0.178497] ACPI: Executed 1 blocks of module-level executable AML code
[    0.183383] ACPI: Interpreter enabled
[    0.184022] ACPI: (supports S0 S5)
[    0.184558] ACPI: Using IOAPIC for interrupt routing
[    0.185543] PCI: Using host bridge windows from ACPI; if necessary, use "pci=nocrs" and report a bug
[    0.188143] ACPI: Enabled 2 GPEs in block 00 to 07
[    0.196785] ACPI: PCI Root Bridge [PCI0] (domain 0000 [bus 00-ff])
[    0.197833] acpi PNP0A03:00: _OSC: OS supports [ASPM ClockPM Segments MSI]
[    0.200149] acpi PNP0A03:00: _OSC: not requesting OS control; OS requires [ExtendedConfig ASPM ClockPM MSI]
[    0.201996] acpi PNP0A03:00: fail to add MMCONFIG information, can't access extended PCI configuration space under this bridge.
[    0.204177] PCI host bridge to bus 0000:00
[    0.204808] pci_bus 0000:00: root bus resource [io  0x0000-0x0cf7 window]
[    0.205966] pci_bus 0000:00: root bus resource [io  0x0d00-0xffff window]
[    0.207097] pci_bus 0000:00: root bus resource [mem 0x000a0000-0x000bffff window]
[    0.208013] pci_bus 0000:00: root bus resource [mem 0x80000000-0xfdffffff window]
[    0.209140] pci_bus 0000:00: root bus resource [bus 00-ff]
[    0.212183] pci 0000:00:01.1: legacy IDE quirk: reg 0x10: [io  0x01f0-0x01f7]
[    0.213241] pci 0000:00:01.1: legacy IDE quirk: reg 0x14: [io  0x03f6]
[    0.214239] pci 0000:00:01.1: legacy IDE quirk: reg 0x18: [io  0x0170-0x0177]
[    0.215318] pci 0000:00:01.1: legacy IDE quirk: reg 0x1c: [io  0x0376]
[    0.235592] pci 0000:00:07.0: quirk: [io  0x4000-0x403f] claimed by PIIX4 ACPI
[    0.236022] pci 0000:00:07.0: quirk: [io  0x4100-0x410f] claimed by PIIX4 SMB
[    0.250860] ACPI: PCI Interrupt Link [LNKA] (IRQs 5 9 10 *11)
[    0.252339] ACPI: PCI Interrupt Link [LNKB] (IRQs 5 9 *10 11)
[    0.253629] ACPI: PCI Interrupt Link [LNKC] (IRQs 5 *9 10 11)
[    0.254652] ACPI: PCI Interrupt Link [LNKD] (IRQs 5 9 10 *11)
[    0.256000] SCSI subsystem initialized
[    0.256094] pci 0000:00:02.0: vgaarb: setting as boot VGA device
[    0.256998] pci 0000:00:02.0: vgaarb: VGA device added: decodes=io+mem,owns=io+mem,locks=none
[    0.258271] pci 0000:00:02.0: vgaarb: bridge control possible
[    0.260002] vgaarb: loaded
[    0.260544] ACPI: bus type USB registered
[    0.261256] usbcore: registered new interface driver usbfs
[    0.262203] usbcore: registered new interface driver hub
[    0.263022] usbcore: registered new device driver usb
[    0.264048] EDAC MC: Ver: 3.0.0
[    0.264842] PCI: Using ACPI for IRQ routing
[    0.265723] NetLabel: Initializing
[    0.266315] NetLabel:  domain hash size = 128
[    0.267026] NetLabel:  protocols = UNLABELED CIPSOv4 CALIPSO
[    0.268024] NetLabel:  unlabeled traffic allowed by default
[    0.269105] clocksource: Switched to clocksource kvm-clock
[    0.282131] VFS: Disk quotas dquot_6.6.0
[    0.282793] VFS: Dquot-cache hash table entries: 512 (order 0, 4096 bytes)
[    0.283838] AppArmor: AppArmor Filesystem Enabled
[    0.284584] pnp: PnP ACPI init
[    0.286188] pnp: PnP ACPI: found 3 devices
[    0.292107] clocksource: acpi_pm: mask: 0xffffff max_cycles: 0xffffff, max_idle_ns: 2085701024 ns
[    0.293553] NET: Registered protocol family 2
[    0.294315] TCP established hash table entries: 16384 (order: 5, 131072 bytes)
[    0.295416] TCP bind hash table entries: 16384 (order: 6, 262144 bytes)
[    0.296461] TCP: Hash tables configured (established 16384 bind 16384)
[    0.297442] UDP hash table entries: 1024 (order: 3, 32768 bytes)
[    0.298336] UDP-Lite hash table entries: 1024 (order: 3, 32768 bytes)
[    0.299352] NET: Registered protocol family 1
[    0.300014] pci 0000:00:00.0: Limiting direct PCI/PCI transfers
[    0.300926] pci 0000:00:01.0: Activating ISA DMA hang workarounds
[    0.301916] pci 0000:00:02.0: Video device with shadowed ROM at [mem 0x000c0000-0x000dffff]
[    0.303224] Unpacking initramfs...
[    0.573478] Freeing initrd memory: 19756K
[    0.574226] clocksource: tsc: mask: 0xffffffffffffffff max_cycles: 0x39c5ded8016, max_idle_ns: 440795406786 ns
[    0.575894] platform rtc_cmos: registered platform RTC device (no PNP device found)
[    0.577222] Scanning for low memory corruption every 60 seconds
[    0.578567] Initialise system trusted keyrings
[    0.579306] Key type blacklist registered
[    0.579969] workingset: timestamp_bits=36 max_order=19 bucket_order=0
[    0.584073] zbud: loaded
[    0.585033] squashfs: version 4.0 (2009/01/31) Phillip Lougher
[    0.586404] fuse init (API version 7.26)
[    0.587615] Key type asymmetric registered
[    0.588307] Asymmetric key parser 'x509' registered
[    0.589171] Block layer SCSI generic (bsg) driver version 0.4 loaded (major 246)
[    0.590375] io scheduler noop registered
[    0.591005] io scheduler deadline registered
[    0.591733] io scheduler cfq registered (default)
[    0.592695] ACPI: AC Adapter [AC] (on-line)
[    0.593404] input: Power Button as /devices/LNXSYSTM:00/LNXPWRBN:00/input/input0
[    0.594638] ACPI: Power Button [PWRF]
[    0.595337] input: Sleep Button as /devices/LNXSYSTM:00/LNXSLPBN:00/input/input1
[    0.596574] ACPI: Sleep Button [SLPF]
[    0.597507] Serial: 8250/16550 driver, 32 ports, IRQ sharing enabled
[    0.619196] 00:02: ttyS0 at I/O 0x3f8 (irq = 4, base_baud = 115200) is a 16550A
[    0.621570] Linux agpgart interface v0.103
[    0.623068] loop: module loaded
[    0.624038] scsi host0: ata_piix
[    0.624647] scsi host1: ata_piix
[    0.625180] ata1: PATA max UDMA/33 cmd 0x1f0 ctl 0x3f6 bmdma 0xd000 irq 14
[    0.626334] ata2: PATA max UDMA/33 cmd 0x170 ctl 0x376 bmdma 0xd008 irq 15
[    0.627597] libphy: Fixed MDIO Bus: probed
[    0.628273] tun: Universal TUN/TAP device driver, 1.6
[    0.629079] PPP generic driver version 2.4.2
[    0.629756] ehci_hcd: USB 2.0 'Enhanced' Host Controller (EHCI) Driver
[    0.630711] ehci-pci: EHCI PCI platform driver
[    0.631400] ehci-platform: EHCI generic platform driver
[    0.632174] ohci_hcd: USB 1.1 'Open' Host Controller (OHCI) Driver
[    0.633498] ohci-pci: OHCI PCI platform driver
[    0.634175] ohci-platform: OHCI generic platform driver
[    0.634966] uhci_hcd: USB Universal Host Controller Interface driver
[    0.636031] i8042: PNP: PS/2 Controller [PNP0303:PS2K,PNP0f03:PS2M] at 0x60,0x64 irq 1,12
[    0.638024] serio: i8042 KBD port at 0x60,0x64 irq 1
[    0.638855] serio: i8042 AUX port at 0x60,0x64 irq 12
[    0.640052] mousedev: PS/2 mouse device common for all mice
[    0.641535] input: AT Translated Set 2 keyboard as /devices/platform/i8042/serio0/input/input2
[    0.643962] rtc_cmos rtc_cmos: rtc core: registered rtc_cmos as rtc0
[    0.645576] rtc_cmos rtc_cmos: alarms up to one day, 114 bytes nvram
[    0.646897] i2c /dev entries driver
[    0.648031] device-mapper: uevent: version 1.0.3
[    0.649412] device-mapper: ioctl: 4.37.0-ioctl (2017-09-20) initialised: dm-devel@redhat.com
[    0.650729] ledtrig-cpu: registered to indicate activity on CPUs
[    0.651784] intel_pmc_core:  initialized
[    0.652610] NET: Registered protocol family 10
[    0.655758] Segment Routing with IPv6
[    0.656431] NET: Registered protocol family 17
[    0.657173] Key type dns_resolver registered
[    0.657938] mce: Using 0 MCE banks
[    0.658508] RAS: Correctable Errors collector initialized.
[    0.659493] sched_clock: Marking stable (656405862, 0)->(835621308, -179215446)
[    0.661127] registered taskstats version 1
[    0.661771] Loading compiled-in X.509 certificates
[    0.664106] Loaded X.509 cert 'Build time autogenerated kernel key: 7480108fe56bba9284001dfb9078560125be4684'
[    0.665770] zswap: loaded using pool lzo/zbud
[    0.668607] Key type big_key registered
[    0.669288] Key type trusted registered
[    0.670913] Key type encrypted registered
[    0.671605] AppArmor: AppArmor sha1 policy hashing enabled
[    0.672507] ima: No TPM chip found, activating TPM-bypass! (rc=-19)
[    0.673849] ima: Allocated hash algorithm: sha1
[    0.674850] evm: HMAC attrs: 0x1
[    0.675868]   Magic number: 4:835:328
[    0.676921] rtc_cmos rtc_cmos: setting system clock to 2020-05-04 12:18:51 UTC (1588594731)
[    0.678243] BIOS EDD facility v0.16 2004-Jun-25, 0 devices found
[    0.679198] EDD information not available.
[    0.808608] Freeing unused kernel image memory: 2432K
[    0.816307] Write protecting the kernel read-only data: 20480k
[    0.817567] Freeing unused kernel image memory: 2008K
[    0.818715] Freeing unused kernel image memory: 1876K
[    0.826037] x86/mm: Checked W+X mappings: passed, no W+X pages found.
[    0.827049] x86/mm: Checking user space page tables
[    0.834244] x86/mm: Checked W+X mappings: passed, no W+X pages found.
Loading, please wait...
starting version 237
[    0.919747] e1000: Intel(R) PRO/1000 Network Driver - version 7.3.21-k8-NAPI
[    0.921122] e1000: Copyright (c) 1999-2006 Intel Corporation.
[    0.927283] Fusion MPT base driver 3.04.20
[    0.928036] Copyright (c) 1999-2008 LSI Corporation
[    0.931079] Fusion MPT SPI Host driver 3.04.20
[    0.959873] AVX2 version of gcm_enc/dec engaged.
[    0.960969] AES CTR mode by8 optimization enabled
[    0.965264] mptbase: ioc0: Initiating bringup
[    0.988081] vboxvideo: loading out-of-tree module taints kernel.
[    0.990577] vboxvideo: module verification failed: signature and/or required key missing - tainting kernel
[    1.060504] ioc0: LSI53C1030 A0: Capabilities={Initiator}
[    1.137476] input: ImExPS/2 Generic Explorer Mouse as /devices/platform/i8042/serio1/input/input4
[    1.301368] scsi host2: ioc0: LSI53C1030 A0, FwRev=00000000h, Ports=1, MaxQ=256, IRQ=20
[    1.468242] scsi 2:0:0:0: Direct-Access     VBOX     HARDDISK         1.0  PQ: 0 ANSI: 5
[    1.470325] scsi target2:0:0: Beginning Domain Validation
[    1.474087] scsi target2:0:0: Domain Validation skipping write tests
[    1.475076] scsi target2:0:0: Ending Domain Validation
[    1.476107] random: fast init done
[    1.476788] scsi target2:0:0: asynchronous
[    1.477814] scsi 2:0:1:0: Direct-Access     VBOX     HARDDISK         1.0  PQ: 0 ANSI: 5
[    1.479078] scsi target2:0:1: Beginning Domain Validation
[    1.480967] scsi target2:0:1: Domain Validation skipping write tests
[    1.481959] scsi target2:0:1: Ending Domain Validation
[    1.482851] scsi target2:0:1: asynchronous
[    1.487375] random: systemd-udevd: uninitialized urandom read (16 bytes read)
[    1.488692] random: systemd-udevd: uninitialized urandom read (16 bytes read)
[    1.490241] random: systemd-udevd: uninitialized urandom read (16 bytes read)
[    1.491999] sd 2:0:0:0: [sda] 20971520 512-byte logical blocks: (10.7 GB/10.0 GiB)
[    1.493195] sd 2:0:0:0: Attached scsi generic sg0 type 0
[    1.494000] sd 2:0:0:0: [sda] Write Protect is off
[    1.494819] sd 2:0:0:0: [sda] Incomplete mode parameter data
[    1.495762] sd 2:0:0:0: [sda] Assuming drive cache: write through
[    1.497132] sd 2:0:1:0: [sdb] 20480 512-byte logical blocks: (10.5 MB/10.0 MiB)
[    1.498280] sd 2:0:1:0: [sdb] Write Protect is off
[    1.499083] sd 2:0:1:0: [sdb] Incomplete mode parameter data
[    1.499931] sd 2:0:1:0: [sdb] Assuming drive cache: write through
[    1.501460] sd 2:0:1:0: Attached scsi generic sg1 type 0
[    1.514330]  sda: sda1
[    1.515364] sd 2:0:0:0: [sda] Attached SCSI disk
[    1.558752] sd 2:0:1:0: [sdb] Attached SCSI disk
[    1.880201] e1000 0000:00:03.0 eth0: (PCI:33MHz:32-bit) 02:2b:21:86:a5:be
[    1.881631] e1000 0000:00:03.0 eth0: Intel(R) PRO/1000 Network Connection
[    1.883739] [drm] VRAM 01000000
[    1.884417] [TTM] Zone  kernel: Available graphics memory: 1020496 kiB
[    1.885355] [TTM] Initializing pool allocator
[    1.886085] [TTM] Initializing DMA pool allocator
[    1.888430] fbcon: vboxdrmfb (fb0) is primary device
[    1.889838] Console: switching to colour frame buffer device 100x37
[    1.891836] vboxvideo 0000:00:02.0: fb0: vboxdrmfb frame buffer device
[    1.892675] [drm] Initialized vboxvideo 1.0.0 20130823 for 0000:00:02.0 on minor 0
[    2.260003] e1000 0000:00:08.0 eth1: (PCI:33MHz:32-bit) 08:00:27:0f:22:e3
[    2.260792] e1000 0000:00:08.0 eth1: Intel(R) PRO/1000 Network Connection
[    2.262387] e1000 0000:00:08.0 enp0s8: renamed from eth1
[    2.264417] e1000 0000:00:03.0 enp0s3: renamed from eth0
Begin: Loading essential drivers ... [    2.428356] raid6: sse2x1   gen() 13756 MB/s
[    2.476496] raid6: sse2x1   xor()  9974 MB/s
[    2.524096] raid6: sse2x2   gen() 16227 MB/s
[    2.572200] raid6: sse2x2   xor() 11104 MB/s
[    2.620306] raid6: sse2x4   gen() 19449 MB/s
[    2.668428] raid6: sse2x4   xor() 11299 MB/s
[    2.716052] raid6: avx2x1   gen() 24395 MB/s
[    2.764169] raid6: avx2x1   xor() 18340 MB/s
[    2.812277] raid6: avx2x2   gen() 26375 MB/s
[    2.860368] raid6: avx2x2   xor() 20782 MB/s
[    2.908491] raid6: avx2x4   gen() 37184 MB/s
[    2.956108] raid6: avx2x4   xor() 23175 MB/s
[    2.956829] raid6: using algorithm avx2x4 gen() 37184 MB/s
[    2.957632] raid6: .... xor() 23175 MB/s, rmw enabled
[    2.958386] raid6: using avx2x2 recovery algorithm
[    2.960361] xor: automatically using best checksumming function   avx       
[    2.962426] async_tx: api initialized (async)
done.
Begin: Running /scripts/init-premount ... done.
Begin: Mounting root file system ... Begin: Running /scripts/local-top ... done.
Begin: Running /scripts/local-premount ... [    3.005356] Btrfs loaded, crc32c=crc32c-intel
Scanning for Btrfs filesystems
done.
Warning: fsck not present, so skipping root file system
[    3.193667] EXT4-fs (sda1): INFO: recovery required on readonly filesystem
[    3.194613] EXT4-fs (sda1): write access will be enabled during recovery
[    3.633232] EXT4-fs (sda1): orphan cleanup on readonly fs
[    3.696725] EXT4-fs (sda1): 12 orphan inodes deleted
[    3.697605] EXT4-fs (sda1): recovery complete
[    3.699053] EXT4-fs (sda1): mounted filesystem with ordered data mode. Opts: (null)
done.
Begin: Running /scripts/local-bottom ... done.
Begin: Running /scripts/init-bottom ... [    3.783094] random: crng init done
[    3.783717] random: 7 urandom warning(s) missed due to ratelimiting
done.
[    6.790790] ip_tables: (C) 2000-2006 Netfilter Core Team
[    7.013859] systemd[1]: systemd 237 running in system mode. (+PAM +AUDIT +SELINUX +IMA +APPARMOR +SMACK +SYSVINIT +UTMP +LIBCRYPTSETUP +GCRYPT +GNUTLS +ACL +XZ +LZ4 +SECCOMP +BLKID +ELFUTILS +KMOD -IDN2 +IDN -PCRE2 default-hierarchy=hybrid)
[    7.018339] systemd[1]: Detected virtualization oracle.
[    7.019711] systemd[1]: Detected architecture x86-64.

Welcome to [1mUbuntu 18.04.4 LTS[0m!

[    7.060944] systemd[1]: Set hostname to <nexus>.
[    9.970811] systemd[1]: Created slice User and Session Slice.
[[0;32m  OK  [0m] Created slice User and Session Slice.
[    9.972306] systemd[1]: Reached target User and Group Name Lookups.
[[0;32m  OK  [0m] Reached target User and Group Name Lookups.
[    9.973935] systemd[1]: Reached target Swap.
[[0;32m  OK  [0m] Reached target Swap.
[    9.975517] systemd[1]: Created slice System Slice.
[[0;32m  OK  [0m] Created slice System Slice.
[    9.977288] systemd[1]: Listening on Syslog Socket.
[[0;32m  OK  [0m] Listening on Syslog Socket.
[    9.978761] systemd[1]: Listening on LVM2 poll daemon socket.
[[0;32m  OK  [0m] Listening on LVM2 poll daemon socket.
[[0;32m  OK  [0m] Listening on Network Service Netlink Socket.
[[0;32m  OK  [0m] Listening on Journal Socket (/dev/log).
[[0;32m  OK  [0m] Listening on Journal Audit Socket.
[[0;32m  OK  [0m] Listening on udev Control Socket.
[[0;32m  OK  [0m] Reached target Slices.
[[0;32m  OK  [0m] Listening on /dev/initctl Compatibility Named Pipe.
[[0;32m  OK  [0m] Started Forward Password Requests to Wall Directory Watch.
[[0;32m  OK  [0m] Listening on Device-mapper event daemon FIFOs.
[[0;32m  OK  [0m] Listening on LVM2 metadata daemon socket.
[[0;32m  OK  [0m] Listening on udev Kernel Socket.
[[0;32m  OK  [0m] Listening on Journal Socket.
         Starting udev Coldplug all Devices...
         Starting Create list of required stâ€¦ce nodes for the current kernel...
         Starting Uncomplicated firewall...
         Starting Monitoring of LVM2 mirrorsâ€¦ng dmeventd or progress polling...
         Mounting Kernel Debug File System...
         Starting Set the console keyboard layout...
         Mounting POSIX Message Queue File System...
         Starting Remount Root and Kernel File Systems...
         Mounting Huge Pages File System...
         Starting Journal Service...
[[0;32m  OK  [0m] Set up automount Arbitrary Executabâ€¦rmats File System Automount Point.
[[0;32m  OK  [0m] Reached target System Time Synchronized.
[[0;32m  OK  [0m] Created slice system-serial\x2dgetty.slice.
         Starting Load Kernel Modules...
[[0;32m  OK  [0m] Started Uncomplicated firewall.
[[0;32m  OK  [0m] Started udev Coldplug all Devices.
[[0;32m  OK  [0m] Mounted Huge Pages File System.
[[0;32m  OK  [0m] Mounted POSIX Message Queue File System.
[[0;32m  OK  [0m] Mounted Kernel Debug File System.
[[0;32m  OK  [0m] Started Create list of required staâ€¦vice nodes for the current kernel.
         Starting Create Static Device Nodes in /dev...
[   10.602149] EXT4-fs (sda1): re-mounted. Opts: (null)
[[0;32m  OK  [0m] Started Remount Root and Kernel File Systems.
         Starting Load/Save Random Seed...
[[0;32m  OK  [0m] Started Journal Service.
         Starting Flush Journal to Persistent Storage...
[   10.912776] Loading iSCSI transport class v2.0-870.
[   11.184331] systemd-journald[406]: Received request to flush runtime journal from PID 1
[   11.234317] iscsi: registered transport (tcp)
[[0;32m  OK  [0m] Started Set the console keyboard layout.
[[0;32m  OK  [0m] Started Load/Save Random Seed.
[   11.675301] iscsi: registered transport (iser)
[[0;32m  OK  [0m] Started Load Kernel Modules.
         Mounting FUSE Control File System...
         Mounting Kernel Configuration File System...
         Starting Apply Kernel Variables...
[[0;32m  OK  [0m] Mounted FUSE Control File System.
[[0;32m  OK  [0m] Mounted Kernel Configuration File System.
[[0;32m  OK  [0m] Started LVM2 metadata daemon.
[[0;32m  OK  [0m] Started Create Static Device Nodes in /dev.
         Starting udev Kernel Device Manager...
[   12.089821] systemd-journald[406]: File /var/log/journal/30f1a992f4a5435b8840e9424373a876/system.journal corrupted or uncleanly shut down, renaming and replacing.
[[0;32m  OK  [0m] Started Monitoring of LVM2 mirrors,â€¦sing dmeventd or progress polling.
[[0;32m  OK  [0m] Reached target Local File Systems (Pre).
[[0;32m  OK  [0m] Reached target Local File Systems.
         Starting ebtables ruleset management...
         Starting Tell Plymouth To Write Out Runtime Data...
         Starting AppArmor initialization...
         Starting Set console font and keymap...
[[0;32m  OK  [0m] Started Apply Kernel Variables.
[[0;32m  OK  [0m] Started Set console font and keymap.
[[0;32m  OK  [0m] Started Tell Plymouth To Write Out Runtime Data.
[[0;32m  OK  [0m] Started Flush Journal to Persistent Storage.
         Starting Create Volatile Files and Directories...
[[0;32m  OK  [0m] Started udev Kernel Device Manager.
[[0;32m  OK  [0m] Started Dispatch Password Requests to Console Directory Watch.
[[0;32m  OK  [0m] Reached target Local Encrypted Volumes.
[[0;32m  OK  [0m] Found device /dev/ttyS0.
[[0;32m  OK  [0m] Started Create Volatile Files and Directories.
         Starting Update UTMP about System Boot/Shutdown...
[[0;32m  OK  [0m] Started ebtables ruleset management.
[[0;32m  OK  [0m] Started Update UTMP about System Boot/Shutdown.
[[0;32m  OK  [0m] Listening on Load/Save RF Kill Switch Status /dev/rfkill Watch.
[[0;32m  OK  [0m] Started AppArmor initialization.
         Starting Initial cloud-init job (pre-networking)...
[   24.160949] cloud-init[585]: Cloud-init v. 19.4-33-gbb4131a2-0ubuntu1~18.04.1 running 'init-local' at Mon, 04 May 2020 12:19:14 +0000. Up 23.27 seconds.
[[0;32m  OK  [0m] Started Initial cloud-init job (pre-networking).
[[0;32m  OK  [0m] Reached target Network (Pre).
         Starting Network Service...
[[0;32m  OK  [0m] Started Network Service.
         Starting Wait for Network to be Configured...
         Starting Network Name Resolution...
[[0;32m  OK  [0m] Started Network Name Resolution.
[[0;32m  OK  [0m] Reached target Host and Network Name Lookups.
[[0;32m  OK  [0m] Reached target Network.
[[0;32m  OK  [0m] Started Wait for Network to be Configured.
         Starting Initial cloud-init job (metadata service crawler)...
[   27.785138] cloud-init[715]: Cloud-init v. 19.4-33-gbb4131a2-0ubuntu1~18.04.1 running 'init' at Mon, 04 May 2020 12:19:17 +0000. Up 27.08 seconds.
[   27.786946] cloud-init[715]: ci-info: ++++++++++++++++++++++++++++++++++++++Net device info+++++++++++++++++++++++++++++++++++++++
[   27.790642] cloud-init[715]: ci-info: +--------+------+-----------------------------+---------------+--------+-------------------+
[   27.793499] cloud-init[715]: ci-info: | Device |  Up  |           Address           |      Mask     | Scope  |     Hw-Address    |
[   27.797269] cloud-init[715]: ci-info: +--------+------+-----------------------------+---------------+--------+-------------------+
[   27.799409] cloud-init[715]: ci-info: | enp0s3 | True |          10.0.2.15          | 255.255.255.0 | global | 02:2b:21:86:a5:be |
[   27.801363] cloud-init[715]: ci-info: | enp0s3 | True |  fe80::2b:21ff:fe86:a5be/64 |       .       |  link  | 02:2b:21:86:a5:be |
[   27.803361] cloud-init[715]: ci-info: | enp0s8 | True |         172.31.0.252        | 255.255.255.0 | global | 08:00:27:0f:22:e3 |
[   27.805207] cloud-init[715]: ci-info: | enp0s8 | True | fe80::a00:27ff:fe0f:22e3/64 |       .       |  link  | 08:00:27:0f:22:e3 |
[   27.808526] cloud-init[715]: ci-info: |   lo   | True |          127.0.0.1          |   255.0.0.0   |  host  |         .         |
[   27.810306] cloud-init[715]: ci-info: |   lo   | True |           ::1/128           |       .       |  host  |         .         |
[   27.812303] cloud-init[715]: ci-info: +--------+------+-----------------------------+---------------+--------+-------------------+
[   27.813992] cloud-init[715]: ci-info: ++++++++++++++++++++++++++++Route IPv4 info+++++++++++++++++++++++++++++
[   27.815731] cloud-init[715]: ci-info: +-------+-------------+----------+-----------------+-----------+-------+
[   27.817441] cloud-init[715]: ci-info: | Route | Destination | Gateway  |     Genmask     | Interface | Flags |
[   27.819466] cloud-init[715]: ci-info: +-------+-------------+----------+-----------------+-----------+-------+
[   27.821677] cloud-init[715]: ci-info: |   0   |   0.0.0.0   | 10.0.2.2 |     0.0.0.0     |   enp0s3  |   UG  |
[   27.823427] cloud-init[715]: ci-info: |   1   |   10.0.2.0  | 0.0.0.0  |  255.255.255.0  |   enp0s3  |   U   |
[   27.825165] cloud-init[715]: ci-info: |   2   |   10.0.2.2  | 0.0.0.0  | 255.255.255.255 |   enp0s3  |   UH  |
[   27.826887] cloud-init[715]: ci-info: |   3   |  172.31.0.0 | 0.0.0.0  |  255.255.255.0  |   enp0s8  |   U   |
[   27.828360] cloud-init[715]: ci-info: +-------+-------------+----------+-----------------+-----------+-------+
[   27.832297] cloud-init[715]: ci-info: +++++++++++++++++++Route IPv6 info+++++++++++++++++++
[   27.835196] cloud-init[715]: ci-info: +-------+-------------+---------+-----------+-------+
[   27.836636] cloud-init[715]: ci-info: | Route | Destination | Gateway | Interface | Flags |
[   27.837985] cloud-init[715]: ci-info: +-------+-------------+---------+-----------+-------+
[   27.839465] cloud-init[715]: ci-info: |   1   |  fe80::/64  |    ::   |   enp0s8  |   U   |
[   27.841215] cloud-init[715]: ci-info: |   2   |  fe80::/64  |    ::   |   enp0s3  |   U   |
[   27.842529] cloud-init[715]: ci-info: |   4   |    local    |    ::   |   enp0s3  |   U   |
[   27.844209] cloud-init[715]: ci-info: |   5   |    local    |    ::   |   enp0s8  |   U   |
[   27.845507] cloud-init[715]: ci-info: |   6   |   ff00::/8  |    ::   |   enp0s8  |   U   |
[   27.846988] cloud-init[715]: ci-info: |   7   |   ff00::/8  |    ::   |   enp0s3  |   U   |
[   27.848315] cloud-init[715]: ci-info: +-------+-------------+---------+-----------+-------+
[[0;32m  OK  [0m] Started Initial cloud-init job (metadata service crawler).
[[0;32m  OK  [0m] Reached target Network is Online.
[[0;32m  OK  [0m] Reached target Remote File Systems (Pre).
[[0;32m  OK  [0m] Reached target Remote File Systems.
         Starting Availability of block devices...
[[0;32m  OK  [0m] Reached target Cloud-config availability.
[[0;32m  OK  [0m] Reached target System Initialization.
[[0;32m  OK  [0m] Listening on UUID daemon activation socket.
[[0;32m  OK  [0m] Started Message of the Day.
[[0;32m  OK  [0m] Started ACPI Events Check.
[[0;32m  OK  [0m] Reached target Paths.
         Starting Docker Socket for the API.
[[0;32m  OK  [0m] Started Daily Cleanup of Temporary Directories.
[[0;32m  OK  [0m] Listening on ACPID Listen Socket.
[[0;32m  OK  [0m] Listening on Open-iSCSI iscsid Socket.
         Starting LXD - unix socket.
[[0;32m  OK  [0m] Listening on D-Bus System Message Bus Socket.
         Starting Socket activation for snappy daemon.
[[0;32m  OK  [0m] Started Discard unused blocks once a week.
[[0;32m  OK  [0m] Started Daily apt download activities.
[[0;32m  OK  [0m] Started Daily apt upgrade and clean activities.
[[0;32m  OK  [0m] Reached target Timers.
[[0;32m  OK  [0m] Started Availability of block devices.
[[0;32m  OK  [0m] Listening on Docker Socket for the API.
[[0;32m  OK  [0m] Listening on LXD - unix socket.
[[0;32m  OK  [0m] Listening on Socket activation for snappy daemon.
[[0;32m  OK  [0m] Reached target Sockets.
[[0;32m  OK  [0m] Reached target Basic System.
         Starting Permit User Sessions...
         Starting LSB: Record successful boot for GRUB...
         Starting Dispatcher daemon for systemd-networkd...
         Starting LXD - container startup/shutdown...
         Starting Snappy daemon...
         Starting Login Service...
         Starting vboxadd.service...
[[0;32m  OK  [0m] Started Regular background program processing daemon.
         Starting Discard unused blocks...
         Starting Message of the Day...
         Starting LSB: automatic crash report generation...
[[0;32m  OK  [0m] Started Deferred execution scheduler.
[[0;32m  OK  [0m] Started FUSE filesystem for LXC.
[[0;32m  OK  [0m] Started irqbalance daemon.
         Starting System Logging Service...
[[0;32m  OK  [0m] Started D-Bus System Message Bus.
[[0;32m  OK  [0m] Started Login Service.
[[0;32m  OK  [0m] Started Unattended Upgrades Shutdown.
         Starting Docker Application Container Engine...
         Starting A high performance web server and a reverse proxy server...
         Starting Accounts Service...
         Starting OpenBSD Secure Shell server...
[[0;32m  OK  [0m] Started System Logging Service.
[[0;32m  OK  [0m] Started Permit User Sessions.
[[0;32m  OK  [0m] Started Discard unused blocks.
         Starting Hold until boot process finishes up...
         Starting Terminate Plymouth Boot Screen...
[[0;32m  OK  [0m] Started Hold until boot process finishes up.
[[0;32m  OK  [0m] Started Serial Getty on ttyS0.
         Starting Set console scheme...
[[0;32m  OK  [0m] Started Terminate Plymouth Boot Screen.
[[0;32m  OK  [0m] Started Set console scheme.
[[0;32m  OK  [0m] Created slice system-getty.slice.
[[0;32m  OK  [0m] Started Getty on tty1.
[[0;32m  OK  [0m] Reached target Login Prompts.
[[0;32m  OK  [0m] Started Dispatcher daemon for systemd-networkd.
[[0;32m  OK  [0m] Started LSB: automatic crash report generation.
[[0;32m  OK  [0m] Started LSB: Record successful boot for GRUB.
         Starting Authorization Manager...

Ubuntu 18.04.4 LTS nexus ttyS0

nexus login: [   53.557640] cloud-init[1444]: Cloud-init v. 19.4-33-gbb4131a2-0ubuntu1~18.04.1 running 'modules:config' at Mon, 04 May 2020 12:19:43 +0000. Up 52.66 seconds.
[   86.866979] cloud-init[2549]: Cloud-init v. 19.4-33-gbb4131a2-0ubuntu1~18.04.1 running 'modules:final' at Mon, 04 May 2020 12:20:17 +0000. Up 86.66 seconds.
[   86.868324] cloud-init[2549]: Cloud-init v. 19.4-33-gbb4131a2-0ubuntu1~18.04.1 finished at Mon, 04 May 2020 12:20:17 +0000. Datasource DataSourceNoCloud [seed=/dev/sdb][dsmode=net].  Up 86.85 seconds
