[    0.000000] Linux version 4.15.0-99-generic (buildd@lcy01-amd64-013) (gcc version 7.5.0 (Ubuntu 7.5.0-3ubuntu1~18.04)) #100-Ubuntu SMP Wed Apr 22 20:32:56 UTC 2020 (Ubuntu 4.15.0-99.100-generic 4.15.18)
[    0.000000] Command line: BOOT_IMAGE=/boot/vmlinuz-4.15.0-99-generic root=LABEL=cloudimg-rootfs ro console=tty1 console=ttyS0
[    0.000000] KERNEL supported cpus:
[    0.000000]   Intel GenuineIntel
[    0.000000]   AMD AuthenticAMD
[    0.000000]   Centaur CentaurHauls
[    0.000000] x86/fpu: Supporting XSAVE feature 0x001: 'x87 floating point registers'
[    0.000000] x86/fpu: Supporting XSAVE feature 0x002: 'SSE registers'
[    0.000000] x86/fpu: Supporting XSAVE feature 0x004: 'AVX registers'
[    0.000000] x86/fpu: xstate_offset[2]:  576, xstate_sizes[2]:  256
[    0.000000] x86/fpu: Enabled xstate features 0x7, context size is 832 bytes, using 'standard' format.
[    0.000000] e820: BIOS-provided physical RAM map:
[    0.000000] BIOS-e820: [mem 0x0000000000000000-0x000000000009fbff] usable
[    0.000000] BIOS-e820: [mem 0x000000000009fc00-0x000000000009ffff] reserved
[    0.000000] BIOS-e820: [mem 0x00000000000f0000-0x00000000000fffff] reserved
[    0.000000] BIOS-e820: [mem 0x0000000000100000-0x000000007ffeffff] usable
[    0.000000] BIOS-e820: [mem 0x000000007fff0000-0x000000007fffffff] ACPI data
[    0.000000] BIOS-e820: [mem 0x00000000fec00000-0x00000000fec00fff] reserved
[    0.000000] BIOS-e820: [mem 0x00000000fee00000-0x00000000fee00fff] reserved
[    0.000000] BIOS-e820: [mem 0x00000000fffc0000-0x00000000ffffffff] reserved
[    0.000000] NX (Execute Disable) protection: active
[    0.000000] SMBIOS 2.5 present.
[    0.000000] DMI: innotek GmbH VirtualBox/VirtualBox, BIOS VirtualBox 12/01/2006
[    0.000000] Hypervisor detected: KVM
[    0.000000] e820: last_pfn = 0x7fff0 max_arch_pfn = 0x400000000
[    0.000000] MTRR: Disabled
[    0.000000] x86/PAT: MTRRs disabled, skipping PAT initialization too.
[    0.000000] CPU MTRRs all blank - virtualized system.
[    0.000000] x86/PAT: Configuration [0-7]: WB  WT  UC- UC  WB  WT  UC- UC  
[    0.000000] found SMP MP-table at [mem 0x0009fff0-0x0009ffff]
[    0.000000] Scanning 1 areas for low memory corruption
[    0.000000] RAMDISK: [mem 0x35a6b000-0x36d2cfff]
[    0.000000] ACPI: Early table checksum verification disabled
[    0.000000] ACPI: RSDP 0x00000000000E0000 000024 (v02 VBOX  )
[    0.000000] ACPI: XSDT 0x000000007FFF0030 00003C (v01 VBOX   VBOXXSDT 00000001 ASL  00000061)
[    0.000000] ACPI: FACP 0x000000007FFF00F0 0000F4 (v04 VBOX   VBOXFACP 00000001 ASL  00000061)
[    0.000000] ACPI: DSDT 0x000000007FFF0470 002325 (v02 VBOX   VBOXBIOS 00000002 INTL 20100528)
[    0.000000] ACPI: FACS 0x000000007FFF0200 000040
[    0.000000] ACPI: FACS 0x000000007FFF0200 000040
[    0.000000] ACPI: APIC 0x000000007FFF0240 000054 (v02 VBOX   VBOXAPIC 00000001 ASL  00000061)
[    0.000000] ACPI: SSDT 0x000000007FFF02A0 0001CC (v01 VBOX   VBOXCPUT 00000002 INTL 20100528)
[    0.000000] No NUMA configuration found
[    0.000000] Faking a node at [mem 0x0000000000000000-0x000000007ffeffff]
[    0.000000] NODE_DATA(0) allocated [mem 0x7ffc5000-0x7ffeffff]
[    0.000000] kvm-clock: cpu 0, msr 0:7ff44001, primary cpu clock
[    0.000000] kvm-clock: Using msrs 4b564d01 and 4b564d00
[    0.000000] kvm-clock: using sched offset of 6540462042 cycles
[    0.000000] clocksource: kvm-clock: mask: 0xffffffffffffffff max_cycles: 0x1cd42e4dffb, max_idle_ns: 881590591483 ns
[    0.000000] Zone ranges:
[    0.000000]   DMA      [mem 0x0000000000001000-0x0000000000ffffff]
[    0.000000]   DMA32    [mem 0x0000000001000000-0x000000007ffeffff]
[    0.000000]   Normal   empty
[    0.000000]   Device   empty
[    0.000000] Movable zone start for each node
[    0.000000] Early memory node ranges
[    0.000000]   node   0: [mem 0x0000000000001000-0x000000000009efff]
[    0.000000]   node   0: [mem 0x0000000000100000-0x000000007ffeffff]
[    0.000000] Reserved but unavailable: 98 pages
[    0.000000] Initmem setup node 0 [mem 0x0000000000001000-0x000000007ffeffff]
[    0.000000] ACPI: PM-Timer IO Port: 0x4008
[    0.000000] IOAPIC[0]: apic_id 1, version 32, address 0xfec00000, GSI 0-23
[    0.000000] ACPI: INT_SRC_OVR (bus 0 bus_irq 0 global_irq 2 dfl dfl)
[    0.000000] ACPI: INT_SRC_OVR (bus 0 bus_irq 9 global_irq 9 low level)
[    0.000000] Using ACPI (MADT) for SMP configuration information
[    0.000000] smpboot: Allowing 1 CPUs, 0 hotplug CPUs
[    0.000000] PM: Registered nosave memory: [mem 0x00000000-0x00000fff]
[    0.000000] PM: Registered nosave memory: [mem 0x0009f000-0x0009ffff]
[    0.000000] PM: Registered nosave memory: [mem 0x000a0000-0x000effff]
[    0.000000] PM: Registered nosave memory: [mem 0x000f0000-0x000fffff]
[    0.000000] e820: [mem 0x80000000-0xfebfffff] available for PCI devices
[    0.000000] Booting paravirtualized kernel on KVM
[    0.000000] clocksource: refined-jiffies: mask: 0xffffffff max_cycles: 0xffffffff, max_idle_ns: 7645519600211568 ns
[    0.000000] random: get_random_bytes called from start_kernel+0x99/0x4fd with crng_init=0
[    0.000000] setup_percpu: NR_CPUS:8192 nr_cpumask_bits:1 nr_cpu_ids:1 nr_node_ids:1
[    0.000000] percpu: Embedded 45 pages/cpu s147456 r8192 d28672 u2097152
[    0.000000] PV qspinlock hash table entries: 256 (order: 0, 4096 bytes)
[    0.000000] Built 1 zonelists, mobility grouping on.  Total pages: 515961
[    0.000000] Policy zone: DMA32
[    0.000000] Kernel command line: BOOT_IMAGE=/boot/vmlinuz-4.15.0-99-generic root=LABEL=cloudimg-rootfs ro console=tty1 console=ttyS0
[    0.000000] Memory: 2015432K/2096696K available (12300K kernel code, 2481K rwdata, 4268K rodata, 2432K init, 2712K bss, 81264K reserved, 0K cma-reserved)
[    0.000000] SLUB: HWalign=64, Order=0-3, MinObjects=0, CPUs=1, Nodes=1
[    0.000000] Kernel/User page tables isolation: enabled
[    0.000000] ftrace: allocating 39364 entries in 154 pages
[    0.004000] Hierarchical RCU implementation.
[    0.004000] 	RCU restricting CPUs from NR_CPUS=8192 to nr_cpu_ids=1.
[    0.004000] 	Tasks RCU enabled.
[    0.004000] RCU: Adjusting geometry for rcu_fanout_leaf=16, nr_cpu_ids=1
[    0.004000] NR_IRQS: 524544, nr_irqs: 256, preallocated irqs: 16
[    0.004000] Console: colour VGA+ 80x25
[    0.004000] console [tty1] enabled
[    0.004000] console [ttyS0] enabled
[    0.004000] ACPI: Core revision 20170831
[    0.004000] ACPI: 2 ACPI AML tables successfully acquired and loaded
[    0.004000] APIC: Switch to symmetric I/O mode setup
[    0.004000] x2apic enabled
[    0.004000] Switched APIC routing to physical x2apic.
[    0.004000] ..TIMER: vector=0x30 apic1=0 pin1=2 apic2=-1 pin2=-1
[    0.004000] tsc: Detected 4008.004 MHz processor
[    0.004000] Calibrating delay loop (skipped) preset value.. 8016.00 BogoMIPS (lpj=16032016)
[    0.004003] pid_max: default: 32768 minimum: 301
[    0.004563] Security Framework initialized
[    0.005050] Yama: becoming mindful.
[    0.005484] AppArmor: AppArmor initialized
[    0.008000] Dentry cache hash table entries: 262144 (order: 9, 2097152 bytes)
[    0.010944] Inode-cache hash table entries: 131072 (order: 8, 1048576 bytes)
[    0.012021] Mount-cache hash table entries: 4096 (order: 3, 32768 bytes)
[    0.012805] Mountpoint-cache hash table entries: 4096 (order: 3, 32768 bytes)
[    0.016195] process: using mwait in idle threads
[    0.016731] Last level iTLB entries: 4KB 64, 2MB 8, 4MB 8
[    0.017337] Last level dTLB entries: 4KB 64, 2MB 0, 4MB 0, 1GB 4
[    0.018004] Spectre V1 : Mitigation: usercopy/swapgs barriers and __user pointer sanitization
[    0.019023] Spectre V2 : Mitigation: Full generic retpoline
[    0.020001] Spectre V2 : Spectre v2 / SpectreRSB mitigation: Filling RSB on context switch
[    0.020938] Speculative Store Bypass: Vulnerable
[    0.021499] MDS: Vulnerable: Clear CPU buffers attempted, no microcode
[    0.028007] Freeing SMP alternatives memory: 36K
[    0.138114] smpboot: CPU0: Intel(R) Core(TM) i7-6700K CPU @ 4.00GHz (family: 0x6, model: 0x5e, stepping: 0x3)
[    0.139335] Performance Events: unsupported p6 CPU model 94 no PMU driver, software events only.
[    0.140000] Hierarchical SRCU implementation.
[    0.140000] NMI watchdog: Perf event create on CPU 0 failed with -2
[    0.140001] NMI watchdog: Perf NMI watchdog permanently disabled
[    0.140736] smp: Bringing up secondary CPUs ...
[    0.141363] smp: Brought up 1 node, 1 CPU
[    0.141907] smpboot: Max logical packages: 1
[    0.142420] smpboot: Total of 1 processors activated (8016.00 BogoMIPS)
[    0.143286] devtmpfs: initialized
[    0.143742] x86/mm: Memory block size: 128MB
[    0.144149] evm: security.selinux
[    0.144582] evm: security.SMACK64
[    0.145089] evm: security.SMACK64EXEC
[    0.145589] evm: security.SMACK64TRANSMUTE
[    0.146145] evm: security.SMACK64MMAP
[    0.146703] evm: security.apparmor
[    0.147176] evm: security.ima
[    0.147575] evm: security.capability
[    0.148109] clocksource: jiffies: mask: 0xffffffff max_cycles: 0xffffffff, max_idle_ns: 7645041785100000 ns
[    0.149235] futex hash table entries: 256 (order: 2, 16384 bytes)
[    0.149981] pinctrl core: initialized pinctrl subsystem
[    0.150700] RTC time: 19:17:52, date: 06/02/20
[    0.151307] NET: Registered protocol family 16
[    0.152078] audit: initializing netlink subsys (disabled)
[    0.152833] cpuidle: using governor ladder
[    0.153343] cpuidle: using governor menu
[    0.153842] ACPI: bus type PCI registered
[    0.154344] acpiphp: ACPI Hot Plug PCI Controller Driver version: 0.5
[    0.155154] PCI: Using configuration type 1 for base access
[    0.155842] audit: type=2000 audit(1591125480.550:1): state=initialized audit_enabled=0 res=1
[    0.156707] HugeTLB registered 2.00 MiB page size, pre-allocated 0 pages
[    0.157594] ACPI: Added _OSI(Module Device)
[    0.158119] ACPI: Added _OSI(Processor Device)
[    0.158666] ACPI: Added _OSI(3.0 _SCP Extensions)
[    0.160003] ACPI: Added _OSI(Processor Aggregator Device)
[    0.160638] ACPI: Added _OSI(Linux-Dell-Video)
[    0.161186] ACPI: Added _OSI(Linux-Lenovo-NV-HDMI-Audio)
[    0.161935] ACPI: Added _OSI(Linux-HPI-Hybrid-Graphics)
[    0.162936] ACPI: Executed 1 blocks of module-level executable AML code
[    0.166149] ACPI: Interpreter enabled
[    0.166628] ACPI: (supports S0 S5)
[    0.167054] ACPI: Using IOAPIC for interrupt routing
[    0.167803] PCI: Using host bridge windows from ACPI; if necessary, use "pci=nocrs" and report a bug
[    0.168147] ACPI: Enabled 2 GPEs in block 00 to 07
[    0.176780] ACPI: PCI Root Bridge [PCI0] (domain 0000 [bus 00-ff])
[    0.177517] acpi PNP0A03:00: _OSC: OS supports [ASPM ClockPM Segments MSI]
[    0.178739] acpi PNP0A03:00: _OSC: not requesting OS control; OS requires [ExtendedConfig ASPM ClockPM MSI]
[    0.180000] acpi PNP0A03:00: fail to add MMCONFIG information, can't access extended PCI configuration space under this bridge.
[    0.180442] PCI host bridge to bus 0000:00
[    0.181108] pci_bus 0000:00: root bus resource [io  0x0000-0x0cf7 window]
[    0.184004] pci_bus 0000:00: root bus resource [io  0x0d00-0xffff window]
[    0.185105] pci_bus 0000:00: root bus resource [mem 0x000a0000-0x000bffff window]
[    0.186323] pci_bus 0000:00: root bus resource [mem 0x80000000-0xfdffffff window]
[    0.187204] pci_bus 0000:00: root bus resource [bus 00-ff]
[    0.189443] pci 0000:00:01.1: legacy IDE quirk: reg 0x10: [io  0x01f0-0x01f7]
[    0.190395] pci 0000:00:01.1: legacy IDE quirk: reg 0x14: [io  0x03f6]
[    0.191318] pci 0000:00:01.1: legacy IDE quirk: reg 0x18: [io  0x0170-0x0177]
[    0.192003] pci 0000:00:01.1: legacy IDE quirk: reg 0x1c: [io  0x0376]
[    0.210766] pci 0000:00:07.0: quirk: [io  0x4000-0x403f] claimed by PIIX4 ACPI
[    0.211842] pci 0000:00:07.0: quirk: [io  0x4100-0x410f] claimed by PIIX4 SMB
[    0.225047] ACPI: PCI Interrupt Link [LNKA] (IRQs 5 9 10 *11)
[    0.226467] ACPI: PCI Interrupt Link [LNKB] (IRQs 5 9 *10 11)
[    0.227702] ACPI: PCI Interrupt Link [LNKC] (IRQs 5 *9 10 11)
[    0.228149] ACPI: PCI Interrupt Link [LNKD] (IRQs 5 9 10 *11)
[    0.229139] SCSI subsystem initialized
[    0.229693] pci 0000:00:02.0: vgaarb: setting as boot VGA device
[    0.230380] pci 0000:00:02.0: vgaarb: VGA device added: decodes=io+mem,owns=io+mem,locks=none
[    0.231361] pci 0000:00:02.0: vgaarb: bridge control possible
[    0.232002] vgaarb: loaded
[    0.232366] ACPI: bus type USB registered
[    0.232860] usbcore: registered new interface driver usbfs
[    0.233504] usbcore: registered new interface driver hub
[    0.234169] usbcore: registered new device driver usb
[    0.234924] EDAC MC: Ver: 3.0.0
[    0.236270] PCI: Using ACPI for IRQ routing
[    0.237227] NetLabel: Initializing
[    0.237793] NetLabel:  domain hash size = 128
[    0.238482] NetLabel:  protocols = UNLABELED CIPSOv4 CALIPSO
[    0.239360] NetLabel:  unlabeled traffic allowed by default
[    0.240099] clocksource: Switched to clocksource kvm-clock
[    0.256013] VFS: Disk quotas dquot_6.6.0
[    0.257134] VFS: Dquot-cache hash table entries: 512 (order 0, 4096 bytes)
[    0.258018] AppArmor: AppArmor Filesystem Enabled
[    0.258587] pnp: PnP ACPI init
[    0.259698] pnp: PnP ACPI: found 3 devices
[    0.265338] clocksource: acpi_pm: mask: 0xffffff max_cycles: 0xffffff, max_idle_ns: 2085701024 ns
[    0.266779] NET: Registered protocol family 2
[    0.267433] TCP established hash table entries: 16384 (order: 5, 131072 bytes)
[    0.268332] TCP bind hash table entries: 16384 (order: 6, 262144 bytes)
[    0.269100] TCP: Hash tables configured (established 16384 bind 16384)
[    0.269852] UDP hash table entries: 1024 (order: 3, 32768 bytes)
[    0.270542] UDP-Lite hash table entries: 1024 (order: 3, 32768 bytes)
[    0.271289] NET: Registered protocol family 1
[    0.271815] pci 0000:00:00.0: Limiting direct PCI/PCI transfers
[    0.272554] pci 0000:00:01.0: Activating ISA DMA hang workarounds
[    0.273285] pci 0000:00:02.0: Video device with shadowed ROM at [mem 0x000c0000-0x000dffff]
[    0.274375] Unpacking initramfs...
[    0.542473] Freeing initrd memory: 19208K
[    0.543205] clocksource: tsc: mask: 0xffffffffffffffff max_cycles: 0x39c5e55cdd3, max_idle_ns: 440795219181 ns
[    0.544436] platform rtc_cmos: registered platform RTC device (no PNP device found)
[    0.545474] Scanning for low memory corruption every 60 seconds
[    0.546763] Initialise system trusted keyrings
[    0.547317] Key type blacklist registered
[    0.547829] workingset: timestamp_bits=36 max_order=19 bucket_order=0
[    0.549264] zbud: loaded
[    0.549903] squashfs: version 4.0 (2009/01/31) Phillip Lougher
[    0.550653] fuse init (API version 7.26)
[    0.551582] Key type asymmetric registered
[    0.552117] Asymmetric key parser 'x509' registered
[    0.552709] Block layer SCSI generic (bsg) driver version 0.4 loaded (major 246)
[    0.553595] io scheduler noop registered
[    0.554069] io scheduler deadline registered
[    0.554644] io scheduler cfq registered (default)
[    0.555357] ACPI: AC Adapter [AC] (on-line)
[    0.555892] input: Power Button as /devices/LNXSYSTM:00/LNXPWRBN:00/input/input0
[    0.556814] ACPI: Power Button [PWRF]
[    0.557334] input: Sleep Button as /devices/LNXSYSTM:00/LNXSLPBN:00/input/input1
[    0.558208] ACPI: Sleep Button [SLPF]
[    0.558804] Serial: 8250/16550 driver, 32 ports, IRQ sharing enabled
[    0.580136] 00:02: ttyS0 at I/O 0x3f8 (irq = 4, base_baud = 115200) is a 16550A
[    0.581943] Linux agpgart interface v0.103
[    0.583144] loop: module loaded
[    0.583953] scsi host0: ata_piix
[    0.584553] scsi host1: ata_piix
[    0.584988] ata1: PATA max UDMA/33 cmd 0x1f0 ctl 0x3f6 bmdma 0xd000 irq 14
[    0.585781] ata2: PATA max UDMA/33 cmd 0x170 ctl 0x376 bmdma 0xd008 irq 15
[    0.586785] libphy: Fixed MDIO Bus: probed
[    0.587277] tun: Universal TUN/TAP device driver, 1.6
[    0.587911] PPP generic driver version 2.4.2
[    0.588463] ehci_hcd: USB 2.0 'Enhanced' Host Controller (EHCI) Driver
[    0.589222] ehci-pci: EHCI PCI platform driver
[    0.589753] ehci-platform: EHCI generic platform driver
[    0.590375] ohci_hcd: USB 1.1 'Open' Host Controller (OHCI) Driver
[    0.591105] ohci-pci: OHCI PCI platform driver
[    0.591635] ohci-platform: OHCI generic platform driver
[    0.592446] uhci_hcd: USB Universal Host Controller Interface driver
[    0.593196] i8042: PNP: PS/2 Controller [PNP0303:PS2K,PNP0f03:PS2M] at 0x60,0x64 irq 1,12
[    0.594515] serio: i8042 KBD port at 0x60,0x64 irq 1
[    0.595352] serio: i8042 AUX port at 0x60,0x64 irq 12
[    0.596086] mousedev: PS/2 mouse device common for all mice
[    0.597088] input: AT Translated Set 2 keyboard as /devices/platform/i8042/serio0/input/input2
[    0.598402] rtc_cmos rtc_cmos: rtc core: registered rtc_cmos as rtc0
[    0.599236] rtc_cmos rtc_cmos: alarms up to one day, 114 bytes nvram
[    0.600092] i2c /dev entries driver
[    0.600607] device-mapper: uevent: version 1.0.3
[    0.601221] device-mapper: ioctl: 4.37.0-ioctl (2017-09-20) initialised: dm-devel@redhat.com
[    0.602212] ledtrig-cpu: registered to indicate activity on CPUs
[    0.602978] intel_pmc_core:  initialized
[    0.603589] NET: Registered protocol family 10
[    0.605927] Segment Routing with IPv6
[    0.606482] NET: Registered protocol family 17
[    0.607147] Key type dns_resolver registered
[    0.607725] mce: Using 0 MCE banks
[    0.608174] RAS: Correctable Errors collector initialized.
[    0.608883] sched_clock: Marking stable (608160068, 0)->(749332198, -141172130)
[    0.609940] registered taskstats version 1
[    0.610444] Loading compiled-in X.509 certificates
[    0.612497] Loaded X.509 cert 'Build time autogenerated kernel key: 7480108fe56bba9284001dfb9078560125be4684'
[    0.613863] zswap: loaded using pool lzo/zbud
[    0.616355] Key type big_key registered
[    0.617089] Key type trusted registered
[    0.618712] Key type encrypted registered
[    0.619283] AppArmor: AppArmor sha1 policy hashing enabled
[    0.620221] ima: No TPM chip found, activating TPM-bypass! (rc=-19)
[    0.621164] ima: Allocated hash algorithm: sha1
[    0.621868] evm: HMAC attrs: 0x1
[    0.622684]   Magic number: 8:883:292
[    0.623247] tty tty25: hash matches
[    0.623791] rtc_cmos rtc_cmos: setting system clock to 2020-06-02 19:17:53 UTC (1591125473)
[    0.625064] BIOS EDD facility v0.16 2004-Jun-25, 0 devices found
[    0.625877] EDD information not available.
[    0.768318] Freeing unused kernel image memory: 2432K
[    0.776340] Write protecting the kernel read-only data: 20480k
[    0.777470] Freeing unused kernel image memory: 2008K
[    0.778235] Freeing unused kernel image memory: 1876K
[    0.783061] x86/mm: Checked W+X mappings: passed, no W+X pages found.
[    0.783831] x86/mm: Checking user space page tables
[    0.788576] x86/mm: Checked W+X mappings: passed, no W+X pages found.
Loading, please wait...
starting version 237
[    0.849092] e1000: Intel(R) PRO/1000 Network Driver - version 7.3.21-k8-NAPI
[    0.850143] e1000: Copyright (c) 1999-2006 Intel Corporation.
[    0.854370] Fusion MPT base driver 3.04.20
[    0.854922] Copyright (c) 1999-2008 LSI Corporation
[    0.863266] Fusion MPT SPI Host driver 3.04.20
[    0.875083] AVX2 version of gcm_enc/dec engaged.
[    0.875644] AES CTR mode by8 optimization enabled
[    1.076439] input: ImExPS/2 Generic Explorer Mouse as /devices/platform/i8042/serio1/input/input4
[    1.239446] e1000 0000:00:03.0 eth0: (PCI:33MHz:32-bit) 02:2b:21:86:a5:be
[    1.240438] e1000 0000:00:03.0 eth0: Intel(R) PRO/1000 Network Connection
[    1.241768] mptbase: ioc0: Initiating bringup
[    1.336503] ioc0: LSI53C1030 A0: Capabilities={Initiator}
[    1.577346] scsi host2: ioc0: LSI53C1030 A0, FwRev=00000000h, Ports=1, MaxQ=256, IRQ=20
[    1.744313] scsi 2:0:0:0: Direct-Access     VBOX     HARDDISK         1.0  PQ: 0 ANSI: 5
[    1.745428] scsi target2:0:0: Beginning Domain Validation
[    1.747530] scsi target2:0:0: Domain Validation skipping write tests
[    1.748273] scsi target2:0:0: Ending Domain Validation
[    1.748909] scsi target2:0:0: asynchronous
[    1.749631] random: fast init done
[    1.750199] scsi 2:0:1:0: Direct-Access     VBOX     HARDDISK         1.0  PQ: 0 ANSI: 5
[    1.751131] scsi target2:0:1: Beginning Domain Validation
[    1.752227] scsi target2:0:1: Domain Validation skipping write tests
[    1.752953] scsi target2:0:1: Ending Domain Validation
[    1.753597] scsi target2:0:1: asynchronous
[    1.756349] random: systemd-udevd: uninitialized urandom read (16 bytes read)
[    1.757201] random: systemd-udevd: uninitialized urandom read (16 bytes read)
[    1.758000] random: systemd-udevd: uninitialized urandom read (16 bytes read)
[    1.758989] sd 2:0:0:0: [sda] 20971520 512-byte logical blocks: (10.7 GB/10.0 GiB)
[    1.759923] sd 2:0:0:0: [sda] Write Protect is off
[    1.760562] sd 2:0:0:0: [sda] Incomplete mode parameter data
[    1.761211] sd 2:0:0:0: [sda] Assuming drive cache: write through
[    1.762283] sd 2:0:0:0: Attached scsi generic sg0 type 0
[    1.763256] sd 2:0:1:0: [sdb] 20480 512-byte logical blocks: (10.5 MB/10.0 MiB)
[    1.764343] sd 2:0:1:0: [sdb] Write Protect is off
[    1.765108] sd 2:0:1:0: Attached scsi generic sg1 type 0
[    1.765763] sd 2:0:1:0: [sdb] Incomplete mode parameter data
[    1.766436] sd 2:0:1:0: [sdb] Assuming drive cache: write through
[    1.808041]  sda: sda1
[    1.816946] sd 2:0:0:0: [sda] Attached SCSI disk
[    1.866655] sd 2:0:1:0: [sdb] Attached SCSI disk
[    2.115449] e1000 0000:00:08.0 eth1: (PCI:33MHz:32-bit) 08:00:27:94:e6:9f
[    2.116323] e1000 0000:00:08.0 eth1: Intel(R) PRO/1000 Network Connection
[    2.117816] e1000 0000:00:08.0 enp0s8: renamed from eth1
[    2.119536] e1000 0000:00:03.0 enp0s3: renamed from eth0
Begin: Loading essential drivers ... [    3.632109] raid6: sse2x1   gen() 13410 MB/s
[    3.680207] raid6: sse2x1   xor()  9173 MB/s
[    3.728323] raid6: sse2x2   gen() 16612 MB/s
[    3.776439] raid6: sse2x2   xor() 11186 MB/s
[    3.824047] raid6: sse2x4   gen() 19044 MB/s
[    3.872156] raid6: sse2x4   xor() 12006 MB/s
[    3.920277] raid6: avx2x1   gen() 27582 MB/s
[    3.968381] raid6: avx2x1   xor() 19152 MB/s
[    4.016495] raid6: avx2x2   gen() 33196 MB/s
[    4.064145] raid6: avx2x2   xor() 20693 MB/s
[    4.112209] raid6: avx2x4   gen() 37792 MB/s
[    4.160327] raid6: avx2x4   xor() 23527 MB/s
[    4.160970] raid6: using algorithm avx2x4 gen() 37792 MB/s
[    4.161734] raid6: .... xor() 23527 MB/s, rmw enabled
[    4.162415] raid6: using avx2x2 recovery algorithm
[    4.164415] xor: automatically using best checksumming function   avx       
[    4.166465] async_tx: api initialized (async)
done.
Begin: Running /scripts/init-premount ... done.
Begin: Mounting root file system ... Begin: Running /scripts/local-top ... done.
Begin: Running /scripts/local-premount ... [    4.218944] Btrfs loaded, crc32c=crc32c-intel
Scanning for Btrfs filesystems
done.
Warning: fsck not present, so skipping root file system
[    4.791409] EXT4-fs (sda1): mounted filesystem with ordered data mode. Opts: (null)
done.
Begin: Running /scripts/local-bottom ... done.
Begin: Running /scripts/init-bottom ... done.
[    5.905112] random: crng init done
[    5.905710] random: 7 urandom warning(s) missed due to ratelimiting
[    8.412108] ip_tables: (C) 2000-2006 Netfilter Core Team
[    8.763385] systemd[1]: systemd 237 running in system mode. (+PAM +AUDIT +SELINUX +IMA +APPARMOR +SMACK +SYSVINIT +UTMP +LIBCRYPTSETUP +GCRYPT +GNUTLS +ACL +XZ +LZ4 +SECCOMP +BLKID +ELFUTILS +KMOD -IDN2 +IDN -PCRE2 default-hierarchy=hybrid)
[    8.766893] systemd[1]: Detected virtualization oracle.
[    8.767639] systemd[1]: Detected architecture x86-64.

Welcome to [1mUbuntu 18.04.4 LTS[0m!

[    8.819021] systemd[1]: Set hostname to <ubuntu>.
[    9.091930] systemd[1]: Initializing machine ID from random generator.
[    9.092939] systemd[1]: Installed transient /etc/machine-id file.
[   13.354894] systemd[1]: Reached target System Time Synchronized.
[[0;32m  OK  [0m] Reached target System Time Synchronized.
[   13.359081] systemd[1]: Reached target User and Group Name Lookups.
[[0;32m  OK  [0m] Reached target User and Group Name Lookups.
[   13.360519] systemd[1]: Reached target Swap.
[[0;32m  OK  [0m] Reached target Swap.
[   13.361851] systemd[1]: Created slice System Slice.
[[0;32m  OK  [0m] Created slice System Slice.
[[0;32m  OK  [0m] Listening on Device-mapper event daemon FIFOs.
[[0;32m  OK  [0m] Listening on Network Service Netlink Socket.
[[0;32m  OK  [0m] Created slice system-serial\x2dgetty.slice.
[[0;32m  OK  [0m] Listening on Syslog Socket.
[[0;32m  OK  [0m] Listening on Journal Socket (/dev/log).
[[0;32m  OK  [0m] Listening on udev Control Socket.
[[0;32m  OK  [0m] Listening on Journal Audit Socket.
[[0;32m  OK  [0m] Listening on udev Kernel Socket.
[[0;32m  OK  [0m] Listening on Journal Socket.
         Mounting Kernel Debug File System...
         Starting Set the console keyboard layout...
         Mounting POSIX Message Queue File System...
         Starting Create list of required stâ€¦ce nodes for the current kernel...
         Mounting Huge Pages File System...
         Starting Uncomplicated firewall...
[[0;32m  OK  [0m] Listening on LVM2 metadata daemon socket.
[[0;32m  OK  [0m] Started Forward Password Requests to Wall Directory Watch.
         Starting udev Coldplug all Devices...
[[0;32m  OK  [0m] Created slice User and Session Slice.
[[0;32m  OK  [0m] Reached target Slices.
[[0;32m  OK  [0m] Listening on /dev/initctl Compatibility Named Pipe.
         Starting Load Kernel Modules...
[[0;32m  OK  [0m] Set up automount Arbitrary Executabâ€¦rmats File System Automount Point.
[   13.858363] systemd[1]: Listening on LVM2 poll daemon socket.
[[0;32m  OK  [0m] Listening on LVM2 poll daemon socket.
[   13.860136] systemd[1]: Starting Monitoring of LVM2 mirrors, snapshots etc. using dmeventd or progress polling...
         Starting Monitoring of LVM2 mirrorsâ€¦ng dmeventd or progress polling...
[   13.862460] systemd[1]: Starting Remount Root and Kernel File Systems...
         Starting Remount Root and Kernel File Systems...
[   13.864938] systemd[1]: Starting Journal Service...
         Starting Journal Service...
[   13.866833] systemd[1]: Mounted Kernel Debug File System.
[[0;32m  OK  [0m] Mounted Kernel Debug File System.
[   13.872310] systemd[1]: Mounted POSIX Message Queue File System.
[[0;32m  OK  [0m] Mounted POSIX Message Queue File System.
[   13.876324] systemd[1]: Started Create list of required static device nodes for the current kernel.
[[0;32m  OK  [0m] Started Create list of required staâ€¦vice nodes for the current kernel.
[   13.878318] systemd[1]: Mounted Huge Pages File System.
[[0;32m  OK  [0m] Mounted Huge Pages File System.
[   13.879749] systemd[1]: Started Uncomplicated firewall.
[[0;32m  OK  [0m] Started Uncomplicated firewall.
[   13.881552] systemd[1]: Starting Create Static Device Nodes in /dev...
         Starting Create Static Device Nodes in /dev...
[[0;32m  OK  [0m] Started udev Coldplug all Devices.
[[0;32m  OK  [0m] Started Journal Service.
[   14.556751] EXT4-fs (sda1): re-mounted. Opts: (null)
[[0;32m  OK  [0m] Started Remount Root and Kernel File Systems.
         Starting Flush Journal to Persistent Storage...
[   14.695069] Loading iSCSI transport class v2.0-870.
         Starting Load/Save Random Seed...
[   15.014481] systemd-journald[394]: Received request to flush runtime journal from PID 1
[   15.192714] iscsi: registered transport (tcp)
[[0;32m  OK  [0m] Started Load/Save Random Seed.
[[0;32m  OK  [0m] Started Set the console keyboard layout.
[   16.061799] iscsi: registered transport (iser)
[[0;32m  OK  [0m] Started Load Kernel Modules.
         Starting Apply Kernel Variables...
         Mounting FUSE Control File System...
         Mounting Kernel Configuration File System...
[[0;32m  OK  [0m] Mounted FUSE Control File System.
[[0;32m  OK  [0m] Mounted Kernel Configuration File System.
[[0;32m  OK  [0m] Started Flush Journal to Persistent Storage.
[[0;32m  OK  [0m] Started LVM2 metadata daemon.
[[0;32m  OK  [0m] Started Create Static Device Nodes in /dev.
         Starting udev Kernel Device Manager...
[[0;32m  OK  [0m] Started Apply Kernel Variables.
[[0;32m  OK  [0m] Started Monitoring of LVM2 mirrors,â€¦sing dmeventd or progress polling.
[[0;32m  OK  [0m] Reached target Local File Systems (Pre).
[[0;32m  OK  [0m] Reached target Local File Systems.
         Starting ebtables ruleset management...
         Starting Create Volatile Files and Directories...
         Starting Tell Plymouth To Write Out Runtime Data...
         Starting AppArmor initialization...
         Starting Commit a transient machine-id on disk...
         Starting Set console font and keymap...
[[0;32m  OK  [0m] Started Tell Plymouth To Write Out Runtime Data.
[[0;32m  OK  [0m] Started Create Volatile Files and Directories.
         Starting Update UTMP about System Boot/Shutdown...
[[0;32m  OK  [0m] Started Commit a transient machine-id on disk.
[[0;32m  OK  [0m] Started Set console font and keymap.
[[0;32m  OK  [0m] Started udev Kernel Device Manager.
[[0;32m  OK  [0m] Started Dispatch Password Requests to Console Directory Watch.
[[0;32m  OK  [0m] Reached target Local Encrypted Volumes.
[[0;32m  OK  [0m] Started Update UTMP about System Boot/Shutdown.
[[0;32m  OK  [0m] Started ebtables ruleset management.
[[0;32m  OK  [0m] Found device /dev/ttyS0.
[[0;32m  OK  [0m] Listening on Load/Save RF Kill Switch Status /dev/rfkill Watch.
[[0;32m  OK  [0m] Started AppArmor initialization.
         Starting Initial cloud-init job (pre-networking)...
[   39.159247] cloud-init[509]: Cloud-init v. 19.4-33-gbb4131a2-0ubuntu1~18.04.1 running 'init-local' at Tue, 02 Jun 2020 19:18:30 +0000. Up 37.85 seconds.
[[0;32m  OK  [0m] Started Initial cloud-init job (pre-networking).
[[0;32m  OK  [0m] Reached target Network (Pre).
         Starting Network Service...
[[0;32m  OK  [0m] Started Network Service.
         Starting Wait for Network to be Configured...
         Starting Network Name Resolution...
[[0;32m  OK  [0m] Started Network Name Resolution.
[[0;32m  OK  [0m] Reached target Network.
[[0;32m  OK  [0m] Reached target Host and Network Name Lookups.
[[0;32m  OK  [0m] Started Wait for Network to be Configured.
         Starting Initial cloud-init job (metadata service crawler)...
[   41.858981] cloud-init[644]: Cloud-init v. 19.4-33-gbb4131a2-0ubuntu1~18.04.1 running 'init' at Tue, 02 Jun 2020 19:18:34 +0000. Up 41.64 seconds.
[   41.860905] cloud-init[644]: ci-info: ++++++++++++++++++++++++++++++++++++++Net device info+++++++++++++++++++++++++++++++++++++++
[   41.861986] cloud-init[644]: ci-info: +--------+-------+----------------------------+---------------+--------+-------------------+
[   41.864123] cloud-init[644]: ci-info: | Device |   Up  |          Address           |      Mask     | Scope  |     Hw-Address    |
[   41.866988] cloud-init[644]: ci-info: +--------+-------+----------------------------+---------------+--------+-------------------+
[   41.868209] cloud-init[644]: ci-info: | enp0s3 |  True |         10.0.2.15          | 255.255.255.0 | global | 02:2b:21:86:a5:be |
[   41.869266] cloud-init[644]: ci-info: | enp0s3 |  True | fe80::2b:21ff:fe86:a5be/64 |       .       |  link  | 02:2b:21:86:a5:be |
[   41.870299] cloud-init[644]: ci-info: | enp0s8 | False |             .              |       .       |   .    | 08:00:27:94:e6:9f |
[   41.871345] cloud-init[644]: ci-info: |   lo   |  True |         127.0.0.1          |   255.0.0.0   |  host  |         .         |
[   41.872402] cloud-init[644]: ci-info: |   lo   |  True |          ::1/128           |       .       |  host  |         .         |
[   41.873557] cloud-init[644]: ci-info: +--------+-------+----------------------------+---------------+--------+-------------------+
[   41.874605] cloud-init[644]: ci-info: ++++++++++++++++++++++++++++Route IPv4 info+++++++++++++++++++++++++++++
[   41.884472] cloud-init[644]: ci-info: +-------+-------------+----------+-----------------+-----------+-------+
[   41.885619] cloud-init[644]: ci-info: | Route | Destination | Gateway  |     Genmask     | Interface | Flags |
[   41.886913] cloud-init[644]: ci-info: +-------+-------------+----------+-----------------+-----------+-------+
[   41.887887] cloud-init[644]: ci-info: |   0   |   0.0.0.0   | 10.0.2.2 |     0.0.0.0     |   enp0s3  |   UG  |
[   41.888893] cloud-init[644]: ci-info: |   1   |   10.0.2.0  | 0.0.0.0  |  255.255.255.0  |   enp0s3  |   U   |
[   41.889846] cloud-init[644]: ci-info: |   2   |   10.0.2.2  | 0.0.0.0  | 255.255.255.255 |   enp0s3  |   UH  |
[   41.891240] cloud-init[644]: ci-info: +-------+-------------+----------+-----------------+-----------+-------+
[   41.892254] cloud-init[644]: ci-info: +++++++++++++++++++Route IPv6 info+++++++++++++++++++
[   41.893114] cloud-init[644]: ci-info: +-------+-------------+---------+-----------+-------+
[   41.893960] cloud-init[644]: ci-info: | Route | Destination | Gateway | Interface | Flags |
[   41.895047] cloud-init[644]: ci-info: +-------+-------------+---------+-----------+-------+
[   41.896196] cloud-init[644]: ci-info: |   1   |  fe80::/64  |    ::   |   enp0s3  |   U   |
[   41.897631] cloud-init[644]: ci-info: |   3   |    local    |    ::   |   enp0s3  |   U   |
[   41.899143] cloud-init[644]: ci-info: |   4   |   ff00::/8  |    ::   |   enp0s3  |   U   |
[   41.900374] cloud-init[644]: ci-info: +-------+-------------+---------+-----------+-------+
[   46.992000] cloud-init[644]: Generating public/private rsa key pair.
[   46.992766] cloud-init[644]: Your identification has been saved in /etc/ssh/ssh_host_rsa_key.
[   46.993638] cloud-init[644]: Your public key has been saved in /etc/ssh/ssh_host_rsa_key.pub.
[   46.994535] cloud-init[644]: The key fingerprint is:
[   46.996452] cloud-init[644]: SHA256:paBC9k7FLyrpMF6wocfWI8M7DH3CNYi4LcTAskFQDeM root@ubuntu-bionic
[   46.997499] cloud-init[644]: The key's randomart image is:
[   47.000414] cloud-init[644]: +---[RSA 2048]----+
[   47.001015] cloud-init[644]: |=o+o             |
[   47.001559] cloud-init[644]: |+o ...           |
[   47.004394] cloud-init[644]: |=+E.  +   .      |
[   47.005198] cloud-init[644]: |+=..oo o o       |
[   47.006272] cloud-init[644]: |.B..+.. S        |
[   47.007118] cloud-init[644]: |=oO*.. .         |
[   47.016336] cloud-init[644]: |+=X+=            |
[   47.017057] cloud-init[644]: |.*+= .           |
[   47.017751] cloud-init[644]: | .o.             |
[   47.018540] cloud-init[644]: +----[SHA256]-----+
[   47.019226] cloud-init[644]: Generating public/private dsa key pair.
[   47.024211] cloud-init[644]: Your identification has been saved in /etc/ssh/ssh_host_dsa_key.
[   47.024979] cloud-init[644]: Your public key has been saved in /etc/ssh/ssh_host_dsa_key.pub.
[   47.025902] cloud-init[644]: The key fingerprint is:
[   47.026519] cloud-init[644]: SHA256:2wuf7IW11k3eOTXRDUMdtYYwf0k2AqAhkbDxWTY4yGU root@ubuntu-bionic
[   47.036621] cloud-init[644]: The key's randomart image is:
[   47.037330] cloud-init[644]: +---[DSA 1024]----+
[   47.038007] cloud-init[644]: |  .o+E+= ..+.o+*+|
[   47.038742] cloud-init[644]: |   o=+= +   + =oB|
[   47.039499] cloud-init[644]: |   . o..     o *o|
[   47.044532] cloud-init[644]: |              o .|
[   47.045061] cloud-init[644]: |        S   .  .o|
[   47.045576] cloud-init[644]: |         o o o +=|
[   47.046127] cloud-init[644]: |        o o + .o+|
[   47.046636] cloud-init[644]: |         + =    .|
[   47.047142] cloud-init[644]: |         .*      |
[   47.047663] cloud-init[644]: +----[SHA256]-----+
[   47.048217] cloud-init[644]: Generating public/private ecdsa key pair.
[   47.052478] cloud-init[644]: Your identification has been saved in /etc/ssh/ssh_host_ecdsa_key.
[   47.053546] cloud-init[644]: Your public key has been saved in /etc/ssh/ssh_host_ecdsa_key.pub.
[   47.055055] cloud-init[644]: The key fingerprint is:
[   47.056398] cloud-init[644]: SHA256:X4NjNlp4tfX12LD8K4n5qA69aYBa/g8Ml3LITzCQSeg root@ubuntu-bionic
[   47.060396] cloud-init[644]: The key's randomart image is:
[   47.061172] cloud-init[644]: +---[ECDSA 256]---+
[   47.061794] cloud-init[644]: |  ooo            |
[   47.063661] cloud-init[644]: | . o.            |
[   47.064310] cloud-init[644]: |.    o      . o .|
[   47.064994] cloud-init[644]: | E  . + .. o + *o|
[[0;32m  OK  [0m] Started Initial cloud-init job (metadata service crawler).
[[0;32m  OK  [0m] Reached target System Initialization.
[   47.067449] cloud-init[644]: |     =.=S O + + +|
[   47.069825] cloud-init[644]: |     oO..B + . . |
[   47.070709] cloud-init[644]: |    +  =o.. o . .|
[   47.071516] cloud-init[644]: |   . .  o.oo.o  .|
[   47.072566] cloud-init[644]: |      ..+*...... |
[   47.073494] cloud-init[644]: +----[SHA256]-----+
[   47.074084] cloud-init[644]: Generating public/private ed25519 key pair.
[   47.075019] cloud-init[644]: Your identification has been saved in /etc/ssh/ssh_host_ed25519_key.
[   47.075993] cloud-init[644]: Your public key has been saved in /etc/ssh/ssh_host_ed25519_key.pub.
[   47.080915] cloud-init[644]: The key fingerprint is:
[   47.083344] cloud-init[644]: SHA256:Ih5DSDcBJT+6na1j0XUOPBATgeMpQnBz39fuTD/BOXk root@ubuntu-bionic
[   47.085707] cloud-init[644]: The key's randomart image is:
[   47.086898] cloud-init[644]: +--[ED25519 256]--+
[   47.088239] cloud-init[644]: |o *o*o=+         |
[   47.089719] cloud-init[644]: | + Boo.o   .     |
[   47.090309] cloud-init[644]: |. ..+o.o. . .    |
[   47.090829] cloud-init[644]: |. .oo.  =... . o |
[   47.091370] cloud-init[644]: | ...+...S=  o * E|
[   47.091884] cloud-init[644]: |   +.*..  .+ . + |
[   47.092559] cloud-init[644]: |  . +..     o o  |
[   47.093213] cloud-init[644]: |    o.         . |
[   47.093757] cloud-init[644]: |   ...           |
[   47.094350] cloud-init[644]: +----[SHA256]-----+
         Starting LXD - unix socket.
[[0;32m  OK  [0m] Listening on D-Bus System Message Bus Socket.
         Starting Socket activation for snappy daemon.
[[0;32m  OK  [0m] Listening on ACPID Listen Socket.
[[0;32m  OK  [0m] Started Daily apt download activities.
[[0;32m  OK  [0m] Started Daily apt upgrade and clean activities.
[[0;32m  OK  [0m] Started Message of the Day.
[[0;32m  OK  [0m] Started Daily Cleanup of Temporary Directories.
[[0;32m  OK  [0m] Started ACPI Events Check.
[[0;32m  OK  [0m] Reached target Paths.
[[0;32m  OK  [0m] Listening on Open-iSCSI iscsid Socket.
[[0;32m  OK  [0m] Listening on UUID daemon activation socket.
[[0;32m  OK  [0m] Started Discard unused blocks once a week.
[[0;32m  OK  [0m] Reached target Timers.
[[0;32m  OK  [0m] Reached target Network is Online.
         Starting Availability of block devices...
[[0;32m  OK  [0m] Reached target Remote File Systems (Pre).
[[0;32m  OK  [0m] Reached target Remote File Systems.
[[0;32m  OK  [0m] Reached target Cloud-config availability.
[[0;32m  OK  [0m] Listening on LXD - unix socket.
[[0;32m  OK  [0m] Listening on Socket activation for snappy daemon.
[[0;32m  OK  [0m] Reached target Sockets.
[[0;32m  OK  [0m] Reached target Basic System.
         Starting System Logging Service...
         Starting Permit User Sessions...
         Starting LSB: Record successful boot for GRUB...
[[0;32m  OK  [0m] Started D-Bus System Message Bus.
         Starting Dispatcher daemon for systemd-networkd...
[[0;32m  OK  [0m] Started irqbalance daemon.
         Starting LSB: automatic crash report generation...
         Starting Login Service...
         Starting Virtualbox guest utils...
[[0;32m  OK  [0m] Started FUSE filesystem for LXC.
         Starting Pollinate to seed the pseudo random number generator...
         Starting Snappy daemon...
[[0;32m  OK  [0m] Started Deferred execution scheduler.
[[0;32m  OK  [0m] Started Regular background program processing daemon.
         Starting Accounts Service...
         Starting LXD - container startup/shutdown...
[[0;32m  OK  [0m] Started System Logging Service.
[[0;32m  OK  [0m] Started Availability of block devices.
[[0;32m  OK  [0m] Started Permit User Sessions.
         Starting Terminate Plymouth Boot Screen...
         Starting Hold until boot process finishes up...
[[0;32m  OK  [0m] Started Hold until boot process finishes up.
[[0;32m  OK  [0m] Started Serial Getty on ttyS0.
         Starting Set console scheme...
[[0;32m  OK  [0m] Started Terminate Plymouth Boot Screen.
[[0;32m  OK  [0m] Started Login Service.
[[0;32m  OK  [0m] Started Unattended Upgrades Shutdown.
[[0;32m  OK  [0m] Started Set console scheme.
[[0;32m  OK  [0m] Created slice system-getty.slice.
[[0;32m  OK  [0m] Started Getty on tty1.
[[0;32m  OK  [0m] Reached target Login Prompts.
[[0;32m  OK  [0m] Started LSB: automatic crash report generation.
[[0;32m  OK  [0m] Started LSB: Record successful boot for GRUB.
         Starting Authorization Manager...

Ubuntu 18.04.4 LTS ubuntu-bionic ttyS0

ubuntu-bionic login: [   78.738170] cloud-init[1318]: Cloud-init v. 19.4-33-gbb4131a2-0ubuntu1~18.04.1 running 'modules:config' at Tue, 02 Jun 2020 19:19:01 +0000. Up 68.80 seconds.
ci-info: no authorized SSH keys fingerprints found for user ubuntu.
<14>Jun  2 19:19:12 ec2: 
<14>Jun  2 19:19:12 ec2: #############################################################
<14>Jun  2 19:19:12 ec2: -----BEGIN SSH HOST KEY FINGERPRINTS-----
<14>Jun  2 19:19:12 ec2: 1024 SHA256:2wuf7IW11k3eOTXRDUMdtYYwf0k2AqAhkbDxWTY4yGU root@ubuntu-bionic (DSA)
<14>Jun  2 19:19:12 ec2: 256 SHA256:X4NjNlp4tfX12LD8K4n5qA69aYBa/g8Ml3LITzCQSeg root@ubuntu-bionic (ECDSA)
<14>Jun  2 19:19:12 ec2: 256 SHA256:Ih5DSDcBJT+6na1j0XUOPBATgeMpQnBz39fuTD/BOXk root@ubuntu-bionic (ED25519)
<14>Jun  2 19:19:12 ec2: 2048 SHA256:paBC9k7FLyrpMF6wocfWI8M7DH3CNYi4LcTAskFQDeM root@ubuntu-bionic (RSA)
<14>Jun  2 19:19:12 ec2: -----END SSH HOST KEY FINGERPRINTS-----
<14>Jun  2 19:19:12 ec2: #############################################################
-----BEGIN SSH HOST KEY KEYS-----
ecdsa-sha2-nistp256 AAAAE2VjZHNhLXNoYTItbmlzdHAyNTYAAAAIbmlzdHAyNTYAAABBBJzmoiZgaoZNeKpURtw9wtMQwKiLBqwlutkKVSDwNmbnjeAgqHCn+7AH6lx/wNe0jTAiLAgq6VJ1vP4t4ROi5wE= root@ubuntu-bionic
ssh-ed25519 AAAAC3NzaC1lZDI1NTE5AAAAILNs9qW+IA55Mp2I6u8Vsl7OE6mBnS2MND9ePU3uD6Vq root@ubuntu-bionic
ssh-rsa AAAAB3NzaC1yc2EAAAADAQABAAABAQCiiqTd/r3YGg6zK26jQ4CdOfrjwxQ8pkgOynEBBJBZb82AsIkx77KfgHzhsc/RBI7UIwI9vgtqAhphE9gyAu+qtvNxOrHCCBQkp9ZSE/KUbi0j6DeFUaoXQblkBhel5t833rN4RwxR8oYBWMmyeXhzCaitgdKZe5v67tFOQ+qsQUzzTBtDqhWIUPHok8FI69/EdKRnB5eVQkRxXyikuZct7xNjpeL8Hllpfpo/usDCTeKJ9QOCMtKc/6814y0awE8pjuzQC5NDCzV/YBAIfzUtBudoYQgbo8gAUZ91JrS7H99sBfbSk7kCiDKHzvLLQHm6GIgHO6WhpHDbjibuBEXl root@ubuntu-bionic
-----END SSH HOST KEY KEYS-----
[   79.566318] cloud-init[1697]: Cloud-init v. 19.4-33-gbb4131a2-0ubuntu1~18.04.1 running 'modules:final' at Tue, 02 Jun 2020 19:19:12 +0000. Up 79.20 seconds.
[   79.567795] cloud-init[1697]: ci-info: no authorized SSH keys fingerprints found for user ubuntu.
[   79.568839] cloud-init[1697]: Cloud-init v. 19.4-33-gbb4131a2-0ubuntu1~18.04.1 finished at Tue, 02 Jun 2020 19:19:12 +0000. Datasource DataSourceNoCloud [seed=/dev/sdb][dsmode=net].  Up 79.55 seconds
