[    0.000000] Linux version 4.15.0-106-generic (buildd@lcy01-amd64-016) (gcc version 7.5.0 (Ubuntu 7.5.0-3ubuntu1~18.04)) #107-Ubuntu SMP Thu Jun 4 11:27:52 UTC 2020 (Ubuntu 4.15.0-106.107-generic 4.15.18)
[    0.000000] Command line: BOOT_IMAGE=/boot/vmlinuz-4.15.0-106-generic root=LABEL=cloudimg-rootfs ro console=tty1 console=ttyS0
[    0.000000] KERNEL supported cpus:
[    0.000000]   Intel GenuineIntel
[    0.000000]   AMD AuthenticAMD
[    0.000000]   Centaur CentaurHauls
[    0.000000] x86/fpu: Supporting XSAVE feature 0x001: 'x87 floating point registers'
[    0.000000] x86/fpu: Supporting XSAVE feature 0x002: 'SSE registers'
[    0.000000] x86/fpu: Supporting XSAVE feature 0x004: 'AVX registers'
[    0.000000] x86/fpu: xstate_offset[2]:  576, xstate_sizes[2]:  256
[    0.000000] x86/fpu: Enabled xstate features 0x7, context size is 832 bytes, using 'standard' format.
[    0.000000] e820: BIOS-provided physical RAM map:
[    0.000000] BIOS-e820: [mem 0x0000000000000000-0x000000000009fbff] usable
[    0.000000] BIOS-e820: [mem 0x000000000009fc00-0x000000000009ffff] reserved
[    0.000000] BIOS-e820: [mem 0x00000000000f0000-0x00000000000fffff] reserved
[    0.000000] BIOS-e820: [mem 0x0000000000100000-0x000000007ffeffff] usable
[    0.000000] BIOS-e820: [mem 0x000000007fff0000-0x000000007fffffff] ACPI data
[    0.000000] BIOS-e820: [mem 0x00000000fec00000-0x00000000fec00fff] reserved
[    0.000000] BIOS-e820: [mem 0x00000000fee00000-0x00000000fee00fff] reserved
[    0.000000] BIOS-e820: [mem 0x00000000fffc0000-0x00000000ffffffff] reserved
[    0.000000] NX (Execute Disable) protection: active
[    0.000000] SMBIOS 2.5 present.
[    0.000000] DMI: innotek GmbH VirtualBox/VirtualBox, BIOS VirtualBox 12/01/2006
[    0.000000] Hypervisor detected: KVM
[    0.000000] e820: last_pfn = 0x7fff0 max_arch_pfn = 0x400000000
[    0.000000] MTRR: Disabled
[    0.000000] x86/PAT: MTRRs disabled, skipping PAT initialization too.
[    0.000000] CPU MTRRs all blank - virtualized system.
[    0.000000] x86/PAT: Configuration [0-7]: WB  WT  UC- UC  WB  WT  UC- UC  
[    0.000000] found SMP MP-table at [mem 0x0009fff0-0x0009ffff]
[    0.000000] Scanning 1 areas for low memory corruption
[    0.000000] RAMDISK: [mem 0x35a6b000-0x36d2cfff]
[    0.000000] ACPI: Early table checksum verification disabled
[    0.000000] ACPI: RSDP 0x00000000000E0000 000024 (v02 VBOX  )
[    0.000000] ACPI: XSDT 0x000000007FFF0030 00003C (v01 VBOX   VBOXXSDT 00000001 ASL  00000061)
[    0.000000] ACPI: FACP 0x000000007FFF00F0 0000F4 (v04 VBOX   VBOXFACP 00000001 ASL  00000061)
[    0.000000] ACPI: DSDT 0x000000007FFF0470 002325 (v02 VBOX   VBOXBIOS 00000002 INTL 20190509)
[    0.000000] ACPI: FACS 0x000000007FFF0200 000040
[    0.000000] ACPI: FACS 0x000000007FFF0200 000040
[    0.000000] ACPI: APIC 0x000000007FFF0240 000054 (v02 VBOX   VBOXAPIC 00000001 ASL  00000061)
[    0.000000] ACPI: SSDT 0x000000007FFF02A0 0001CC (v01 VBOX   VBOXCPUT 00000002 INTL 20190509)
[    0.000000] No NUMA configuration found
[    0.000000] Faking a node at [mem 0x0000000000000000-0x000000007ffeffff]
[    0.000000] NODE_DATA(0) allocated [mem 0x7ffc5000-0x7ffeffff]
[    0.000000] kvm-clock: cpu 0, msr 0:7ff44001, primary cpu clock
[    0.000000] kvm-clock: Using msrs 4b564d01 and 4b564d00
[    0.000000] kvm-clock: using sched offset of 3078640967 cycles
[    0.000000] clocksource: kvm-clock: mask: 0xffffffffffffffff max_cycles: 0x1cd42e4dffb, max_idle_ns: 881590591483 ns
[    0.000000] Zone ranges:
[    0.000000]   DMA      [mem 0x0000000000001000-0x0000000000ffffff]
[    0.000000]   DMA32    [mem 0x0000000001000000-0x000000007ffeffff]
[    0.000000]   Normal   empty
[    0.000000]   Device   empty
[    0.000000] Movable zone start for each node
[    0.000000] Early memory node ranges
[    0.000000]   node   0: [mem 0x0000000000001000-0x000000000009efff]
[    0.000000]   node   0: [mem 0x0000000000100000-0x000000007ffeffff]
[    0.000000] Reserved but unavailable: 98 pages
[    0.000000] Initmem setup node 0 [mem 0x0000000000001000-0x000000007ffeffff]
[    0.000000] ACPI: PM-Timer IO Port: 0x4008
[    0.000000] IOAPIC[0]: apic_id 1, version 32, address 0xfec00000, GSI 0-23
[    0.000000] ACPI: INT_SRC_OVR (bus 0 bus_irq 0 global_irq 2 dfl dfl)
[    0.000000] ACPI: INT_SRC_OVR (bus 0 bus_irq 9 global_irq 9 low level)
[    0.000000] Using ACPI (MADT) for SMP configuration information
[    0.000000] smpboot: Allowing 1 CPUs, 0 hotplug CPUs
[    0.000000] PM: Registered nosave memory: [mem 0x00000000-0x00000fff]
[    0.000000] PM: Registered nosave memory: [mem 0x0009f000-0x0009ffff]
[    0.000000] PM: Registered nosave memory: [mem 0x000a0000-0x000effff]
[    0.000000] PM: Registered nosave memory: [mem 0x000f0000-0x000fffff]
[    0.000000] e820: [mem 0x80000000-0xfebfffff] available for PCI devices
[    0.000000] Booting paravirtualized kernel on KVM
[    0.000000] clocksource: refined-jiffies: mask: 0xffffffff max_cycles: 0xffffffff, max_idle_ns: 7645519600211568 ns
[    0.000000] random: get_random_bytes called from start_kernel+0x99/0x4fd with crng_init=0
[    0.000000] setup_percpu: NR_CPUS:8192 nr_cpumask_bits:1 nr_cpu_ids:1 nr_node_ids:1
[    0.000000] percpu: Embedded 45 pages/cpu s147456 r8192 d28672 u2097152
[    0.000000] PV qspinlock hash table entries: 256 (order: 0, 4096 bytes)
[    0.000000] Built 1 zonelists, mobility grouping on.  Total pages: 515961
[    0.000000] Policy zone: DMA32
[    0.000000] Kernel command line: BOOT_IMAGE=/boot/vmlinuz-4.15.0-106-generic root=LABEL=cloudimg-rootfs ro console=tty1 console=ttyS0
[    0.000000] Memory: 2015416K/2096696K available (12300K kernel code, 2481K rwdata, 4272K rodata, 2436K init, 2720K bss, 81280K reserved, 0K cma-reserved)
[    0.000000] SLUB: HWalign=64, Order=0-3, MinObjects=0, CPUs=1, Nodes=1
[    0.000000] Kernel/User page tables isolation: enabled
[    0.000000] ftrace: allocating 39378 entries in 154 pages
[    0.004000] Hierarchical RCU implementation.
[    0.004000] 	RCU restricting CPUs from NR_CPUS=8192 to nr_cpu_ids=1.
[    0.004000] 	Tasks RCU enabled.
[    0.004000] RCU: Adjusting geometry for rcu_fanout_leaf=16, nr_cpu_ids=1
[    0.004000] NR_IRQS: 524544, nr_irqs: 256, preallocated irqs: 16
[    0.004000] Console: colour VGA+ 80x25
[    0.004000] console [tty1] enabled
[    0.004000] console [ttyS0] enabled
[    0.004000] ACPI: Core revision 20170831
[    0.004000] ACPI: 2 ACPI AML tables successfully acquired and loaded
[    0.004000] APIC: Switch to symmetric I/O mode setup
[    0.004000] x2apic enabled
[    0.004000] Switched APIC routing to physical x2apic.
[    0.004000] ..TIMER: vector=0x30 apic1=0 pin1=2 apic2=-1 pin2=-1
[    0.004000] tsc: Detected 4008.000 MHz processor
[    0.004000] Calibrating delay loop (skipped) preset value.. 8016.00 BogoMIPS (lpj=16032000)
[    0.004004] pid_max: default: 32768 minimum: 301
[    0.004575] Security Framework initialized
[    0.005045] Yama: becoming mindful.
[    0.005479] AppArmor: AppArmor initialized
[    0.006425] Dentry cache hash table entries: 262144 (order: 9, 2097152 bytes)
[    0.008023] Inode-cache hash table entries: 131072 (order: 8, 1048576 bytes)
[    0.008785] Mount-cache hash table entries: 4096 (order: 3, 32768 bytes)
[    0.009487] Mountpoint-cache hash table entries: 4096 (order: 3, 32768 bytes)
[    0.010610] process: using mwait in idle threads
[    0.011162] Last level iTLB entries: 4KB 64, 2MB 8, 4MB 8
[    0.011775] Last level dTLB entries: 4KB 64, 2MB 0, 4MB 0, 1GB 4
[    0.012003] Spectre V1 : Mitigation: usercopy/swapgs barriers and __user pointer sanitization
[    0.012943] Spectre V2 : Mitigation: Full generic retpoline
[    0.013550] Spectre V2 : Spectre v2 / SpectreRSB mitigation: Filling RSB on context switch
[    0.014471] Speculative Store Bypass: Vulnerable
[    0.015029] SRBDS: Unknown: Dependent on hypervisor status
[    0.015609] MDS: Mitigation: Clear CPU buffers
[    0.028070] Freeing SMP alternatives memory: 36K
[    0.137657] smpboot: CPU0: Intel(R) Core(TM) i7-6700K CPU @ 4.00GHz (family: 0x6, model: 0x5e, stepping: 0x3)
[    0.138886] Performance Events: unsupported p6 CPU model 94 no PMU driver, software events only.
[    0.139884] Hierarchical SRCU implementation.
[    0.140000] NMI watchdog: Perf event create on CPU 0 failed with -2
[    0.140000] NMI watchdog: Perf NMI watchdog permanently disabled
[    0.140049] smp: Bringing up secondary CPUs ...
[    0.140741] smp: Brought up 1 node, 1 CPU
[    0.141363] smpboot: Max logical packages: 1
[    0.142169] smpboot: Total of 1 processors activated (8016.00 BogoMIPS)
[    0.143398] devtmpfs: initialized
[    0.144046] x86/mm: Memory block size: 128MB
[    0.144675] evm: security.selinux
[    0.145280] evm: security.SMACK64
[    0.145719] evm: security.SMACK64EXEC
[    0.146196] evm: security.SMACK64TRANSMUTE
[    0.148006] evm: security.SMACK64MMAP
[    0.148435] evm: security.apparmor
[    0.148816] evm: security.ima
[    0.149157] evm: security.capability
[    0.149666] clocksource: jiffies: mask: 0xffffffff max_cycles: 0xffffffff, max_idle_ns: 7645041785100000 ns
[    0.150685] futex hash table entries: 256 (order: 2, 16384 bytes)
[    0.151383] pinctrl core: initialized pinctrl subsystem
[    0.152075] RTC time: 11:01:24, date: 06/23/20
[    0.152645] NET: Registered protocol family 16
[    0.153198] audit: initializing netlink subsys (disabled)
[    0.153859] cpuidle: using governor ladder
[    0.154388] cpuidle: using governor menu
[    0.154889] ACPI: bus type PCI registered
[    0.155346] acpiphp: ACPI Hot Plug PCI Controller Driver version: 0.5
[    0.156064] PCI: Using configuration type 1 for base access
[    0.156697] audit: type=2000 audit(1592910088.443:1): state=initialized audit_enabled=0 res=1
[    0.158537] HugeTLB registered 2.00 MiB page size, pre-allocated 0 pages
[    0.159635] ACPI: Added _OSI(Module Device)
[    0.160008] ACPI: Added _OSI(Processor Device)
[    0.160660] ACPI: Added _OSI(3.0 _SCP Extensions)
[    0.161325] ACPI: Added _OSI(Processor Aggregator Device)
[    0.161957] ACPI: Added _OSI(Linux-Dell-Video)
[    0.162440] ACPI: Added _OSI(Linux-Lenovo-NV-HDMI-Audio)
[    0.163058] ACPI: Added _OSI(Linux-HPI-Hybrid-Graphics)
[    0.164214] ACPI: Executed 1 blocks of module-level executable AML code
[    0.167123] ACPI: Interpreter enabled
[    0.167581] ACPI: (supports S0 S5)
[    0.168007] ACPI: Using IOAPIC for interrupt routing
[    0.168754] PCI: Using host bridge windows from ACPI; if necessary, use "pci=nocrs" and report a bug
[    0.169944] ACPI: Enabled 2 GPEs in block 00 to 07
[    0.175085] ACPI: PCI Root Bridge [PCI0] (domain 0000 [bus 00-ff])
[    0.175876] acpi PNP0A03:00: _OSC: OS supports [ASPM ClockPM Segments MSI]
[    0.176400] acpi PNP0A03:00: _OSC: not requesting OS control; OS requires [ExtendedConfig ASPM ClockPM MSI]
[    0.177448] acpi PNP0A03:00: fail to add MMCONFIG information, can't access extended PCI configuration space under this bridge.
[    0.179048] PCI host bridge to bus 0000:00
[    0.180004] pci_bus 0000:00: root bus resource [io  0x0000-0x0cf7 window]
[    0.180712] pci_bus 0000:00: root bus resource [io  0x0d00-0xffff window]
[    0.181434] pci_bus 0000:00: root bus resource [mem 0x000a0000-0x000bffff window]
[    0.182247] pci_bus 0000:00: root bus resource [mem 0x80000000-0xfdffffff window]
[    0.183065] pci_bus 0000:00: root bus resource [bus 00-ff]
[    0.185165] pci 0000:00:01.1: legacy IDE quirk: reg 0x10: [io  0x01f0-0x01f7]
[    0.185974] pci 0000:00:01.1: legacy IDE quirk: reg 0x14: [io  0x03f6]
[    0.186669] pci 0000:00:01.1: legacy IDE quirk: reg 0x18: [io  0x0170-0x0177]
[    0.187973] pci 0000:00:01.1: legacy IDE quirk: reg 0x1c: [io  0x0376]
[    0.210177] pci 0000:00:07.0: quirk: [io  0x4000-0x403f] claimed by PIIX4 ACPI
[    0.212018] pci 0000:00:07.0: quirk: [io  0x4100-0x410f] claimed by PIIX4 SMB
[    0.224029] ACPI: PCI Interrupt Link [LNKA] (IRQs 5 9 10 *11)
[    0.225041] ACPI: PCI Interrupt Link [LNKB] (IRQs 5 9 *10 11)
[    0.225975] ACPI: PCI Interrupt Link [LNKC] (IRQs 5 *9 10 11)
[    0.226862] ACPI: PCI Interrupt Link [LNKD] (IRQs 5 9 10 *11)
[    0.228000] SCSI subsystem initialized
[    0.228107] pci 0000:00:02.0: vgaarb: setting as boot VGA device
[    0.228842] pci 0000:00:02.0: vgaarb: VGA device added: decodes=io+mem,owns=io+mem,locks=none
[    0.229896] pci 0000:00:02.0: vgaarb: bridge control possible
[    0.230616] vgaarb: loaded
[    0.230994] ACPI: bus type USB registered
[    0.231481] usbcore: registered new interface driver usbfs
[    0.232015] usbcore: registered new interface driver hub
[    0.232599] usbcore: registered new device driver usb
[    0.233216] EDAC MC: Ver: 3.0.0
[    0.233875] PCI: Using ACPI for IRQ routing
[    0.234556] NetLabel: Initializing
[    0.234984] NetLabel:  domain hash size = 128
[    0.235474] NetLabel:  protocols = UNLABELED CIPSOv4 CALIPSO
[    0.236041] NetLabel:  unlabeled traffic allowed by default
[    0.237249] clocksource: Switched to clocksource kvm-clock
[    0.245520] VFS: Disk quotas dquot_6.6.0
[    0.246087] VFS: Dquot-cache hash table entries: 512 (order 0, 4096 bytes)
[    0.247079] AppArmor: AppArmor Filesystem Enabled
[    0.247725] pnp: PnP ACPI init
[    0.248894] pnp: PnP ACPI: found 3 devices
[    0.255008] clocksource: acpi_pm: mask: 0xffffff max_cycles: 0xffffff, max_idle_ns: 2085701024 ns
[    0.256039] NET: Registered protocol family 2
[    0.256747] TCP established hash table entries: 16384 (order: 5, 131072 bytes)
[    0.257759] TCP bind hash table entries: 16384 (order: 6, 262144 bytes)
[    0.258640] TCP: Hash tables configured (established 16384 bind 16384)
[    0.259555] UDP hash table entries: 1024 (order: 3, 32768 bytes)
[    0.260268] UDP-Lite hash table entries: 1024 (order: 3, 32768 bytes)
[    0.261079] NET: Registered protocol family 1
[    0.261616] pci 0000:00:00.0: Limiting direct PCI/PCI transfers
[    0.262353] pci 0000:00:01.0: Activating ISA DMA hang workarounds
[    0.263136] pci 0000:00:02.0: Video device with shadowed ROM at [mem 0x000c0000-0x000dffff]
[    0.264240] Unpacking initramfs...
[    0.474079] Freeing initrd memory: 19208K
[    0.479315] clocksource: tsc: mask: 0xffffffffffffffff max_cycles: 0x39c5e21a6f1, max_idle_ns: 440795312983 ns
[    0.480505] platform rtc_cmos: registered platform RTC device (no PNP device found)
[    0.481361] Scanning for low memory corruption every 60 seconds
[    0.482341] Initialise system trusted keyrings
[    0.482839] Key type blacklist registered
[    0.483304] workingset: timestamp_bits=36 max_order=19 bucket_order=0
[    0.484638] zbud: loaded
[    0.485286] squashfs: version 4.0 (2009/01/31) Phillip Lougher
[    0.485999] fuse init (API version 7.26)
[    0.487065] Key type asymmetric registered
[    0.487604] Asymmetric key parser 'x509' registered
[    0.488201] Block layer SCSI generic (bsg) driver version 0.4 loaded (major 246)
[    0.489082] io scheduler noop registered
[    0.489550] io scheduler deadline registered
[    0.490079] io scheduler cfq registered (default)
[    0.490931] ACPI: AC Adapter [AC] (on-line)
[    0.491572] input: Power Button as /devices/LNXSYSTM:00/LNXPWRBN:00/input/input0
[    0.492712] ACPI: Power Button [PWRF]
[    0.493300] input: Sleep Button as /devices/LNXSYSTM:00/LNXSLPBN:00/input/input1
[    0.494113] ACPI: Sleep Button [SLPF]
[    0.494728] Serial: 8250/16550 driver, 32 ports, IRQ sharing enabled
[    0.516024] 00:02: ttyS0 at I/O 0x3f8 (irq = 4, base_baud = 115200) is a 16550A
[    0.517767] Linux agpgart interface v0.103
[    0.518890] loop: module loaded
[    0.519570] scsi host0: ata_piix
[    0.520003] scsi host1: ata_piix
[    0.520414] ata1: PATA max UDMA/33 cmd 0x1f0 ctl 0x3f6 bmdma 0xd000 irq 14
[    0.521254] ata2: PATA max UDMA/33 cmd 0x170 ctl 0x376 bmdma 0xd008 irq 15
[    0.522166] libphy: Fixed MDIO Bus: probed
[    0.522622] tun: Universal TUN/TAP device driver, 1.6
[    0.523193] PPP generic driver version 2.4.2
[    0.523836] ehci_hcd: USB 2.0 'Enhanced' Host Controller (EHCI) Driver
[    0.524628] ehci-pci: EHCI PCI platform driver
[    0.525157] ehci-platform: EHCI generic platform driver
[    0.525759] ohci_hcd: USB 1.1 'Open' Host Controller (OHCI) Driver
[    0.526422] ohci-pci: OHCI PCI platform driver
[    0.526945] ohci-platform: OHCI generic platform driver
[    0.527653] uhci_hcd: USB Universal Host Controller Interface driver
[    0.528779] i8042: PNP: PS/2 Controller [PNP0303:PS2K,PNP0f03:PS2M] at 0x60,0x64 irq 1,12
[    0.530338] serio: i8042 KBD port at 0x60,0x64 irq 1
[    0.531023] serio: i8042 AUX port at 0x60,0x64 irq 12
[    0.531766] mousedev: PS/2 mouse device common for all mice
[    0.532731] input: AT Translated Set 2 keyboard as /devices/platform/i8042/serio0/input/input2
[    0.534105] rtc_cmos rtc_cmos: rtc core: registered rtc_cmos as rtc0
[    0.534810] rtc_cmos rtc_cmos: alarms up to one day, 114 bytes nvram
[    0.535635] i2c /dev entries driver
[    0.536109] device-mapper: uevent: version 1.0.3
[    0.536745] device-mapper: ioctl: 4.37.0-ioctl (2017-09-20) initialised: dm-devel@redhat.com
[    0.537734] ledtrig-cpu: registered to indicate activity on CPUs
[    0.538503] intel_pmc_core:  initialized
[    0.539107] NET: Registered protocol family 10
[    0.542189] Segment Routing with IPv6
[    0.542745] NET: Registered protocol family 17
[    0.543358] Key type dns_resolver registered
[    0.544002] mce: Using 0 MCE banks
[    0.544508] RAS: Correctable Errors collector initialized.
[    0.545226] sched_clock: Marking stable (544490550, 0)->(651769760, -107279210)
[    0.546273] registered taskstats version 1
[    0.546846] Loading compiled-in X.509 certificates
[    0.549024] Loaded X.509 cert 'Build time autogenerated kernel key: b1772ce3e036cbf6bf2b7e9ed9be0f8806d61091'
[    0.550102] zswap: loaded using pool lzo/zbud
[    0.552504] Key type big_key registered
[    0.552954] Key type trusted registered
[    0.554295] Key type encrypted registered
[    0.554785] AppArmor: AppArmor sha1 policy hashing enabled
[    0.555378] ima: No TPM chip found, activating TPM-bypass! (rc=-19)
[    0.556085] ima: Allocated hash algorithm: sha1
[    0.556705] evm: HMAC attrs: 0x1
[    0.557374]   Magic number: 8:854:24
[    0.557843] misc cpu_dma_latency: hash matches
[    0.558469] rtc_cmos rtc_cmos: setting system clock to 2020-06-23 11:01:24 UTC (1592910084)
[    0.559474] BIOS EDD facility v0.16 2004-Jun-25, 0 devices found
[    0.560113] EDD information not available.
[    0.703942] Freeing unused kernel image memory: 2436K
[    0.712043] Write protecting the kernel read-only data: 20480k
[    0.713060] Freeing unused kernel image memory: 2008K
[    0.713839] Freeing unused kernel image memory: 1872K
[    0.719515] x86/mm: Checked W+X mappings: passed, no W+X pages found.
[    0.720237] x86/mm: Checking user space page tables
[    0.725972] x86/mm: Checked W+X mappings: passed, no W+X pages found.
Loading, please wait...
starting version 237
[    0.804269] e1000: Intel(R) PRO/1000 Network Driver - version 7.3.21-k8-NAPI
[    0.805229] e1000: Copyright (c) 1999-2006 Intel Corporation.
[    0.809449] Fusion MPT base driver 3.04.20
[    0.809964] Copyright (c) 1999-2008 LSI Corporation
[    0.817759] Fusion MPT SPI Host driver 3.04.20
[    0.839799] AVX2 version of gcm_enc/dec engaged.
[    0.840500] AES CTR mode by8 optimization enabled
[    1.017084] input: ImExPS/2 Generic Explorer Mouse as /devices/platform/i8042/serio1/input/input4
[    1.166719] e1000 0000:00:03.0 eth0: (PCI:33MHz:32-bit) 02:08:97:ad:f6:aa
[    1.167483] e1000 0000:00:03.0 eth0: Intel(R) PRO/1000 Network Connection
[    1.168818] mptbase: ioc0: Initiating bringup
[    1.264136] ioc0: LSI53C1030 A0: Capabilities={Initiator}
[    1.504614] scsi host2: ioc0: LSI53C1030 A0, FwRev=00000000h, Ports=1, MaxQ=256, IRQ=20
[    1.672199] scsi 2:0:0:0: Direct-Access     VBOX     HARDDISK         1.0  PQ: 0 ANSI: 5
[    1.673257] scsi target2:0:0: Beginning Domain Validation
[    1.675411] random: fast init done
[    1.675899] scsi target2:0:0: Domain Validation skipping write tests
[    1.676734] scsi target2:0:0: Ending Domain Validation
[    1.677452] scsi target2:0:0: asynchronous
[    1.678352] scsi 2:0:1:0: Direct-Access     VBOX     HARDDISK         1.0  PQ: 0 ANSI: 5
[    1.679389] scsi target2:0:1: Beginning Domain Validation
[    1.680478] scsi target2:0:1: Domain Validation skipping write tests
[    1.681138] scsi target2:0:1: Ending Domain Validation
[    1.681729] scsi target2:0:1: asynchronous
[    1.684315] random: systemd-udevd: uninitialized urandom read (16 bytes read)
[    1.685075] random: systemd-udevd: uninitialized urandom read (16 bytes read)
[    1.686121] random: systemd-udevd: uninitialized urandom read (16 bytes read)
[    1.687125] sd 2:0:0:0: [sda] 20971520 512-byte logical blocks: (10.7 GB/10.0 GiB)
[    1.687966] sd 2:0:0:0: [sda] Write Protect is off
[    1.688634] sd 2:0:0:0: [sda] Incomplete mode parameter data
[    1.689233] sd 2:0:0:0: [sda] Assuming drive cache: write through
[    1.690041] sd 2:0:0:0: Attached scsi generic sg0 type 0
[    1.691313] sd 2:0:1:0: [sdb] 20480 512-byte logical blocks: (10.5 MB/10.0 MiB)
[    1.692289] sd 2:0:1:0: [sdb] Write Protect is off
[    1.693574] sd 2:0:1:0: [sdb] Incomplete mode parameter data
[    1.694353] sd 2:0:1:0: [sdb] Assuming drive cache: write through
[    1.695685]  sda: sda1
[    1.696486] sd 2:0:1:0: Attached scsi generic sg1 type 0
[    1.697606] sd 2:0:0:0: [sda] Attached SCSI disk
[    1.706964] sd 2:0:1:0: [sdb] Attached SCSI disk
[    2.026806] e1000 0000:00:08.0 eth1: (PCI:33MHz:32-bit) 08:00:27:cc:49:0d
[    2.027831] e1000 0000:00:08.0 eth1: Intel(R) PRO/1000 Network Connection
[    2.030042] e1000 0000:00:08.0 enp0s8: renamed from eth1
[    2.032404] e1000 0000:00:03.0 enp0s3: renamed from eth0
Begin: Loading essential drivers ... [    3.357843] raid6: sse2x1   gen() 14586 MB/s
[    3.421269] raid6: sse2x1   xor() 10196 MB/s
[    3.485437] raid6: sse2x2   gen() 18210 MB/s
[    3.548893] raid6: sse2x2   xor() 11134 MB/s
[    3.612325] raid6: sse2x4   gen() 20188 MB/s
[    3.672104] raid6: sse2x4   xor() 11971 MB/s
[    3.735539] raid6: avx2x1   gen() 27226 MB/s
[    3.792815] raid6: avx2x1   xor() 17845 MB/s
[    3.858834] raid6: avx2x2   gen() 38797 MB/s
[    3.912707] raid6: avx2x2   xor() 21596 MB/s
[    3.976165] raid6: avx2x4   gen() 40231 MB/s
[    4.039634] raid6: avx2x4   xor() 24464 MB/s
[    4.040177] raid6: using algorithm avx2x4 gen() 40231 MB/s
[    4.040842] raid6: .... xor() 24464 MB/s, rmw enabled
[    4.041503] raid6: using avx2x2 recovery algorithm
[    4.043406] xor: automatically using best checksumming function   avx       
[    4.045605] async_tx: api initialized (async)
done.
Begin: Running /scripts/init-premount ... done.
Begin: Mounting root file system ... Begin: Running /scripts/local-top ... done.
Begin: Running /scripts/local-premount ... [    4.087137] Btrfs loaded, crc32c=crc32c-intel
Scanning for Btrfs filesystems
done.
Warning: fsck not present, so skipping root file system
[    4.115330] EXT4-fs (sda1): mounted filesystem with ordered data mode. Opts: (null)
done.
Begin: Running /scripts/local-bottom ... done.
Begin: Running /scripts/init-bottom ... done.
[    4.245449] ip_tables: (C) 2000-2006 Netfilter Core Team
[    4.251499] systemd[1]: systemd 237 running in system mode. (+PAM +AUDIT +SELINUX +IMA +APPARMOR +SMACK +SYSVINIT +UTMP +LIBCRYPTSETUP +GCRYPT +GNUTLS +ACL +XZ +LZ4 +SECCOMP +BLKID +ELFUTILS +KMOD -IDN2 +IDN -PCRE2 default-hierarchy=hybrid)
[    4.253882] systemd[1]: Detected virtualization oracle.
[    4.254505] systemd[1]: Detected architecture x86-64.

Welcome to [1mUbuntu 18.04.4 LTS[0m!

[    4.257001] systemd[1]: Set hostname to <ubuntu>.
[    4.259595] systemd[1]: Initializing machine ID from random generator.
[    4.260397] systemd[1]: Installed transient /etc/machine-id file.
[    4.419535] systemd[1]: Created slice User and Session Slice.
[[0;32m  OK  [0m] Created slice User and Session Slice.
[    4.420769] systemd[1]: Reached target User and Group Name Lookups.
[[0;32m  OK  [0m] Reached target User and Group Name Lookups.
[    4.421961] systemd[1]: Reached target Swap.
[[0;32m  OK  [0m] Reached target Swap.
[    4.422898] systemd[1]: Set up automount Arbitrary Executable File Formats File System Automount Point.
[[0;32m  OK  [0m] Set up automount Arbitrary Executabâ€¦rmats File System Automount Point.
[[0;32m  OK  [0m] Created slice System Slice.
[[0;32m  OK  [0m] Listening on LVM2 metadata daemon socket.
[[0;32m  OK  [0m] Listening on Device-mapper event daemon FIFOs.
[[0;32m  OK  [0m] Created slice system-serial\x2dgetty.slice.
[[0;32m  OK  [0m] Listening on /dev/initctl Compatibility Named Pipe.
[[0;32m  OK  [0m] Listening on Journal Socket (/dev/log).
[[0;32m  OK  [0m] Reached target Slices.
[[0;32m  OK  [0m] Listening on Network Service Netlink Socket.
[[0;32m  OK  [0m] Listening on udev Control Socket.
[[0;32m  OK  [0m] Listening on LVM2 poll daemon socket.
[[0;32m  OK  [0m] Listening on Syslog Socket.
[[0;32m  OK  [0m] Listening on Journal Audit Socket.
[[0;32m  OK  [0m] Listening on udev Kernel Socket.
[[0;32m  OK  [0m] Reached target System Time Synchronized.
[[0;32m  OK  [0m] Started Forward Password Requests to Wall Directory Watch.
[[0;32m  OK  [0m] Listening on Journal Socket.
         Mounting Huge Pages File System...
         Starting Load Kernel Modules...
         Starting Set the console keyboard layout...
         Starting udev Coldplug all Devices...
         Starting Create list of required stâ€¦ce nodes for the current kernel...
         Starting Remount Root and Kernel File Systems...
         Starting Monitoring of LVM2 mirrorsâ€¦ng dmeventd or progress polling...
         Mounting Kernel Debug File System...
         Starting Uncomplicated firewall...
         Mounting POSIX Message Queue File System...[    4.455252] Loading iSCSI transport class v2.0-870.

         Starting Journal Service...
[[0;32m  OK  [0m] Mounted Huge Pages File System.
[[0;32m  OK  [0m] Mounted Kernel Debug File System.
[[0;32m  OK  [0m] Mounted POSIX Message Queue File System.
[[0;32m  OK  [0m] Started LVM2 metadata daemon.
[[0;32m  OK  [0m] Started udev Coldplug all Devices.
[[0;32m  OK  [0m] Started Create list of required staâ€¦vice nodes for the current kernel.
         Starting Create Static Device Nodes in /dev...
[[0;32m  OK  [0m] Started Uncomplicated firewall.
[    4.529672] iscsi: registered transport (tcp)
[    4.540523] iscsi: registered transport (iser)
[[0;32m  OK  [0m] Started Load Kernel Modules.
         Mounting Kernel Configuration File System...
         Starting Apply Kernel Variables...
         Mounting FUSE Control File System...
[[0;32m  OK  [0m] Mounted FUSE Control File System.
[[0;32m  OK  [0m] Mounted Kernel Configuration File System.
[    4.581839] EXT4-fs (sda1): re-mounted. Opts: (null)
[[0;32m  OK  [0m] Started Remount Root and Kernel File Systems.
         Starting Load/Save Random Seed...
[[0;32m  OK  [0m] Started Journal Service.
[[0;32m  OK  [0m] Started Monitoring of LVM2 mirrors,â€¦sing dmeventd or progress polling.
         Starting Flush Journal to Persistent Storage...
[[0;32m  OK  [0m] Started Load/Save Random Seed.
[[0;32m  OK  [0m] Started Apply Kernel Variables.
[[0;32m  OK  [0m] Started Create Static Device Nodes in /dev.
         Starting udev Kernel Device Manager...
[[0;32m  OK  [0m] Started Set the console keyboard layout.
[[0;32m  OK  [0m] Reached target Local File Systems (Pre).
[[0;32m  OK  [0m] Reached target Local File Systems.
         Starting Tell Plymouth To Write Out Runtime Data...
         Starting Commit a transient machine-id on disk...
         Starting AppArmor initialization...
         Starting ebtables ruleset management...
         Starting Set console font and keymap...
[[0;32m  OK  [0m] Started Flush Journal to Persistent Storage.
         Starting Create Volatile Files and Directories...
[[0;32m  OK  [0m] Started udev Kernel Device Manager.
[[0;32m  OK  [0m] Started Dispatch Password Requests to Console Directory Watch.
[[0;32m  OK  [0m] Reached target Local Encrypted Volumes.
[[0;32m  OK  [0m] Started Tell Plymouth To Write Out Runtime Data.
[[0;32m  OK  [0m] Started Commit a transient machine-id on disk.
[[0;32m  OK  [0m] Started Set console font and keymap.
[[0;32m  OK  [0m] Started Create Volatile Files and Directories.
         Starting Update UTMP about System Boot/Shutdown...
[[0;32m  OK  [0m] Started Update UTMP about System Boot/Shutdown.
[[0;32m  OK  [0m] Started ebtables ruleset management.
[[0;32m  OK  [0m] Found device /dev/ttyS0.
[[0;32m  OK  [0m] Listening on Load/Save RF Kill Switch Status /dev/rfkill Watch.
[[0;32m  OK  [0m] Started AppArmor initialization.
         Starting Initial cloud-init job (pre-networking)...
[    6.740503] cloud-init[536]: Cloud-init v. 19.4-33-gbb4131a2-0ubuntu1~18.04.1 running 'init-local' at Tue, 23 Jun 2020 11:01:30 +0000. Up 6.49 seconds.
[[0;32m  OK  [0m] Started Initial cloud-init job (pre-networking).
[[0;32m  OK  [0m] Reached target Network (Pre).
         Starting Network Service...
[[0;32m  OK  [0m] Started Network Service.
         Starting Network Name Resolution...
         Starting Wait for Network to be Configured...
[[0;32m  OK  [0m] Started Network Name Resolution.
[[0;32m  OK  [0m] Reached target Network.
[[0;32m  OK  [0m] Reached target Host and Network Name Lookups.
[[0;32m  OK  [0m] Started Wait for Network to be Configured.
         Starting Initial cloud-init job (metadata service crawler)...
[    8.751088] cloud-init[637]: Cloud-init v. 19.4-33-gbb4131a2-0ubuntu1~18.04.1 running 'init' at Tue, 23 Jun 2020 11:01:32 +0000. Up 8.64 seconds.
[    8.764273] cloud-init[637]: ci-info: ++++++++++++++++++++++++++++++++++++++Net device info++++++++++++++++++++++++++++++++++++++
[    8.765134] cloud-init[637]: ci-info: +--------+-------+---------------------------+---------------+--------+-------------------+
[    8.766110] cloud-init[637]: ci-info: | Device |   Up  |          Address          |      Mask     | Scope  |     Hw-Address    |
[    8.766948] cloud-init[637]: ci-info: +--------+-------+---------------------------+---------------+--------+-------------------+
[    8.768761] cloud-init[637]: ci-info: | enp0s3 |  True |         10.0.2.15         | 255.255.255.0 | global | 02:08:97:ad:f6:aa |
[    8.769772] cloud-init[637]: ci-info: | enp0s3 |  True | fe80::8:97ff:fead:f6aa/64 |       .       |  link  | 02:08:97:ad:f6:aa |
[    8.774897] cloud-init[637]: ci-info: | enp0s8 | False |             .             |       .       |   .    | 08:00:27:cc:49:0d |
[    8.775906] cloud-init[637]: ci-info: |   lo   |  True |         127.0.0.1         |   255.0.0.0   |  host  |         .         |
[    8.776902] cloud-init[637]: ci-info: |   lo   |  True |          ::1/128          |       .       |  host  |         .         |
[    8.777937] cloud-init[637]: ci-info: +--------+-------+---------------------------+---------------+--------+-------------------+
[    8.778811] cloud-init[637]: ci-info: ++++++++++++++++++++++++++++Route IPv4 info+++++++++++++++++++++++++++++
[    8.781705] cloud-init[637]: ci-info: +-------+-------------+----------+-----------------+-----------+-------+
[    8.784150] cloud-init[637]: ci-info: | Route | Destination | Gateway  |     Genmask     | Interface | Flags |
[    8.786897] cloud-init[637]: ci-info: +-------+-------------+----------+-----------------+-----------+-------+
[    8.787658] cloud-init[637]: ci-info: |   0   |   0.0.0.0   | 10.0.2.2 |     0.0.0.0     |   enp0s3  |   UG  |
[    8.788435] cloud-init[637]: ci-info: |   1   |   10.0.2.0  | 0.0.0.0  |  255.255.255.0  |   enp0s3  |   U   |
[    8.791484] cloud-init[637]: ci-info: |   2   |   10.0.2.2  | 0.0.0.0  | 255.255.255.255 |   enp0s3  |   UH  |
[    8.804174] cloud-init[637]: ci-info: +-------+-------------+----------+-----------------+-----------+-------+
[    8.804943] cloud-init[637]: ci-info: +++++++++++++++++++Route IPv6 info+++++++++++++++++++
[    8.805623] cloud-init[637]: ci-info: +-------+-------------+---------+-----------+-------+
[    8.806271] cloud-init[637]: ci-info: | Route | Destination | Gateway | Interface | Flags |
[    8.807642] cloud-init[637]: ci-info: +-------+-------------+---------+-----------+-------+
[    8.809401] cloud-init[637]: ci-info: |   1   |  fe80::/64  |    ::   |   enp0s3  |   U   |
[    8.810545] cloud-init[637]: ci-info: |   3   |    local    |    ::   |   enp0s3  |   U   |
[    8.811262] cloud-init[637]: ci-info: |   4   |   ff00::/8  |    ::   |   enp0s3  |   U   |
[    8.812313] cloud-init[637]: ci-info: +-------+-------------+---------+-----------+-------+
[    9.226552] cloud-init[637]: Generating public/private rsa key pair.
[    9.243591] cloud-init[637]: Your identification has been saved in /etc/ssh/ssh_host_rsa_key.
[    9.244444] cloud-init[637]: Your public key has been saved in /etc/ssh/ssh_host_rsa_key.pub.
[    9.263956] cloud-init[637]: The key fingerprint is:
[    9.264494] cloud-init[637]: SHA256:QFRmpvi97lI0Z/qwAYVuOYmifb2lEpvBop16wlgDkpc root@ubuntu-bionic
[    9.265276] cloud-init[637]: The key's randomart image is:
[    9.265802] cloud-init[637]: +---[RSA 2048]----+
[    9.266073] cloud-init[637]: |     .oo=        |
[    9.268155] cloud-init[637]: |     o.=.        |
[    9.268644] cloud-init[637]: | . ..oo+         |
[    9.269143] cloud-init[637]: |+ E ..Boo o      |
[    9.269614] cloud-init[637]: |.= o o.+S=       |
[    9.270096] cloud-init[637]: |. = = . *.       |
[    9.270582] cloud-init[637]: |o+ = = =.=       |
[    9.272264] cloud-init[637]: |+.+ + +.. .      |
[    9.272763] cloud-init[637]: |.+   . oo        |
[[0;32m  OK  [0m] Started Initial cloud-init job (metadata service crawler).
[[0;32m  OK  [0m] Reached target System Initialization.
[[0;32m  OK  [0m] Listening on UUID daemon activation socket.
         Starting Socket activation for snappy daemon.
[[0;32m  OK  [0m] Listening on D-Bus System Message Bus Socket.
[    9.277806] cloud-init[637]: +----[SHA256]-----+
[    9.278323] cloud-init[637]: Generating public/private dsa key pair.
[    9.278791] cloud-init[637]: Your identification has been saved in /etc/ssh/ssh_host_dsa_key.
[[0;32m  OK  [0m] Listening on Open-iSCSI iscsid Socket.
[[0;32m  OK  [0m[    9.280363] cloud-init[637]: Your public key has been saved in /etc/ssh/ssh_host_dsa_key.pub.
[    9.281170] cloud-init[637]: The key fingerprint is:
[    9.281592] cloud-init[637]: SHA256:f7SZ6zF8Z/7ZLrbMQ1gUHo12XwYTqcACwsw7Qspp6hs root@ubuntu-bionic
[    9.282365] cloud-init[637]: The key's randomart image is:
[    9.282868] cloud-init[637]: +---[DSA 1024]----+
[    9.283294] cloud-init[637]: |   +. .. .    *B |
[    9.283742] cloud-init[637]: |  . +.  . o  .=o=|] Started Daily apt download activities.
[[0;32m  OK  [0m] Started Daily apt upgrade and clean activities.
[[0;32m  OK  [0m] Started Daily Cleanup of Temporary Directories.
         Starting LXD - unix socket.
[[0;32m  OK  [0m] Listening on ACPID Listen Socket.
[[0;32m  OK  [0m] Started ACPI Events Check.
[[0;32m  OK  [0m] Reached target Paths.
[[0;32m  OK  [0m] Started Discard unused blocks once a week.
[[0;32m  OK  [0m] Started Message of the Day.
[[0;32m  OK  [0m] Reached target Timers.
[[0;32m  OK  [0m] Reached target Cloud-config availability.
[[0;32m  OK  [0m] Reached target Network is Online.
[[0;32m  OK  [0m] Reached target Remote File Systems (Pre).
[[0;32m  OK  [0m] Reached target Remote File Systems.

         [    9.314924] cloud-init[637]: |.o.  .   . . +.oo|
[    9.315245] cloud-init[637]: |.+. o       . . .|
[    9.315569] cloud-init[637]: |o  . .  S   .o   |
[    9.316041] Starting Availability of block devices...
[[0;32m  OK  [0m] Listening on Socket activation for snappy daemon.
[[0;32m  OK  [0m] Listening on LXD - unix socket.
cloud-init[637]: |.        . o.+.  |
[    9.318239] cloud-init[637]: |.E        . O.. o|
[[0;32m  OK  [0m] Started Availability of block devices.
[    9.319047] cloud-init[637]: | ..        . B++o|
[[0;32m  OK  [0m] Reached target Sockets.
[[    9.320046] cloud-init[637]: | ..        .o.+**|
[    9.320758] cloud-init[637]: +----[SHA256]-----+
[    9.321218] cloud-init[637]: Generating public/private ecdsa key pair.
[    9.321921] cloud-init[637]: Your identification has been saved in /etc/ssh/ssh_host_ecdsa_key.
[    9.322691] cloud-init[637]: Your public key has been saved in /etc/ssh/ssh_host_ecdsa_key.pub.
[    9.323402] cloud-init[637]: The key fingerprint is:
[    9.324008] [0;32m  OK  [0m] Reached target Basic System.
[[0;32m  OK  [0m] Started D-Bus System Message Bus.
cloud-init[637]: SHA256:ISgkjq9f2FiLf5U8xjSAoYzKxhBJ6bqGSH250PkAyDE root@ubuntu-bionic
[    9.335854] cloud-init[637]: The key's randomart image is:
[    9.338022] cloud-init[637]: +---[ECDSA 256]---+
[    9.339619] cloud-init[637]:          Starting Pollinate to seed the pseudo random number generator...
[[0;32m  OK  [0m] Started Regular background program processing daemon.
[[0;32m  OK  [0m] Started irqbalance daemon.
|+oo .o           |
         Starting Dispatcher daemon for systemd-networkd...
[    9.350907] cloud-init[637]: |+E ....          |
[    9.352281] cloud-init[637]: |*.B . ...        |
[    9.353301] cloud-init[637]: |== o   .o.       |
         Starting System Logging Service...
[    9.355202] cloud-init[637]: |o+o + o+So       |
[    9.356412] cloud-init[637]: |oo O B  B        |
         [    9.365686] Starting LSB: Record successful boot for GRUB...cloud-init[637]: |=.+ * +o .       |
         
[    9.368831] Starting Virtualbox guest utils...
         Starting Accounts Service...
cloud-init[637]: |+o o ...         |
         Starting Login Service...
[    9.376682] cloud-init[637]: |. . ..           |
         Starting Permit User Sessions...
[[0;32m  OK  [0m] Started Deferred execution scheduler.
         Starting LSB: automatic crash report generation...
         Starting LXD - container startup/shutdown...
[[0;32m  OK  [0m] Started FUSE filesystem for LXC.
[    9.391029] cloud-init[637]: +----[SHA256]-----+
[    9.401607] cloud-init[637]: Generating public/private ed25519 key pair.
[    9.405106] cloud-init[637]: Your identification has been saved in /etc/ssh/ssh_host_ed25519_key.
[    9.412208] cloud-init[637]: Your public key has been saved in /etc/ssh/ssh_host_ed25519_key.pub.
[    9.415954] cloud-init[637]: The key fingerprint is:
[    9.426685] cloud-init[637]: SHA256:DXMTekNQGgBpDm/LAG0mohFvnWJQ5kbSKSzCHKpAS6I root@ubuntu-bionic
[    9.442308] cloud-init[637]: The key's randomart image is:
[    9.446284] cloud-init[637]: +--[ED25519 256]--+
[    9.447324] cloud-init[637]: |OO=..o..oo+      |
[    9.451197] cloud-init[637]: |#@O.o.   = .     |
[    9.453966] cloud-init[637]: |EOB=o   = =      |
[    9.455229] cloud-init[637]: |++..+    * o     |
[    9.457011] cloud-init[637]: |.  + .  S .      |
[    9.458375] cloud-init[637]: |    o            |
[    9.460116] cloud-init[637]: |                 |
[    9.461437] cloud-init[637]: |                 |
[    9.465002] cloud-init[637]: |                 |
[    9.466809] cloud-init[637]: +----[SHA256]-----+
         Starting Snappy daemon...
[[0;32m  OK  [0m] Started System Logging Service.
[[0;32m  OK  [0m] Started Permit User Sessions.
         Starting Hold until boot process finishes up...
         Starting Terminate Plymouth Boot Screen...
[[0;32m  OK  [0m] Started Hold until boot process finishes up.
[[0;32m  OK  [0m] Started Serial Getty on ttyS0.
         Starting Set console scheme...
[[0;32m  OK  [0m] Started Terminate Plymouth Boot Screen.
[[0;32m  OK  [0m] Started Login Service.
[[0;32m  OK  [0m] Started Unattended Upgrades Shutdown.
[[0;32m  OK  [0m] Started Set console scheme.
[[0;32m  OK  [0m] Created slice system-getty.slice.
[[0;32m  OK  [0m] Started Getty on tty1.
[[0;32m  OK  [0m] Reached target Login Prompts.
         Starting Authorization Manager...
[[0;32m  OK  [0m] Started LXD - container startup/shutdown.
[[0;32m  OK  [0m] Started LSB: automatic crash report generation.
[[0;32m  OK  [0m] Started LSB: Record successful boot for GRUB.
[[0;32m  OK  [0m] Started Authorization Manager.
[[0;32m  OK  [0m] Started Accounts Service.
[[0;32m  OK  [0m] Started Virtualbox guest utils.
[[0;32m  OK  [0m] Started Dispatcher daemon for systemd-networkd.
[[0;32m  OK  [0m] Started Snappy daemon.
         Starting Wait until snapd is fully seeded...
[[0;32m  OK  [0m] Started Pollinate to seed the pseudo random number generator.
         Starting OpenBSD Secure Shell server...
[[0;32m  OK  [0m] Started OpenBSD Secure Shell server.
[[0;32m  OK  [0m] Created slice User Slice of vagrant.
         Starting User Manager for UID 1000...
[[0;32m  OK  [0m] Started Session 1 of user vagrant.
[[0;32m  OK  [0m] Started User Manager for UID 1000.

Ubuntu 18.04.4 LTS ubuntu-bionic ttyS0

ubuntu-bionic login: [   16.465607] cloud-init[1399]: Cloud-init v. 19.4-33-gbb4131a2-0ubuntu1~18.04.1 running 'modules:config' at Tue, 23 Jun 2020 11:01:40 +0000. Up 16.21 seconds.
ci-info: no authorized SSH keys fingerprints found for user ubuntu.
<14>Jun 23 11:01:40 ec2: 
<14>Jun 23 11:01:40 ec2: #############################################################
<14>Jun 23 11:01:40 ec2: -----BEGIN SSH HOST KEY FINGERPRINTS-----
<14>Jun 23 11:01:40 ec2: 1024 SHA256:f7SZ6zF8Z/7ZLrbMQ1gUHo12XwYTqcACwsw7Qspp6hs root@ubuntu-bionic (DSA)
<14>Jun 23 11:01:40 ec2: 256 SHA256:ISgkjq9f2FiLf5U8xjSAoYzKxhBJ6bqGSH250PkAyDE root@ubuntu-bionic (ECDSA)
<14>Jun 23 11:01:40 ec2: 256 SHA256:DXMTekNQGgBpDm/LAG0mohFvnWJQ5kbSKSzCHKpAS6I root@ubuntu-bionic (ED25519)
<14>Jun 23 11:01:40 ec2: 2048 SHA256:QFRmpvi97lI0Z/qwAYVuOYmifb2lEpvBop16wlgDkpc root@ubuntu-bionic (RSA)
<14>Jun 23 11:01:40 ec2: -----END SSH HOST KEY FINGERPRINTS-----
<14>Jun 23 11:01:40 ec2: #############################################################
-----BEGIN SSH HOST KEY KEYS-----
ecdsa-sha2-nistp256 AAAAE2VjZHNhLXNoYTItbmlzdHAyNTYAAAAIbmlzdHAyNTYAAABBBD5uWEqHgIWgx+P7SelxZ6/pOgUZ0rhVTPcFjPH5v5rfjGyhFzaXNxXDsWTDu+ATemih639ilTBzVJ7kNkpKU6U= root@ubuntu-bionic
ssh-ed25519 AAAAC3NzaC1lZDI1NTE5AAAAIIpr0F0Vg2p0kqodgpHSASI05ziOL4lRH5Ec/6grZK+h root@ubuntu-bionic
ssh-rsa AAAAB3NzaC1yc2EAAAADAQABAAABAQDa6MJOxaFGaKi4iLUFv0gNYKk3TVyrFIiVpMBtKt1EdCPjvB4cMwKFP7WFO4l1vQ8naYh01O8sr/ga4XYj8QDYdwM4rI1EHcNp5fqXs9KYBnq6odY+eq6g3k+j0WbuKPfWdoDkNt/xG9hW3wCFjpHgopgoCMpWBVurV0LQ5Ry9c3ipN/MmkYAjO6La3tWZgpGm4RYHE9EzMu991SmsymyNFnEujw77ihein0Oui5owBPBXnLvlwTDV1bxIl09quPa8J7a5Df3Xyv8bzl9LvIWpCpepEDjmoqv+PlqU7BuFei+Q/xO+ZX7ZSfd9i2NbtBlrJNQsi8WbnBzPn/TEK3MP root@ubuntu-bionic
-----END SSH HOST KEY KEYS-----
[   16.927550] cloud-init[1496]: Cloud-init v. 19.4-33-gbb4131a2-0ubuntu1~18.04.1 running 'modules:final' at Tue, 23 Jun 2020 11:01:40 +0000. Up 16.80 seconds.
[   16.929187] cloud-init[1496]: ci-info: no authorized SSH keys fingerprints found for user ubuntu.
[   16.930157] cloud-init[1496]: Cloud-init v. 19.4-33-gbb4131a2-0ubuntu1~18.04.1 finished at Tue, 23 Jun 2020 11:01:40 +0000. Datasource DataSourceNoCloud [seed=/dev/sdb][dsmode=net].  Up 16.92 seconds
