[    0.000000] Linux version 4.15.0-99-generic (buildd@lcy01-amd64-013) (gcc version 7.5.0 (Ubuntu 7.5.0-3ubuntu1~18.04)) #100-Ubuntu SMP Wed Apr 22 20:32:56 UTC 2020 (Ubuntu 4.15.0-99.100-generic 4.15.18)
[    0.000000] Command line: BOOT_IMAGE=/boot/vmlinuz-4.15.0-99-generic root=LABEL=cloudimg-rootfs ro console=tty1 console=ttyS0
[    0.000000] KERNEL supported cpus:
[    0.000000]   Intel GenuineIntel
[    0.000000]   AMD AuthenticAMD
[    0.000000]   Centaur CentaurHauls
[    0.000000] x86/fpu: Supporting XSAVE feature 0x001: 'x87 floating point registers'
[    0.000000] x86/fpu: Supporting XSAVE feature 0x002: 'SSE registers'
[    0.000000] x86/fpu: Supporting XSAVE feature 0x004: 'AVX registers'
[    0.000000] x86/fpu: xstate_offset[2]:  576, xstate_sizes[2]:  256
[    0.000000] x86/fpu: Enabled xstate features 0x7, context size is 832 bytes, using 'standard' format.
[    0.000000] e820: BIOS-provided physical RAM map:
[    0.000000] BIOS-e820: [mem 0x0000000000000000-0x000000000009fbff] usable
[    0.000000] BIOS-e820: [mem 0x000000000009fc00-0x000000000009ffff] reserved
[    0.000000] BIOS-e820: [mem 0x00000000000f0000-0x00000000000fffff] reserved
[    0.000000] BIOS-e820: [mem 0x0000000000100000-0x000000007ffeffff] usable
[    0.000000] BIOS-e820: [mem 0x000000007fff0000-0x000000007fffffff] ACPI data
[    0.000000] BIOS-e820: [mem 0x00000000fec00000-0x00000000fec00fff] reserved
[    0.000000] BIOS-e820: [mem 0x00000000fee00000-0x00000000fee00fff] reserved
[    0.000000] BIOS-e820: [mem 0x00000000fffc0000-0x00000000ffffffff] reserved
[    0.000000] NX (Execute Disable) protection: active
[    0.000000] SMBIOS 2.5 present.
[    0.000000] DMI: innotek GmbH VirtualBox/VirtualBox, BIOS VirtualBox 12/01/2006
[    0.000000] Hypervisor detected: KVM
[    0.000000] e820: last_pfn = 0x7fff0 max_arch_pfn = 0x400000000
[    0.000000] MTRR: Disabled
[    0.000000] x86/PAT: MTRRs disabled, skipping PAT initialization too.
[    0.000000] CPU MTRRs all blank - virtualized system.
[    0.000000] x86/PAT: Configuration [0-7]: WB  WT  UC- UC  WB  WT  UC- UC  
[    0.000000] found SMP MP-table at [mem 0x0009fff0-0x0009ffff]
[    0.000000] Scanning 1 areas for low memory corruption
[    0.000000] RAMDISK: [mem 0x35a6b000-0x36d2cfff]
[    0.000000] ACPI: Early table checksum verification disabled
[    0.000000] ACPI: RSDP 0x00000000000E0000 000024 (v02 VBOX  )
[    0.000000] ACPI: XSDT 0x000000007FFF0030 00003C (v01 VBOX   VBOXXSDT 00000001 ASL  00000061)
[    0.000000] ACPI: FACP 0x000000007FFF00F0 0000F4 (v04 VBOX   VBOXFACP 00000001 ASL  00000061)
[    0.000000] ACPI: DSDT 0x000000007FFF0470 002325 (v02 VBOX   VBOXBIOS 00000002 INTL 20100528)
[    0.000000] ACPI: FACS 0x000000007FFF0200 000040
[    0.000000] ACPI: FACS 0x000000007FFF0200 000040
[    0.000000] ACPI: APIC 0x000000007FFF0240 000054 (v02 VBOX   VBOXAPIC 00000001 ASL  00000061)
[    0.000000] ACPI: SSDT 0x000000007FFF02A0 0001CC (v01 VBOX   VBOXCPUT 00000002 INTL 20100528)
[    0.000000] No NUMA configuration found
[    0.000000] Faking a node at [mem 0x0000000000000000-0x000000007ffeffff]
[    0.000000] NODE_DATA(0) allocated [mem 0x7ffc5000-0x7ffeffff]
[    0.000000] kvm-clock: cpu 0, msr 0:7ff44001, primary cpu clock
[    0.000000] kvm-clock: Using msrs 4b564d01 and 4b564d00
[    0.000000] kvm-clock: using sched offset of 3777339955 cycles
[    0.000000] clocksource: kvm-clock: mask: 0xffffffffffffffff max_cycles: 0x1cd42e4dffb, max_idle_ns: 881590591483 ns
[    0.000000] Zone ranges:
[    0.000000]   DMA      [mem 0x0000000000001000-0x0000000000ffffff]
[    0.000000]   DMA32    [mem 0x0000000001000000-0x000000007ffeffff]
[    0.000000]   Normal   empty
[    0.000000]   Device   empty
[    0.000000] Movable zone start for each node
[    0.000000] Early memory node ranges
[    0.000000]   node   0: [mem 0x0000000000001000-0x000000000009efff]
[    0.000000]   node   0: [mem 0x0000000000100000-0x000000007ffeffff]
[    0.000000] Reserved but unavailable: 98 pages
[    0.000000] Initmem setup node 0 [mem 0x0000000000001000-0x000000007ffeffff]
[    0.000000] ACPI: PM-Timer IO Port: 0x4008
[    0.000000] IOAPIC[0]: apic_id 1, version 32, address 0xfec00000, GSI 0-23
[    0.000000] ACPI: INT_SRC_OVR (bus 0 bus_irq 0 global_irq 2 dfl dfl)
[    0.000000] ACPI: INT_SRC_OVR (bus 0 bus_irq 9 global_irq 9 low level)
[    0.000000] Using ACPI (MADT) for SMP configuration information
[    0.000000] smpboot: Allowing 1 CPUs, 0 hotplug CPUs
[    0.000000] PM: Registered nosave memory: [mem 0x00000000-0x00000fff]
[    0.000000] PM: Registered nosave memory: [mem 0x0009f000-0x0009ffff]
[    0.000000] PM: Registered nosave memory: [mem 0x000a0000-0x000effff]
[    0.000000] PM: Registered nosave memory: [mem 0x000f0000-0x000fffff]
[    0.000000] e820: [mem 0x80000000-0xfebfffff] available for PCI devices
[    0.000000] Booting paravirtualized kernel on KVM
[    0.000000] clocksource: refined-jiffies: mask: 0xffffffff max_cycles: 0xffffffff, max_idle_ns: 7645519600211568 ns
[    0.000000] random: get_random_bytes called from start_kernel+0x99/0x4fd with crng_init=0
[    0.000000] setup_percpu: NR_CPUS:8192 nr_cpumask_bits:1 nr_cpu_ids:1 nr_node_ids:1
[    0.000000] percpu: Embedded 45 pages/cpu s147456 r8192 d28672 u2097152
[    0.000000] PV qspinlock hash table entries: 256 (order: 0, 4096 bytes)
[    0.000000] Built 1 zonelists, mobility grouping on.  Total pages: 515961
[    0.000000] Policy zone: DMA32
[    0.000000] Kernel command line: BOOT_IMAGE=/boot/vmlinuz-4.15.0-99-generic root=LABEL=cloudimg-rootfs ro console=tty1 console=ttyS0
[    0.000000] Memory: 2015432K/2096696K available (12300K kernel code, 2481K rwdata, 4268K rodata, 2432K init, 2712K bss, 81264K reserved, 0K cma-reserved)
[    0.000000] SLUB: HWalign=64, Order=0-3, MinObjects=0, CPUs=1, Nodes=1
[    0.000000] Kernel/User page tables isolation: enabled
[    0.000000] ftrace: allocating 39364 entries in 154 pages
[    0.004000] Hierarchical RCU implementation.
[    0.004000] 	RCU restricting CPUs from NR_CPUS=8192 to nr_cpu_ids=1.
[    0.004000] 	Tasks RCU enabled.
[    0.004000] RCU: Adjusting geometry for rcu_fanout_leaf=16, nr_cpu_ids=1
[    0.004000] NR_IRQS: 524544, nr_irqs: 256, preallocated irqs: 16
[    0.004000] Console: colour VGA+ 80x25
[    0.004000] console [tty1] enabled
[    0.004000] console [ttyS0] enabled
[    0.004000] ACPI: Core revision 20170831
[    0.004000] ACPI: 2 ACPI AML tables successfully acquired and loaded
[    0.004000] APIC: Switch to symmetric I/O mode setup
[    0.004000] x2apic enabled
[    0.004000] Switched APIC routing to physical x2apic.
[    0.004000] ..TIMER: vector=0x30 apic1=0 pin1=2 apic2=-1 pin2=-1
[    0.004003] tsc: Detected 4007.996 MHz processor
[    0.004763] Calibrating delay loop (skipped) preset value.. 8015.99 BogoMIPS (lpj=16031984)
[    0.005316] pid_max: default: 32768 minimum: 301
[    0.006180] Security Framework initialized
[    0.008002] Yama: becoming mindful.
[    0.008659] AppArmor: AppArmor initialized
[    0.012000] Dentry cache hash table entries: 262144 (order: 9, 2097152 bytes)
[    0.015369] Inode-cache hash table entries: 131072 (order: 8, 1048576 bytes)
[    0.016016] Mount-cache hash table entries: 4096 (order: 3, 32768 bytes)
[    0.017001] Mountpoint-cache hash table entries: 4096 (order: 3, 32768 bytes)
[    0.020236] process: using mwait in idle threads
[    0.020943] Last level iTLB entries: 4KB 64, 2MB 8, 4MB 8
[    0.021745] Last level dTLB entries: 4KB 64, 2MB 0, 4MB 0, 1GB 4
[    0.022614] Spectre V1 : Mitigation: usercopy/swapgs barriers and __user pointer sanitization
[    0.024002] Spectre V2 : Mitigation: Full generic retpoline
[    0.024854] Spectre V2 : Spectre v2 / SpectreRSB mitigation: Filling RSB on context switch
[    0.026094] Speculative Store Bypass: Vulnerable
[    0.026852] MDS: Vulnerable: Clear CPU buffers attempted, no microcode
[    0.036195] Freeing SMP alternatives memory: 36K
[    0.146469] smpboot: CPU0: Intel(R) Core(TM) i7-6700K CPU @ 4.00GHz (family: 0x6, model: 0x5e, stepping: 0x3)
[    0.148000] Performance Events: unsupported p6 CPU model 94 no PMU driver, software events only.
[    0.148000] Hierarchical SRCU implementation.
[    0.148063] NMI watchdog: Perf event create on CPU 0 failed with -2
[    0.148988] NMI watchdog: Perf NMI watchdog permanently disabled
[    0.149875] smp: Bringing up secondary CPUs ...
[    0.150556] smp: Brought up 1 node, 1 CPU
[    0.151171] smpboot: Max logical packages: 1
[    0.151805] smpboot: Total of 1 processors activated (8015.99 BogoMIPS)
[    0.152096] devtmpfs: initialized
[    0.152669] x86/mm: Memory block size: 128MB
[    0.153490] evm: security.selinux
[    0.154112] evm: security.SMACK64
[    0.154627] evm: security.SMACK64EXEC
[    0.155271] evm: security.SMACK64TRANSMUTE
[    0.156004] evm: security.SMACK64MMAP
[    0.156765] evm: security.apparmor
[    0.157339] evm: security.ima
[    0.157855] evm: security.capability
[    0.158517] clocksource: jiffies: mask: 0xffffffff max_cycles: 0xffffffff, max_idle_ns: 7645041785100000 ns
[    0.160009] futex hash table entries: 256 (order: 2, 16384 bytes)
[    0.160922] pinctrl core: initialized pinctrl subsystem
[    0.161767] RTC time: 14:45:27, date: 04/30/20
[    0.162491] NET: Registered protocol family 16
[    0.163373] audit: initializing netlink subsys (disabled)
[    0.164106] cpuidle: using governor ladder
[    0.164788] cpuidle: using governor menu
[    0.165417] ACPI: bus type PCI registered
[    0.166025] acpiphp: ACPI Hot Plug PCI Controller Driver version: 0.5
[    0.167017] PCI: Using configuration type 1 for base access
[    0.168026] audit: type=2000 audit(1588257932.507:1): state=initialized audit_enabled=0 res=1
[    0.170221] HugeTLB registered 2.00 MiB page size, pre-allocated 0 pages
[    0.171305] ACPI: Added _OSI(Module Device)
[    0.172003] ACPI: Added _OSI(Processor Device)
[    0.172672] ACPI: Added _OSI(3.0 _SCP Extensions)
[    0.173363] ACPI: Added _OSI(Processor Aggregator Device)
[    0.174239] ACPI: Added _OSI(Linux-Dell-Video)
[    0.174905] ACPI: Added _OSI(Linux-Lenovo-NV-HDMI-Audio)
[    0.176010] ACPI: Added _OSI(Linux-HPI-Hybrid-Graphics)
[    0.177039] ACPI: Executed 1 blocks of module-level executable AML code
[    0.181631] ACPI: Interpreter enabled
[    0.182224] ACPI: (supports S0 S5)
[    0.182781] ACPI: Using IOAPIC for interrupt routing
[    0.183741] PCI: Using host bridge windows from ACPI; if necessary, use "pci=nocrs" and report a bug
[    0.184167] ACPI: Enabled 2 GPEs in block 00 to 07
[    0.193350] ACPI: PCI Root Bridge [PCI0] (domain 0000 [bus 00-ff])
[    0.196005] acpi PNP0A03:00: _OSC: OS supports [ASPM ClockPM Segments MSI]
[    0.197570] acpi PNP0A03:00: _OSC: not requesting OS control; OS requires [ExtendedConfig ASPM ClockPM MSI]
[    0.199109] acpi PNP0A03:00: fail to add MMCONFIG information, can't access extended PCI configuration space under this bridge.
[    0.200363] PCI host bridge to bus 0000:00
[    0.201081] pci_bus 0000:00: root bus resource [io  0x0000-0x0cf7 window]
[    0.202085] pci_bus 0000:00: root bus resource [io  0x0d00-0xffff window]
[    0.204002] pci_bus 0000:00: root bus resource [mem 0x000a0000-0x000bffff window]
[    0.205159] pci_bus 0000:00: root bus resource [mem 0x80000000-0xfdffffff window]
[    0.206332] pci_bus 0000:00: root bus resource [bus 00-ff]
[    0.209794] pci 0000:00:01.1: legacy IDE quirk: reg 0x10: [io  0x01f0-0x01f7]
[    0.210861] pci 0000:00:01.1: legacy IDE quirk: reg 0x14: [io  0x03f6]
[    0.211856] pci 0000:00:01.1: legacy IDE quirk: reg 0x18: [io  0x0170-0x0177]
[    0.212002] pci 0000:00:01.1: legacy IDE quirk: reg 0x1c: [io  0x0376]
[    0.230003] pci 0000:00:07.0: quirk: [io  0x4000-0x403f] claimed by PIIX4 ACPI
[    0.231164] pci 0000:00:07.0: quirk: [io  0x4100-0x410f] claimed by PIIX4 SMB
[    0.243030] ACPI: PCI Interrupt Link [LNKA] (IRQs 5 9 10 *11)
[    0.244317] ACPI: PCI Interrupt Link [LNKB] (IRQs 5 9 *10 11)
[    0.245336] ACPI: PCI Interrupt Link [LNKC] (IRQs 5 *9 10 11)
[    0.246325] ACPI: PCI Interrupt Link [LNKD] (IRQs 5 9 10 *11)
[    0.248225] SCSI subsystem initialized
[    0.248907] pci 0000:00:02.0: vgaarb: setting as boot VGA device
[    0.249888] pci 0000:00:02.0: vgaarb: VGA device added: decodes=io+mem,owns=io+mem,locks=none
[    0.251203] pci 0000:00:02.0: vgaarb: bridge control possible
[    0.252002] vgaarb: loaded
[    0.252489] ACPI: bus type USB registered
[    0.253169] usbcore: registered new interface driver usbfs
[    0.254022] usbcore: registered new interface driver hub
[    0.254838] usbcore: registered new device driver usb
[    0.255670] EDAC MC: Ver: 3.0.0
[    0.256263] PCI: Using ACPI for IRQ routing
[    0.257135] NetLabel: Initializing
[    0.257688] NetLabel:  domain hash size = 128
[    0.258392] NetLabel:  protocols = UNLABELED CIPSOv4 CALIPSO
[    0.259309] NetLabel:  unlabeled traffic allowed by default
[    0.260085] clocksource: Switched to clocksource kvm-clock
[    0.279611] VFS: Disk quotas dquot_6.6.0
[    0.280702] VFS: Dquot-cache hash table entries: 512 (order 0, 4096 bytes)
[    0.282174] AppArmor: AppArmor Filesystem Enabled
[    0.283287] pnp: PnP ACPI init
[    0.285181] pnp: PnP ACPI: found 3 devices
[    0.291753] clocksource: acpi_pm: mask: 0xffffff max_cycles: 0xffffff, max_idle_ns: 2085701024 ns
[    0.293243] NET: Registered protocol family 2
[    0.294106] TCP established hash table entries: 16384 (order: 5, 131072 bytes)
[    0.295414] TCP bind hash table entries: 16384 (order: 6, 262144 bytes)
[    0.296675] TCP: Hash tables configured (established 16384 bind 16384)
[    0.298023] UDP hash table entries: 1024 (order: 3, 32768 bytes)
[    0.299200] UDP-Lite hash table entries: 1024 (order: 3, 32768 bytes)
[    0.300191] NET: Registered protocol family 1
[    0.300904] pci 0000:00:00.0: Limiting direct PCI/PCI transfers
[    0.301817] pci 0000:00:01.0: Activating ISA DMA hang workarounds
[    0.302750] pci 0000:00:02.0: Video device with shadowed ROM at [mem 0x000c0000-0x000dffff]
[    0.304092] Unpacking initramfs...
[    0.595780] Freeing initrd memory: 19208K
[    0.596621] clocksource: tsc: mask: 0xffffffffffffffff max_cycles: 0x39c5ded8016, max_idle_ns: 440795406786 ns
[    0.598258] platform rtc_cmos: registered platform RTC device (no PNP device found)
[    0.599474] Scanning for low memory corruption every 60 seconds
[    0.600838] Initialise system trusted keyrings
[    0.601551] Key type blacklist registered
[    0.602230] workingset: timestamp_bits=36 max_order=19 bucket_order=0
[    0.604063] zbud: loaded
[    0.604967] squashfs: version 4.0 (2009/01/31) Phillip Lougher
[    0.606104] fuse init (API version 7.26)
[    0.607266] Key type asymmetric registered
[    0.607928] Asymmetric key parser 'x509' registered
[    0.608773] Block layer SCSI generic (bsg) driver version 0.4 loaded (major 246)
[    0.609951] io scheduler noop registered
[    0.610589] io scheduler deadline registered
[    0.611318] io scheduler cfq registered (default)
[    0.612240] ACPI: AC Adapter [AC] (on-line)
[    0.612937] input: Power Button as /devices/LNXSYSTM:00/LNXPWRBN:00/input/input0
[    0.614112] ACPI: Power Button [PWRF]
[    0.614802] input: Sleep Button as /devices/LNXSYSTM:00/LNXSLPBN:00/input/input1
[    0.615946] ACPI: Sleep Button [SLPF]
[    0.616800] Serial: 8250/16550 driver, 32 ports, IRQ sharing enabled
[    0.638526] 00:02: ttyS0 at I/O 0x3f8 (irq = 4, base_baud = 115200) is a 16550A
[    0.642360] Linux agpgart interface v0.103
[    0.644369] loop: module loaded
[    0.645477] scsi host0: ata_piix
[    0.646068] scsi host1: ata_piix
[    0.646759] ata1: PATA max UDMA/33 cmd 0x1f0 ctl 0x3f6 bmdma 0xd000 irq 14
[    0.647894] ata2: PATA max UDMA/33 cmd 0x170 ctl 0x376 bmdma 0xd008 irq 15
[    0.649288] libphy: Fixed MDIO Bus: probed
[    0.649973] tun: Universal TUN/TAP device driver, 1.6
[    0.650792] PPP generic driver version 2.4.2
[    0.651819] ehci_hcd: USB 2.0 'Enhanced' Host Controller (EHCI) Driver
[    0.652827] ehci-pci: EHCI PCI platform driver
[    0.653632] ehci-platform: EHCI generic platform driver
[    0.654570] ohci_hcd: USB 1.1 'Open' Host Controller (OHCI) Driver
[    0.655573] ohci-pci: OHCI PCI platform driver
[    0.656361] ohci-platform: OHCI generic platform driver
[    0.657398] uhci_hcd: USB Universal Host Controller Interface driver
[    0.658492] i8042: PNP: PS/2 Controller [PNP0303:PS2K,PNP0f03:PS2M] at 0x60,0x64 irq 1,12
[    0.660236] serio: i8042 KBD port at 0x60,0x64 irq 1
[    0.661085] serio: i8042 AUX port at 0x60,0x64 irq 12
[    0.661942] mousedev: PS/2 mouse device common for all mice
[    0.663001] input: AT Translated Set 2 keyboard as /devices/platform/i8042/serio0/input/input2
[    0.664774] rtc_cmos rtc_cmos: rtc core: registered rtc_cmos as rtc0
[    0.665770] rtc_cmos rtc_cmos: alarms up to one day, 114 bytes nvram
[    0.666719] i2c /dev entries driver
[    0.667321] device-mapper: uevent: version 1.0.3
[    0.668129] device-mapper: ioctl: 4.37.0-ioctl (2017-09-20) initialised: dm-devel@redhat.com
[    0.669939] ledtrig-cpu: registered to indicate activity on CPUs
[    0.671003] intel_pmc_core:  initialized
[    0.671759] NET: Registered protocol family 10
[    0.675467] Segment Routing with IPv6
[    0.676242] NET: Registered protocol family 17
[    0.677246] Key type dns_resolver registered
[    0.678224] mce: Using 0 MCE banks
[    0.678959] RAS: Correctable Errors collector initialized.
[    0.680043] sched_clock: Marking stable (677195049, 0)->(857074155, -179879106)
[    0.681583] registered taskstats version 1
[    0.682214] Loading compiled-in X.509 certificates
[    0.684398] Loaded X.509 cert 'Build time autogenerated kernel key: 7480108fe56bba9284001dfb9078560125be4684'
[    0.685903] zswap: loaded using pool lzo/zbud
[    0.688423] Key type big_key registered
[    0.689055] Key type trusted registered
[    0.690605] Key type encrypted registered
[    0.691236] AppArmor: AppArmor sha1 policy hashing enabled
[    0.692033] ima: No TPM chip found, activating TPM-bypass! (rc=-19)
[    0.692992] ima: Allocated hash algorithm: sha1
[    0.693686] evm: HMAC attrs: 0x1
[    0.694417]   Magic number: 0:962:789
[    0.695032] rtc_cmos rtc_cmos: setting system clock to 2020-04-30 14:45:27 UTC (1588257927)
[    0.696318] BIOS EDD facility v0.16 2004-Jun-25, 0 devices found
[    0.697221] EDD information not available.
[    0.832707] Freeing unused kernel image memory: 2432K
[    0.840021] Write protecting the kernel read-only data: 20480k
[    0.841182] Freeing unused kernel image memory: 2008K
[    0.842188] Freeing unused kernel image memory: 1876K
[    0.849312] x86/mm: Checked W+X mappings: passed, no W+X pages found.
[    0.850257] x86/mm: Checking user space page tables
[    0.857203] x86/mm: Checked W+X mappings: passed, no W+X pages found.
Loading, please wait...
starting version 237
[    0.933909] e1000: Intel(R) PRO/1000 Network Driver - version 7.3.21-k8-NAPI
[    0.935065] e1000: Copyright (c) 1999-2006 Intel Corporation.
[    0.939050] Fusion MPT base driver 3.04.20
[    0.939786] Copyright (c) 1999-2008 LSI Corporation
[    0.951743] Fusion MPT SPI Host driver 3.04.20
[    0.965897] AVX2 version of gcm_enc/dec engaged.
[    0.966662] AES CTR mode by8 optimization enabled
[    1.167888] input: ImExPS/2 Generic Explorer Mouse as /devices/platform/i8042/serio1/input/input4
[    1.327764] e1000 0000:00:03.0 eth0: (PCI:33MHz:32-bit) 02:2b:21:86:a5:be
[    1.328827] e1000 0000:00:03.0 eth0: Intel(R) PRO/1000 Network Connection
[    1.330532] mptbase: ioc0: Initiating bringup
[    1.424161] ioc0: LSI53C1030 A0: Capabilities={Initiator}
[    1.665146] scsi host2: ioc0: LSI53C1030 A0, FwRev=00000000h, Ports=1, MaxQ=256, IRQ=20
[    1.832411] scsi 2:0:0:0: Direct-Access     VBOX     HARDDISK         1.0  PQ: 0 ANSI: 5
[    1.833608] scsi target2:0:0: Beginning Domain Validation
[    1.836103] random: fast init done
[    1.836635] scsi target2:0:0: Domain Validation skipping write tests
[    1.837550] scsi target2:0:0: Ending Domain Validation
[    1.838346] scsi target2:0:0: asynchronous
[    1.839335] scsi 2:0:1:0: Direct-Access     VBOX     HARDDISK         1.0  PQ: 0 ANSI: 5
[    1.840535] scsi target2:0:1: Beginning Domain Validation
[    1.842023] scsi target2:0:1: Domain Validation skipping write tests
[    1.842937] scsi target2:0:1: Ending Domain Validation
[    1.843723] scsi target2:0:1: asynchronous
[    1.847153] random: systemd-udevd: uninitialized urandom read (16 bytes read)
[    1.848251] random: systemd-udevd: uninitialized urandom read (16 bytes read)
[    1.849270] random: systemd-udevd: uninitialized urandom read (16 bytes read)
[    1.850609] sd 2:0:0:0: [sda] 20971520 512-byte logical blocks: (10.7 GB/10.0 GiB)
[    1.851776] sd 2:0:0:0: [sda] Write Protect is off
[    1.852615] sd 2:0:0:0: [sda] Incomplete mode parameter data
[    1.853434] sd 2:0:0:0: [sda] Assuming drive cache: write through
[    1.854377] sd 2:0:0:0: Attached scsi generic sg0 type 0
[    1.855613] sd 2:0:1:0: [sdb] 20480 512-byte logical blocks: (10.5 MB/10.0 MiB)
[    1.856874] sd 2:0:1:0: [sdb] Write Protect is off
[    1.857804] sd 2:0:1:0: [sdb] Incomplete mode parameter data
[    1.858640] sd 2:0:1:0: [sdb] Assuming drive cache: write through
[    1.859851] sd 2:0:1:0: Attached scsi generic sg1 type 0
[    1.866599]  sda: sda1
[    1.872261] sd 2:0:0:0: [sda] Attached SCSI disk
[    1.939693] sd 2:0:1:0: [sdb] Attached SCSI disk
[    2.213331] e1000 0000:00:08.0 eth1: (PCI:33MHz:32-bit) 08:00:27:7f:64:1b
[    2.214771] e1000 0000:00:08.0 eth1: Intel(R) PRO/1000 Network Connection
[    2.217249] e1000 0000:00:08.0 enp0s8: renamed from eth1
[    2.220072] e1000 0000:00:03.0 enp0s3: renamed from eth0
Begin: Loading essential drivers ... [    3.632232] raid6: sse2x1   gen() 12474 MB/s
[    3.680356] raid6: sse2x1   xor()  9472 MB/s
[    3.728468] raid6: sse2x2   gen() 16791 MB/s
[    3.776078] raid6: sse2x2   xor() 11212 MB/s
[    3.824202] raid6: sse2x4   gen() 19297 MB/s
[    3.872307] raid6: sse2x4   xor() 11101 MB/s
[    3.920405] raid6: avx2x1   gen() 27698 MB/s
[    3.968026] raid6: avx2x1   xor() 19006 MB/s
[    4.016146] raid6: avx2x2   gen() 33482 MB/s
[    4.064255] raid6: avx2x2   xor() 20908 MB/s
[    4.112373] raid6: avx2x4   gen() 38099 MB/s
[    4.160492] raid6: avx2x4   xor() 23582 MB/s
[    4.161219] raid6: using algorithm avx2x4 gen() 38099 MB/s
[    4.162077] raid6: .... xor() 23582 MB/s, rmw enabled
[    4.162893] raid6: using avx2x2 recovery algorithm
[    4.164906] xor: automatically using best checksumming function   avx       
[    4.167066] async_tx: api initialized (async)
done.
Begin: Running /scripts/init-premount ... done.
Begin: Mounting root file system ... Begin: Running /scripts/local-top ... done.
Begin: Running /scripts/local-premount ... [    4.208127] Btrfs loaded, crc32c=crc32c-intel
Scanning for Btrfs filesystems
done.
Warning: fsck not present, so skipping root file system
[    4.288053] EXT4-fs (sda1): mounted filesystem with ordered data mode. Opts: (null)
done.
Begin: Running /scripts/local-bottom ... done.
Begin: Running /scripts/init-bottom ... done.
[    4.982012] ip_tables: (C) 2000-2006 Netfilter Core Team
[    5.061309] systemd[1]: systemd 237 running in system mode. (+PAM +AUDIT +SELINUX +IMA +APPARMOR +SMACK +SYSVINIT +UTMP +LIBCRYPTSETUP +GCRYPT +GNUTLS +ACL +XZ +LZ4 +SECCOMP +BLKID +ELFUTILS +KMOD -IDN2 +IDN -PCRE2 default-hierarchy=hybrid)
[    5.064378] systemd[1]: Detected virtualization oracle.
[    5.065175] systemd[1]: Detected architecture x86-64.

Welcome to [1mUbuntu 18.04.4 LTS[0m!

[    5.090386] systemd[1]: Set hostname to <ubuntu>.
[    5.140280] systemd[1]: Initializing machine ID from random generator.
[    5.141353] systemd[1]: Installed transient /etc/machine-id file.
[    5.750887] random: crng init done
[    5.751453] random: 7 urandom warning(s) missed due to ratelimiting
[    6.276074] systemd[1]: Created slice System Slice.
[[0;32m  OK  [0m] Created slice System Slice.
[    6.277605] systemd[1]: Listening on udev Control Socket.
[[0;32m  OK  [0m] Listening on udev Control Socket.
[    6.279123] systemd[1]: Listening on Journal Socket (/dev/log).
[[0;32m  OK  [0m] Listening on Journal Socket (/dev/log).
[    6.280698] systemd[1]: Reached target Swap.
[[0;32m  OK  [0m] Reached target Swap.
[[0;32m  OK  [0m] Set up automount Arbitrary Executabâ€¦rmats File System Automount Point.
[[0;32m  OK  [0m] Listening on LVM2 poll daemon socket.
[[0;32m  OK  [0m] Created slice system-serial\x2dgetty.slice.
[[0;32m  OK  [0m] Listening on Syslog Socket.
[[0;32m  OK  [0m] Reached target System Time Synchronized.
[[0;32m  OK  [0m] Listening on /dev/initctl Compatibility Named Pipe.
[[0;32m  OK  [0m] Listening on Network Service Netlink Socket.
[[0;32m  OK  [0m] Started Forward Password Requests to Wall Directory Watch.
[[0;32m  OK  [0m] Created slice User and Session Slice.
[[0;32m  OK  [0m] Reached target Slices.
[[0;32m  OK  [0m] Listening on Device-mapper event daemon FIFOs.
[[0;32m  OK  [0m] Listening on udev Kernel Socket.
[[0;32m  OK  [0m] Listening on LVM2 metadata daemon socket.
[[0;32m  OK  [0m] Reached target User and Group Name Lookups.
[[0;32m  OK  [0m] Listening on Journal Audit Socket.
[[0;32m  OK  [0m] Listening on Journal Socket.
         Mounting POSIX Message Queue File System...
         Mounting Kernel Debug File System...
         Starting Load Kernel Modules...
         Starting Monitoring of LVM2 mirrorsâ€¦ng dmeventd or progress polling...
         Starting Set the console keyboard layout...
         Starting Journal Service...
         Starting Remount Root and Kernel File Systems...
         Starting Create list of required stâ€¦ce nodes for the current kernel...
         Starting Uncomplicated firewall...
         Starting udev Coldplug all Devices...
         Mounting Huge Pages File System...
[[0;32m  OK  [0m] Started Journal Service.
[[0;32m  OK  [0m] Mounted POSIX Message Queue File System.
[[0;32m  OK  [0m] Mounted Kernel Debug File System.
[[0;32m  OK  [0m] Started Create list of required staâ€¦vice nodes for the current kernel.
[[0;32m  OK  [0m] Mounted Huge Pages File System.
         Starting Create Static Device Nodes in /dev...
[    6.636033] Loading iSCSI transport class v2.0-870.
[    6.637085] EXT4-fs (sda1): re-mounted. Opts: (null)
[[0;32m  OK  [0m] Started Remount Root and Kernel File Systems.
[    6.957347] iscsi: registered transport (tcp)
[    6.985922] iscsi: registered transport (iser)
         Starting Load/Save Random Seed...
         Starting Flush Journal to Persistent Storage...
[[0;32m  OK  [0m] Started Load Kernel Modules.
[[0;32m  OK  [0m] Started Uncomplicated firewall.
         Mounting FUSE Control File System...
         Starting Apply Kernel Variables...
         Mounting Kernel Configuration File System...
[[0;32m  OK  [0m] Mounted FUSE Control File System.
[[0;32m  OK  [0m] Started LVM2 metadata daemon.
[[0;32m  OK  [0m] Mounted Kernel Configuration File System.
[[0;32m  OK  [0m] Started Create Static Device Nodes in /dev.
         Starting udev Kernel Device Manager...
[    7.119630] systemd-journald[387]: Received request to flush runtime journal from PID 1
[[0;32m  OK  [0m] Started udev Coldplug all Devices.
[[0;32m  OK  [0m] Started Set the console keyboard layout.
[[0;32m  OK  [0m] Started Load/Save Random Seed.
[[0;32m  OK  [0m] Started Apply Kernel Variables.
[[0;32m  OK  [0m] Started Monitoring of LVM2 mirrors,â€¦sing dmeventd or progress polling.
[[0;32m  OK  [0m] Reached target Local File Systems (Pre).
[[0;32m  OK  [0m] Reached target Local File Systems.
         Starting Tell Plymouth To Write Out Runtime Data...
         Starting Commit a transient machine-id on disk...
         Starting Set console font and keymap...
         Starting ebtables ruleset management...
         Starting AppArmor initialization...
[[0;32m  OK  [0m] Started Flush Journal to Persistent Storage.
         Starting Create Volatile Files and Directories...
[[0;32m  OK  [0m] Started Tell Plymouth To Write Out Runtime Data.
[[0;32m  OK  [0m] Started udev Kernel Device Manager.
[[0;32m  OK  [0m] Started Dispatch Password Requests to Console Directory Watch.
[[0;32m  OK  [0m] Reached target Local Encrypted Volumes.
[[0;32m  OK  [0m] Started Set console font and keymap.
[[0;32m  OK  [0m] Started Commit a transient machine-id on disk.
[[0;32m  OK  [0m] Started Create Volatile Files and Directories.
         Starting Update UTMP about System Boot/Shutdown...
[[0;32m  OK  [0m] Started Update UTMP about System Boot/Shutdown.
[[0;32m  OK  [0m] Started ebtables ruleset management.
[[0;32m  OK  [0m] Found device /dev/ttyS0.
[[0;32m  OK  [0m] Listening on Load/Save RF Kill Switch Status /dev/rfkill Watch.
[[0;32m  OK  [0m] Started AppArmor initialization.
         Starting Initial cloud-init job (pre-networking)...
[   14.102817] cloud-init[538]: Cloud-init v. 19.4-33-gbb4131a2-0ubuntu1~18.04.1 running 'init-local' at Thu, 30 Apr 2020 14:45:40 +0000. Up 13.22 seconds.
[[0;32m  OK  [0m] Started Initial cloud-init job (pre-networking).
[[0;32m  OK  [0m] Reached target Network (Pre).
         Starting Network Service...
[[0;32m  OK  [0m] Started Network Service.
         Starting Network Name Resolution...
         Starting Wait for Network to be Configured...
[[0;32m  OK  [0m] Started Network Name Resolution.
[[0;32m  OK  [0m] Reached target Host and Network Name Lookups.
[[0;32m  OK  [0m] Reached target Network.
[[0;32m  OK  [0m] Started Wait for Network to be Configured.
         Starting Initial cloud-init job (metadata service crawler)...
[   16.371296] cloud-init[657]: Cloud-init v. 19.4-33-gbb4131a2-0ubuntu1~18.04.1 running 'init' at Thu, 30 Apr 2020 14:45:42 +0000. Up 16.13 seconds.
[   16.373465] cloud-init[657]: ci-info: ++++++++++++++++++++++++++++++++++++++Net device info+++++++++++++++++++++++++++++++++++++++
[   16.376525] cloud-init[657]: ci-info: +--------+-------+----------------------------+---------------+--------+-------------------+
[   16.377938] cloud-init[657]: ci-info: | Device |   Up  |          Address           |      Mask     | Scope  |     Hw-Address    |
[   16.379733] cloud-init[657]: ci-info: +--------+-------+----------------------------+---------------+--------+-------------------+
[   16.383243] cloud-init[657]: ci-info: | enp0s3 |  True |         10.0.2.15          | 255.255.255.0 | global | 02:2b:21:86:a5:be |
[   16.384600] cloud-init[657]: ci-info: | enp0s3 |  True | fe80::2b:21ff:fe86:a5be/64 |       .       |  link  | 02:2b:21:86:a5:be |
[   16.385961] cloud-init[657]: ci-info: | enp0s8 | False |             .              |       .       |   .    | 08:00:27:7f:64:1b |
[   16.387407] cloud-init[657]: ci-info: |   lo   |  True |         127.0.0.1          |   255.0.0.0   |  host  |         .         |
[   16.388601] cloud-init[657]: ci-info: |   lo   |  True |          ::1/128           |       .       |  host  |         .         |
[   16.390555] cloud-init[657]: ci-info: +--------+-------+----------------------------+---------------+--------+-------------------+
[   16.392564] cloud-init[657]: ci-info: ++++++++++++++++++++++++++++Route IPv4 info+++++++++++++++++++++++++++++
[   16.397333] cloud-init[657]: ci-info: +-------+-------------+----------+-----------------+-----------+-------+
[   16.408293] cloud-init[657]: ci-info: | Route | Destination | Gateway  |     Genmask     | Interface | Flags |
[   16.409492] cloud-init[657]: ci-info: +-------+-------------+----------+-----------------+-----------+-------+
[   16.410672] cloud-init[657]: ci-info: |   0   |   0.0.0.0   | 10.0.2.2 |     0.0.0.0     |   enp0s3  |   UG  |
[   16.412913] cloud-init[657]: ci-info: |   1   |   10.0.2.0  | 0.0.0.0  |  255.255.255.0  |   enp0s3  |   U   |
[   16.417988] cloud-init[657]: ci-info: |   2   |   10.0.2.2  | 0.0.0.0  | 255.255.255.255 |   enp0s3  |   UH  |
[   16.421207] cloud-init[657]: ci-info: +-------+-------------+----------+-----------------+-----------+-------+
[   16.424513] cloud-init[657]: ci-info: +++++++++++++++++++Route IPv6 info+++++++++++++++++++
[   16.425851] cloud-init[657]: ci-info: +-------+-------------+---------+-----------+-------+
[   16.426909] cloud-init[657]: ci-info: | Route | Destination | Gateway | Interface | Flags |
[   16.428572] cloud-init[657]: ci-info: +-------+-------------+---------+-----------+-------+
[   16.430213] cloud-init[657]: ci-info: |   1   |  fe80::/64  |    ::   |   enp0s3  |   U   |
[   16.431566] cloud-init[657]: ci-info: |   3   |    local    |    ::   |   enp0s3  |   U   |
[   16.432647] cloud-init[657]: ci-info: |   4   |   ff00::/8  |    ::   |   enp0s3  |   U   |
[   16.433741] cloud-init[657]: ci-info: +-------+-------------+---------+-----------+-------+
[   17.717593] cloud-init[657]: Generating public/private rsa key pair.
[   17.718937] cloud-init[657]: Your identification has been saved in /etc/ssh/ssh_host_rsa_key.
[   17.719735] cloud-init[657]: Your public key has been saved in /etc/ssh/ssh_host_rsa_key.pub.
[   17.720604] cloud-init[657]: The key fingerprint is:
[   17.721189] cloud-init[657]: SHA256:i/+fEhkKghvZcRmUAcuJ7iZbf/4Qi6lpwq5jK1g6lF0 root@ubuntu-bionic
[   17.724577] cloud-init[657]: The key's randomart image is:
[   17.725426] cloud-init[657]: +---[RSA 2048]----+
[   17.728564] cloud-init[657]: |    .o+=         |
[   17.729290] cloud-init[657]: |   o.o+          |
[   17.730006] cloud-init[657]: |  .++o           |
[   17.732552] cloud-init[657]: | .+ oE.   .      |
[   17.733203] cloud-init[657]: |  +o....S. o     |
[   17.736516] cloud-init[657]: | +o. o +..o      |
[   17.737248] cloud-init[657]: |=o+ o + .  .     |
[   17.737927] cloud-init[657]: |BB.+  .o  .  .   |
[   17.740449] cloud-init[657]: |BB+ .o..o..oo    |
[   17.741129] cloud-init[657]: +----[SHA256]-----+
[   17.744445] cloud-init[657]: Generating public/private dsa key pair.
[   17.745444] cloud-init[657]: Your identification has been saved in /etc/ssh/ssh_host_dsa_key.
[   17.746561] cloud-init[657]: Your public key has been saved in /etc/ssh/ssh_host_dsa_key.pub.
[   17.748167] cloud-init[657]: The key fingerprint is:
[   17.752371] cloud-init[657]: SHA256:33URlMDMcMJgPU9CSmnaxLXxfylQpeYmaY/lv1RvuZY root@ubuntu-bionic
[   17.753637] cloud-init[657]: The key's randomart image is:
[   17.756342] cloud-init[657]: +---[DSA 1024]----+
[   17.757294] cloud-init[657]: |        .+B*=+++.|
[   17.758233] cloud-init[657]: |        o=.=B=...|
[   17.760279] cloud-init[657]: |        =. o=+ . |
[   17.761193] cloud-init[657]: |       . .  =.. o|
[   17.764326] cloud-init[657]: |        S  + =.o+|
[   17.765664] cloud-init[657]: |         ...B...=|
[   17.766445] cloud-init[657]: |          ...o o+|
[   17.768208] cloud-init[657]: |              oE.|
[   17.772218] cloud-init[657]: |              .+.|
[   17.772914] cloud-init[657]: +----[SHA256]-----+
[   17.773603] cloud-init[657]: Generating public/private ecdsa key pair.
[   17.774659] cloud-init[657]: Your identification has been saved in /etc/ssh/ssh_host_ecdsa_key.
[   17.776138] cloud-init[657]: Your public key has been saved in /etc/ssh/ssh_host_ecdsa_key.pub.
[   17.780207] cloud-init[657]: The key fingerprint is:
[   17.782041] cloud-init[657]: SHA256:pv2JAB91yOM+OLp1ZsXLvXV2FZoi2rCY1wocmYVnuQY root@ubuntu-bionic
[   17.792558] cloud-init[657]: The key's randomart image is:
[   17.793308] cloud-init[657]: +---[ECDSA 256]---+
[   17.793960] cloud-init[657]: |                 |
[   17.794592] cloud-init[657]: |      ....       |
[   17.795240] cloud-init[657]: |     E == .    . |
[   17.796507] cloud-init[657]: |      Bo.+    o .|
[   17.800469] cloud-init[657]: |    .+.+S.o. o  .|
[   17.800851] cloud-init[657]: |    .o=B*o.o.   .|
[   17.801499] cloud-init[657]: |     =B+Boo . . +|
[   17.802170] cloud-init[657]: |     oo*.+ . o o.|
[   17.804457] cloud-init[657]: |    o. .. o .    |
[   17.805194] cloud-init[657]: +----[SHA256]-----+
[   17.808410] cloud-init[657]: Generating public/private ed25519 key pair.
[   17.809555] cloud-init[657]: Your identification has been saved in /etc/ssh/ssh_host_ed25519_key.
[   17.810647] cloud-init[657]: Your public key has been saved in /etc/ssh/ssh_host_ed25519_key.pub.
[   17.815124] cloud-init[657]: The key fingerprint is:
[   17.815981] cloud-init[657]: SHA256:bykIkR4kjqg0YATN9BZjr/pOVrRwVHxVpRyKOEiMckA root@ubuntu-bionic
[   17.817224] cloud-init[657]: The key's randomart image is:
[[0;32m  OK  [0m] Started Initial cloud-init job (metadata service crawler).
[[0;32m  OK  [0m] Reached target Cloud-config availability.
[[0;32m  OK  [0m] Reached target Network is Online.
[   17.821203] cloud-init[657]: +--[ED25519 256]--+
         Starting Availability of block devices...
[   17.823287] cloud-init[657]: |=BE.=ooo.  ...o..|
[[0;32m  OK  [0m[   17.824303] cloud-init[657]: |+o+=oB...... o o |
[   17.824962] cloud-init[657]: |oo.oB = o.. . o  |
[   17.825677] cloud-init[657]: |o .o B . .       |
[   17.826312] cloud-init[657]: |.   + o S        |
[   17.826941] cloud-init[657]: |   . o . . .     |
[   17.827635] cloud-init[657]: |  . o . . +      |] Reached target Remote File Systems (Pre).
[[0;32m  OK  [0m] Reached target Remote File Systems.
[[0;32m  OK  [0m] Reached target System Initialization.
[[0;32m  OK  [0m] Listening on D-Bus System Message Bus Socket.
         Starting Socket activation for snappy daemon.
[[0;32m  OK  [0m] Listening on Open-iSCSI iscsid Socket.
[[0;32m  OK  [0m] Started Discard unused blocks once a week.
[[0;32m  OK  [0m] Listening on ACPID Listen Socket.

[   17.843640] cloud-init[657]: |   +     o       |
[   17.845632] cloud-init[657]: |   .o            |
[   17.847183] cloud-init[657]: +----[SHA256]-----+
         Starting LXD - unix socket.
[[0;32m  OK  [0m] Listening on UUID daemon activation socket.
[[0;32m  OK  [0m] Started Daily apt download activities.
[[0;32m  OK  [0m] Started Daily apt upgrade and clean activities.
[[0;32m  OK  [0m] Started Daily Cleanup of Temporary Directories.
[[0;32m  OK  [0m] Started Message of the Day.
[[0;32m  OK  [0m] Reached target Timers.
[[0;32m  OK  [0m] Started ACPI Events Check.
[[0;32m  OK  [0m] Reached target Paths.
[[0;32m  OK  [0m] Started Availability of block devices.
[[0;32m  OK  [0m] Listening on Socket activation for snappy daemon.
[[0;32m  OK  [0m] Listening on LXD - unix socket.
[[0;32m  OK  [0m] Reached target Sockets.
[[0;32m  OK  [0m] Reached target Basic System.
         Starting LSB: automatic crash report generation...
         Starting Pollinate to seed the pseudo random number generator...
         Starting Dispatcher daemon for systemd-networkd...
[[0;32m  OK  [0m] Started irqbalance daemon.
         Starting Login Service...
         Starting Virtualbox guest utils...
         Starting Accounts Service...
         Starting LSB: Record successful boot for GRUB...
         Starting System Logging Service...
[[0;32m  OK  [0m] Started Deferred execution scheduler.
[[0;32m  OK  [0m] Started Regular background program processing daemon.
         Starting Permit User Sessions...
[[0;32m  OK  [0m] Started D-Bus System Message Bus.
[[0;32m  OK  [0m] Started Login Service.
[[0;32m  OK  [0m] Started Unattended Upgrades Shutdown.
         Starting LXD - container startup/shutdown...
[[0;32m  OK  [0m] Started FUSE filesystem for LXC.
         Starting Snappy daemon...
[[0;32m  OK  [0m] Started System Logging Service.
[[0;32m  OK  [0m] Started Permit User Sessions.
         Starting Terminate Plymouth Boot Screen...
         Starting Hold until boot process finishes up...
[[0;32m  OK  [0m] Started Hold until boot process finishes up.
         Starting Set console scheme...
[[0;32m  OK  [0m] Started Serial Getty on ttyS0.
[[0;32m  OK  [0m] Started Terminate Plymouth Boot Screen.
[[0;32m  OK  [0m] Started Set console scheme.
[[0;32m  OK  [0m] Created slice system-getty.slice.
[[0;32m  OK  [0m] Started Getty on tty1.
[[0;32m  OK  [0m] Reached target Login Prompts.
         Starting Authorization Manager...
[[0;32m  OK  [0m] Started LSB: automatic crash report generation.
[[0;32m  OK  [0m] Started LSB: Record successful boot for GRUB.
[[0;32m  OK  [0m] Started Authorization Manager.
[[0;32m  OK  [0m] Started Accounts Service.
[[0;32m  OK  [0m] Started Virtualbox guest utils.
[[0;32m  OK  [0m] Started Dispatcher daemon for systemd-networkd.
[[0;32m  OK  [0m] Started LXD - container startup/shutdown.
[[0;32m  OK  [0m] Started Snappy daemon.
         Starting Wait until snapd is fully seeded...
[[0;32m  OK  [0m] Started Wait until snapd is fully seeded.
         Starting Apply the settings specified in cloud-config...
[   24.262860] cloud-init[1186]: Cloud-init v. 19.4-33-gbb4131a2-0ubuntu1~18.04.1 running 'modules:config' at Thu, 30 Apr 2020 14:45:50 +0000. Up 23.26 seconds.

Ubuntu 18.04.4 LTS ubuntu-bionic ttyS0

ubuntu-bionic login: ci-info: no authorized SSH keys fingerprints found for user ubuntu.
<14>Apr 30 14:45:54 ec2: 
<14>Apr 30 14:45:54 ec2: #############################################################
<14>Apr 30 14:45:54 ec2: -----BEGIN SSH HOST KEY FINGERPRINTS-----
<14>Apr 30 14:45:54 ec2: 1024 SHA256:33URlMDMcMJgPU9CSmnaxLXxfylQpeYmaY/lv1RvuZY root@ubuntu-bionic (DSA)
<14>Apr 30 14:45:54 ec2: 256 SHA256:pv2JAB91yOM+OLp1ZsXLvXV2FZoi2rCY1wocmYVnuQY root@ubuntu-bionic (ECDSA)
<14>Apr 30 14:45:54 ec2: 256 SHA256:bykIkR4kjqg0YATN9BZjr/pOVrRwVHxVpRyKOEiMckA root@ubuntu-bionic (ED25519)
<14>Apr 30 14:45:54 ec2: 2048 SHA256:i/+fEhkKghvZcRmUAcuJ7iZbf/4Qi6lpwq5jK1g6lF0 root@ubuntu-bionic (RSA)
<14>Apr 30 14:45:54 ec2: -----END SSH HOST KEY FINGERPRINTS-----
<14>Apr 30 14:45:54 ec2: #############################################################
-----BEGIN SSH HOST KEY KEYS-----
ecdsa-sha2-nistp256 AAAAE2VjZHNhLXNoYTItbmlzdHAyNTYAAAAIbmlzdHAyNTYAAABBBBOuN3M0pIIJRamsW2WKJgHb2m9Q66JqF/eGhhel/puHHz0oZLOK5APbRo6UlmUgqHljZ+wRkdS+y/sq7NKPEeo= root@ubuntu-bionic
ssh-ed25519 AAAAC3NzaC1lZDI1NTE5AAAAIG8aFyirQJPrgy5uvn6M89vD5nT6gIkNomYIlWsOodAf root@ubuntu-bionic
ssh-rsa AAAAB3NzaC1yc2EAAAADAQABAAABAQDU5SftlvYJDBCfXR5BgykF5J09aAKGubP56UBfJPah3cfpUj6PlOtYFaI0vBexo3FMVK6E8t9Ziitety7J1iACK71CWwHHY9Q3/hYUZesI2M8MOYtR5N7+BB4rQ4OlSwMsxRzgLFW75HT4lE+30uStT9aTTdlj0B4MSa4kiCKaBjoH6rnMp1BdDlDjxm3CTRIIuY1r+ogpIy//IPiLp1wFUMfT4HaX72U9KwZxGADAFi2f3MJXNZfOCfX167KWh0zSZNvznqiXLNL2mdc/uSl8HsnMRHzRCPc6bhF04jCVriIm34xPMNnddkShYkcLBVKQqL3+nY4c7jKziRf8/fKT root@ubuntu-bionic
-----END SSH HOST KEY KEYS-----
[   28.027661] cloud-init[1292]: Cloud-init v. 19.4-33-gbb4131a2-0ubuntu1~18.04.1 running 'modules:final' at Thu, 30 Apr 2020 14:45:54 +0000. Up 27.79 seconds.
[   28.029258] cloud-init[1292]: ci-info: no authorized SSH keys fingerprints found for user ubuntu.
[   28.030340] cloud-init[1292]: Cloud-init v. 19.4-33-gbb4131a2-0ubuntu1~18.04.1 finished at Thu, 30 Apr 2020 14:45:54 +0000. Datasource DataSourceNoCloud [seed=/dev/sdb][dsmode=net].  Up 28.01 seconds
