[    0.000000] Linux version 4.15.0-99-generic (buildd@lcy01-amd64-013) (gcc version 7.5.0 (Ubuntu 7.5.0-3ubuntu1~18.04)) #100-Ubuntu SMP Wed Apr 22 20:32:56 UTC 2020 (Ubuntu 4.15.0-99.100-generic 4.15.18)
[    0.000000] Command line: BOOT_IMAGE=/boot/vmlinuz-4.15.0-99-generic root=LABEL=cloudimg-rootfs ro console=tty1 console=ttyS0
[    0.000000] KERNEL supported cpus:
[    0.000000]   Intel GenuineIntel
[    0.000000]   AMD AuthenticAMD
[    0.000000]   Centaur CentaurHauls
[    0.000000] x86/fpu: Supporting XSAVE feature 0x001: 'x87 floating point registers'
[    0.000000] x86/fpu: Supporting XSAVE feature 0x002: 'SSE registers'
[    0.000000] x86/fpu: Supporting XSAVE feature 0x004: 'AVX registers'
[    0.000000] x86/fpu: xstate_offset[2]:  576, xstate_sizes[2]:  256
[    0.000000] x86/fpu: Enabled xstate features 0x7, context size is 832 bytes, using 'standard' format.
[    0.000000] e820: BIOS-provided physical RAM map:
[    0.000000] BIOS-e820: [mem 0x0000000000000000-0x000000000009fbff] usable
[    0.000000] BIOS-e820: [mem 0x000000000009fc00-0x000000000009ffff] reserved
[    0.000000] BIOS-e820: [mem 0x00000000000f0000-0x00000000000fffff] reserved
[    0.000000] BIOS-e820: [mem 0x0000000000100000-0x000000007ffeffff] usable
[    0.000000] BIOS-e820: [mem 0x000000007fff0000-0x000000007fffffff] ACPI data
[    0.000000] BIOS-e820: [mem 0x00000000fec00000-0x00000000fec00fff] reserved
[    0.000000] BIOS-e820: [mem 0x00000000fee00000-0x00000000fee00fff] reserved
[    0.000000] BIOS-e820: [mem 0x00000000fffc0000-0x00000000ffffffff] reserved
[    0.000000] NX (Execute Disable) protection: active
[    0.000000] SMBIOS 2.5 present.
[    0.000000] DMI: innotek GmbH VirtualBox/VirtualBox, BIOS VirtualBox 12/01/2006
[    0.000000] Hypervisor detected: KVM
[    0.000000] e820: last_pfn = 0x7fff0 max_arch_pfn = 0x400000000
[    0.000000] MTRR: Disabled
[    0.000000] x86/PAT: MTRRs disabled, skipping PAT initialization too.
[    0.000000] CPU MTRRs all blank - virtualized system.
[    0.000000] x86/PAT: Configuration [0-7]: WB  WT  UC- UC  WB  WT  UC- UC  
[    0.000000] found SMP MP-table at [mem 0x0009fff0-0x0009ffff]
[    0.000000] Scanning 1 areas for low memory corruption
[    0.000000] RAMDISK: [mem 0x35a6b000-0x36d2cfff]
[    0.000000] ACPI: Early table checksum verification disabled
[    0.000000] ACPI: RSDP 0x00000000000E0000 000024 (v02 VBOX  )
[    0.000000] ACPI: XSDT 0x000000007FFF0030 00003C (v01 VBOX   VBOXXSDT 00000001 ASL  00000061)
[    0.000000] ACPI: FACP 0x000000007FFF00F0 0000F4 (v04 VBOX   VBOXFACP 00000001 ASL  00000061)
[    0.000000] ACPI: DSDT 0x000000007FFF0470 002325 (v02 VBOX   VBOXBIOS 00000002 INTL 20100528)
[    0.000000] ACPI: FACS 0x000000007FFF0200 000040
[    0.000000] ACPI: FACS 0x000000007FFF0200 000040
[    0.000000] ACPI: APIC 0x000000007FFF0240 00005C (v02 VBOX   VBOXAPIC 00000001 ASL  00000061)
[    0.000000] ACPI: SSDT 0x000000007FFF02A0 0001CC (v01 VBOX   VBOXCPUT 00000002 INTL 20100528)
[    0.000000] No NUMA configuration found
[    0.000000] Faking a node at [mem 0x0000000000000000-0x000000007ffeffff]
[    0.000000] NODE_DATA(0) allocated [mem 0x7ffc5000-0x7ffeffff]
[    0.000000] kvm-clock: cpu 0, msr 0:7ff44001, primary cpu clock
[    0.000000] kvm-clock: Using msrs 4b564d01 and 4b564d00
[    0.000000] kvm-clock: using sched offset of 3635941481 cycles
[    0.000000] clocksource: kvm-clock: mask: 0xffffffffffffffff max_cycles: 0x1cd42e4dffb, max_idle_ns: 881590591483 ns
[    0.000000] Zone ranges:
[    0.000000]   DMA      [mem 0x0000000000001000-0x0000000000ffffff]
[    0.000000]   DMA32    [mem 0x0000000001000000-0x000000007ffeffff]
[    0.000000]   Normal   empty
[    0.000000]   Device   empty
[    0.000000] Movable zone start for each node
[    0.000000] Early memory node ranges
[    0.000000]   node   0: [mem 0x0000000000001000-0x000000000009efff]
[    0.000000]   node   0: [mem 0x0000000000100000-0x000000007ffeffff]
[    0.000000] Reserved but unavailable: 98 pages
[    0.000000] Initmem setup node 0 [mem 0x0000000000001000-0x000000007ffeffff]
[    0.000000] ACPI: PM-Timer IO Port: 0x4008
[    0.000000] IOAPIC[0]: apic_id 2, version 32, address 0xfec00000, GSI 0-23
[    0.000000] ACPI: INT_SRC_OVR (bus 0 bus_irq 0 global_irq 2 dfl dfl)
[    0.000000] ACPI: INT_SRC_OVR (bus 0 bus_irq 9 global_irq 9 low level)
[    0.000000] Using ACPI (MADT) for SMP configuration information
[    0.000000] smpboot: Allowing 2 CPUs, 0 hotplug CPUs
[    0.000000] PM: Registered nosave memory: [mem 0x00000000-0x00000fff]
[    0.000000] PM: Registered nosave memory: [mem 0x0009f000-0x0009ffff]
[    0.000000] PM: Registered nosave memory: [mem 0x000a0000-0x000effff]
[    0.000000] PM: Registered nosave memory: [mem 0x000f0000-0x000fffff]
[    0.000000] e820: [mem 0x80000000-0xfebfffff] available for PCI devices
[    0.000000] Booting paravirtualized kernel on KVM
[    0.000000] clocksource: refined-jiffies: mask: 0xffffffff max_cycles: 0xffffffff, max_idle_ns: 7645519600211568 ns
[    0.000000] random: get_random_bytes called from start_kernel+0x99/0x4fd with crng_init=0
[    0.000000] setup_percpu: NR_CPUS:8192 nr_cpumask_bits:2 nr_cpu_ids:2 nr_node_ids:1
[    0.000000] percpu: Embedded 45 pages/cpu s147456 r8192 d28672 u1048576
[    0.000000] PV qspinlock hash table entries: 256 (order: 0, 4096 bytes)
[    0.000000] Built 1 zonelists, mobility grouping on.  Total pages: 515961
[    0.000000] Policy zone: DMA32
[    0.000000] Kernel command line: BOOT_IMAGE=/boot/vmlinuz-4.15.0-99-generic root=LABEL=cloudimg-rootfs ro console=tty1 console=ttyS0
[    0.000000] Memory: 2015252K/2096696K available (12300K kernel code, 2481K rwdata, 4268K rodata, 2432K init, 2712K bss, 81444K reserved, 0K cma-reserved)
[    0.000000] SLUB: HWalign=64, Order=0-3, MinObjects=0, CPUs=2, Nodes=1
[    0.000000] Kernel/User page tables isolation: enabled
[    0.000000] ftrace: allocating 39364 entries in 154 pages
[    0.004000] Hierarchical RCU implementation.
[    0.004000] 	RCU restricting CPUs from NR_CPUS=8192 to nr_cpu_ids=2.
[    0.004000] 	Tasks RCU enabled.
[    0.004000] RCU: Adjusting geometry for rcu_fanout_leaf=16, nr_cpu_ids=2
[    0.004000] NR_IRQS: 524544, nr_irqs: 440, preallocated irqs: 16
[    0.004000] Console: colour VGA+ 80x25
[    0.004000] console [tty1] enabled
[    0.004000] console [ttyS0] enabled
[    0.004000] ACPI: Core revision 20170831
[    0.004000] ACPI: 2 ACPI AML tables successfully acquired and loaded
[    0.004000] APIC: Switch to symmetric I/O mode setup
[    0.004000] x2apic enabled
[    0.004000] Switched APIC routing to physical x2apic.
[    0.004000] ..TIMER: vector=0x30 apic1=0 pin1=2 apic2=-1 pin2=-1
[    0.004000] tsc: Detected 4008.004 MHz processor
[    0.004000] Calibrating delay loop (skipped) preset value.. 8016.00 BogoMIPS (lpj=16032016)
[    0.004003] pid_max: default: 32768 minimum: 301
[    0.004707] Security Framework initialized
[    0.005201] Yama: becoming mindful.
[    0.005656] AppArmor: AppArmor initialized
[    0.008081] Dentry cache hash table entries: 262144 (order: 9, 2097152 bytes)
[    0.012037] Inode-cache hash table entries: 131072 (order: 8, 1048576 bytes)
[    0.013058] Mount-cache hash table entries: 4096 (order: 3, 32768 bytes)
[    0.013996] Mountpoint-cache hash table entries: 4096 (order: 3, 32768 bytes)
[    0.015256] Last level iTLB entries: 4KB 64, 2MB 8, 4MB 8
[    0.016001] Last level dTLB entries: 4KB 64, 2MB 0, 4MB 0, 1GB 4
[    0.016904] Spectre V1 : Mitigation: usercopy/swapgs barriers and __user pointer sanitization
[    0.018132] Spectre V2 : Mitigation: Full generic retpoline
[    0.018930] Spectre V2 : Spectre v2 / SpectreRSB mitigation: Filling RSB on context switch
[    0.020003] Speculative Store Bypass: Vulnerable
[    0.020716] MDS: Vulnerable: Clear CPU buffers attempted, no microcode
[    0.021790] Freeing SMP alternatives memory: 36K
[    0.132966] smpboot: CPU0: Intel(R) Core(TM) i7-6700K CPU @ 4.00GHz (family: 0x6, model: 0x5e, stepping: 0x3)
[    0.134200] Performance Events: unsupported p6 CPU model 94 no PMU driver, software events only.
[    0.135275] Hierarchical SRCU implementation.
[    0.136000] NMI watchdog: Perf event create on CPU 0 failed with -2
[    0.136001] NMI watchdog: Perf NMI watchdog permanently disabled
[    0.136793] smp: Bringing up secondary CPUs ...
[    0.137433] x86: Booting SMP configuration:
[    0.137969] .... node  #0, CPUs:      #1
[    0.004000] kvm-clock: cpu 1, msr 0:7ff44041, secondary cpu clock
[    0.140013] smp: Brought up 1 node, 2 CPUs
[    0.140567] smpboot: Max logical packages: 1
[    0.141287] smpboot: Total of 2 processors activated (16032.01 BogoMIPS)
[    0.144037] devtmpfs: initialized
[    0.144538] x86/mm: Memory block size: 128MB
[    0.145234] evm: security.selinux
[    0.145785] evm: security.SMACK64
[    0.146258] evm: security.SMACK64EXEC
[    0.146724] evm: security.SMACK64TRANSMUTE
[    0.147237] evm: security.SMACK64MMAP
[    0.147702] evm: security.apparmor
[    0.148002] evm: security.ima
[    0.148389] evm: security.capability
[    0.148867] clocksource: jiffies: mask: 0xffffffff max_cycles: 0xffffffff, max_idle_ns: 7645041785100000 ns
[    0.149156] futex hash table entries: 512 (order: 3, 32768 bytes)
[    0.149900] pinctrl core: initialized pinctrl subsystem
[    0.150594] RTC time: 19:31:22, date: 06/02/20
[    0.152107] NET: Registered protocol family 16
[    0.152794] audit: initializing netlink subsys (disabled)
[    0.153470] audit: type=2000 audit(1591126287.655:1): state=initialized audit_enabled=0 res=1
[    0.153470] cpuidle: using governor ladder
[    0.153470] cpuidle: using governor menu
[    0.153470] ACPI: bus type PCI registered
[    0.156008] acpiphp: ACPI Hot Plug PCI Controller Driver version: 0.5
[    0.157218] PCI: Using configuration type 1 for base access
[    0.162086] HugeTLB registered 2.00 MiB page size, pre-allocated 0 pages
[    0.162086] ACPI: Added _OSI(Module Device)
[    0.162086] ACPI: Added _OSI(Processor Device)
[    0.164005] ACPI: Added _OSI(3.0 _SCP Extensions)
[    0.164617] ACPI: Added _OSI(Processor Aggregator Device)
[    0.165405] ACPI: Added _OSI(Linux-Dell-Video)
[    0.166064] ACPI: Added _OSI(Linux-Lenovo-NV-HDMI-Audio)
[    0.166839] ACPI: Added _OSI(Linux-HPI-Hybrid-Graphics)
[    0.168231] ACPI: Executed 1 blocks of module-level executable AML code
[    0.171828] ACPI: Interpreter enabled
[    0.172012] ACPI: (supports S0 S5)
[    0.172442] ACPI: Using IOAPIC for interrupt routing
[    0.173196] PCI: Using host bridge windows from ACPI; if necessary, use "pci=nocrs" and report a bug
[    0.174427] ACPI: Enabled 2 GPEs in block 00 to 07
[    0.181724] ACPI: PCI Root Bridge [PCI0] (domain 0000 [bus 00-ff])
[    0.182679] acpi PNP0A03:00: _OSC: OS supports [ASPM ClockPM Segments MSI]
[    0.184314] acpi PNP0A03:00: _OSC: not requesting OS control; OS requires [ExtendedConfig ASPM ClockPM MSI]
[    0.185801] acpi PNP0A03:00: fail to add MMCONFIG information, can't access extended PCI configuration space under this bridge.
[    0.187991] PCI host bridge to bus 0000:00
[    0.188004] pci_bus 0000:00: root bus resource [io  0x0000-0x0cf7 window]
[    0.189046] pci_bus 0000:00: root bus resource [io  0x0d00-0xffff window]
[    0.190080] pci_bus 0000:00: root bus resource [mem 0x000a0000-0x000bffff window]
[    0.191262] pci_bus 0000:00: root bus resource [mem 0x80000000-0xfdffffff window]
[    0.192005] pci_bus 0000:00: root bus resource [bus 00-ff]
[    0.194273] pci 0000:00:01.1: legacy IDE quirk: reg 0x10: [io  0x01f0-0x01f7]
[    0.196002] pci 0000:00:01.1: legacy IDE quirk: reg 0x14: [io  0x03f6]
[    0.196834] pci 0000:00:01.1: legacy IDE quirk: reg 0x18: [io  0x0170-0x0177]
[    0.197719] pci 0000:00:01.1: legacy IDE quirk: reg 0x1c: [io  0x0376]
[    0.215867] pci 0000:00:07.0: quirk: [io  0x4000-0x403f] claimed by PIIX4 ACPI
[    0.216013] pci 0000:00:07.0: quirk: [io  0x4100-0x410f] claimed by PIIX4 SMB
[    0.228795] ACPI: PCI Interrupt Link [LNKA] (IRQs 5 9 10 *11)
[    0.229734] ACPI: PCI Interrupt Link [LNKB] (IRQs 5 9 *10 11)
[    0.230508] ACPI: PCI Interrupt Link [LNKC] (IRQs 5 *9 10 11)
[    0.231473] ACPI: PCI Interrupt Link [LNKD] (IRQs 5 9 10 *11)
[    0.232154] SCSI subsystem initialized
[    0.232651] pci 0000:00:02.0: vgaarb: setting as boot VGA device
[    0.232964] pci 0000:00:02.0: vgaarb: VGA device added: decodes=io+mem,owns=io+mem,locks=none
[    0.234014] pci 0000:00:02.0: vgaarb: bridge control possible
[    0.234689] vgaarb: loaded
[    0.235088] ACPI: bus type USB registered
[    0.236024] usbcore: registered new interface driver usbfs
[    0.236698] usbcore: registered new interface driver hub
[    0.237353] usbcore: registered new device driver usb
[    0.238055] EDAC MC: Ver: 3.0.0
[    0.238055] PCI: Using ACPI for IRQ routing
[    0.240036] NetLabel: Initializing
[    0.240472] NetLabel:  domain hash size = 128
[    0.241005] NetLabel:  protocols = UNLABELED CIPSOv4 CALIPSO
[    0.241761] NetLabel:  unlabeled traffic allowed by default
[    0.242518] clocksource: Switched to clocksource kvm-clock
[    0.252547] VFS: Disk quotas dquot_6.6.0
[    0.253067] VFS: Dquot-cache hash table entries: 512 (order 0, 4096 bytes)
[    0.253964] AppArmor: AppArmor Filesystem Enabled
[    0.254634] pnp: PnP ACPI init
[    0.255774] pnp: PnP ACPI: found 3 devices
[    0.264318] clocksource: acpi_pm: mask: 0xffffff max_cycles: 0xffffff, max_idle_ns: 2085701024 ns
[    0.265423] NET: Registered protocol family 2
[    0.266145] TCP established hash table entries: 16384 (order: 5, 131072 bytes)
[    0.267221] TCP bind hash table entries: 16384 (order: 6, 262144 bytes)
[    0.268107] TCP: Hash tables configured (established 16384 bind 16384)
[    0.270588] UDP hash table entries: 1024 (order: 3, 32768 bytes)
[    0.271310] UDP-Lite hash table entries: 1024 (order: 3, 32768 bytes)
[    0.272090] NET: Registered protocol family 1
[    0.272949] pci 0000:00:00.0: Limiting direct PCI/PCI transfers
[    0.274043] pci 0000:00:01.0: Activating ISA DMA hang workarounds
[    0.275101] pci 0000:00:02.0: Video device with shadowed ROM at [mem 0x000c0000-0x000dffff]
[    0.276638] Unpacking initramfs...
[    0.544258] Freeing initrd memory: 19208K
[    0.544890] clocksource: tsc: mask: 0xffffffffffffffff max_cycles: 0x39c5e55cdd3, max_idle_ns: 440795219181 ns
[    0.546098] platform rtc_cmos: registered platform RTC device (no PNP device found)
[    0.547176] Scanning for low memory corruption every 60 seconds
[    0.548423] Initialise system trusted keyrings
[    0.549015] Key type blacklist registered
[    0.549593] workingset: timestamp_bits=36 max_order=19 bucket_order=0
[    0.551002] zbud: loaded
[    0.551716] squashfs: version 4.0 (2009/01/31) Phillip Lougher
[    0.552705] fuse init (API version 7.26)
[    0.554893] Key type asymmetric registered
[    0.555455] Asymmetric key parser 'x509' registered
[    0.556083] Block layer SCSI generic (bsg) driver version 0.4 loaded (major 246)
[    0.557439] io scheduler noop registered
[    0.558042] io scheduler deadline registered
[    0.558695] io scheduler cfq registered (default)
[    0.559589] ACPI: AC Adapter [AC] (on-line)
[    0.560158] input: Power Button as /devices/LNXSYSTM:00/LNXPWRBN:00/input/input0
[    0.561313] ACPI: Power Button [PWRF]
[    0.561874] input: Sleep Button as /devices/LNXSYSTM:00/LNXSLPBN:00/input/input1
[    0.562821] ACPI: Sleep Button [SLPF]
[    0.563693] Serial: 8250/16550 driver, 32 ports, IRQ sharing enabled
[    0.585197] 00:02: ttyS0 at I/O 0x3f8 (irq = 4, base_baud = 115200) is a 16550A
[    0.588891] Linux agpgart interface v0.103
[    0.592309] loop: module loaded
[    0.593213] scsi host0: ata_piix
[    0.593796] scsi host1: ata_piix
[    0.594312] ata1: PATA max UDMA/33 cmd 0x1f0 ctl 0x3f6 bmdma 0xd000 irq 14
[    0.595201] ata2: PATA max UDMA/33 cmd 0x170 ctl 0x376 bmdma 0xd008 irq 15
[    0.596316] libphy: Fixed MDIO Bus: probed
[    0.596870] tun: Universal TUN/TAP device driver, 1.6
[    0.597588] PPP generic driver version 2.4.2
[    0.598308] ehci_hcd: USB 2.0 'Enhanced' Host Controller (EHCI) Driver
[    0.599091] ehci-pci: EHCI PCI platform driver
[    0.599700] ehci-platform: EHCI generic platform driver
[    0.600382] ohci_hcd: USB 1.1 'Open' Host Controller (OHCI) Driver
[    0.601366] ohci-pci: OHCI PCI platform driver
[    0.602043] ohci-platform: OHCI generic platform driver
[    0.602760] uhci_hcd: USB Universal Host Controller Interface driver
[    0.603787] i8042: PNP: PS/2 Controller [PNP0303:PS2K,PNP0f03:PS2M] at 0x60,0x64 irq 1,12
[    0.605522] serio: i8042 KBD port at 0x60,0x64 irq 1
[    0.606168] serio: i8042 AUX port at 0x60,0x64 irq 12
[    0.607207] mousedev: PS/2 mouse device common for all mice
[    0.608814] input: AT Translated Set 2 keyboard as /devices/platform/i8042/serio0/input/input2
[    0.610444] rtc_cmos rtc_cmos: rtc core: registered rtc_cmos as rtc0
[    0.611354] rtc_cmos rtc_cmos: alarms up to one day, 114 bytes nvram
[    0.612226] i2c /dev entries driver
[    0.612834] device-mapper: uevent: version 1.0.3
[    0.613527] device-mapper: ioctl: 4.37.0-ioctl (2017-09-20) initialised: dm-devel@redhat.com
[    0.614709] ledtrig-cpu: registered to indicate activity on CPUs
[    0.615667] NET: Registered protocol family 10
[    0.618698] Segment Routing with IPv6
[    0.619206] NET: Registered protocol family 17
[    0.620003] Key type dns_resolver registered
[    0.620774] mce: Using 0 MCE banks
[    0.621285] RAS: Correctable Errors collector initialized.
[    0.622082] sched_clock: Marking stable (620753557, 0)->(752136906, -131383349)
[    0.623462] registered taskstats version 1
[    0.624114] Loading compiled-in X.509 certificates
[    0.626419] Loaded X.509 cert 'Build time autogenerated kernel key: 7480108fe56bba9284001dfb9078560125be4684'
[    0.627633] zswap: loaded using pool lzo/zbud
[    0.630159] Key type big_key registered
[    0.630642] Key type trusted registered
[    0.632313] Key type encrypted registered
[    0.633278] AppArmor: AppArmor sha1 policy hashing enabled
[    0.634102] ima: No TPM chip found, activating TPM-bypass! (rc=-19)
[    0.634875] ima: Allocated hash algorithm: sha1
[    0.635528] evm: HMAC attrs: 0x1
[    0.636167]   Magic number: 8:642:545
[    0.636638] tty ttyS21: hash matches
[    0.637157] rtc_cmos rtc_cmos: setting system clock to 2020-06-02 19:31:23 UTC (1591126283)
[    0.638257] BIOS EDD facility v0.16 2004-Jun-25, 0 devices found
[    0.638982] EDD information not available.
[    0.780670] Freeing unused kernel image memory: 2432K
[    0.792188] Write protecting the kernel read-only data: 20480k
[    0.793484] Freeing unused kernel image memory: 2008K
[    0.794298] Freeing unused kernel image memory: 1876K
[    0.799086] x86/mm: Checked W+X mappings: passed, no W+X pages found.
[    0.799850] x86/mm: Checking user space page tables
[    0.804506] x86/mm: Checked W+X mappings: passed, no W+X pages found.
Loading, please wait...
starting version 237
[    0.847352] e1000: Intel(R) PRO/1000 Network Driver - version 7.3.21-k8-NAPI
[    0.848575] e1000: Copyright (c) 1999-2006 Intel Corporation.
[    0.851663] Fusion MPT base driver 3.04.20
[    0.852390] Copyright (c) 1999-2008 LSI Corporation
[    0.866914] AVX2 version of gcm_enc/dec engaged.
[    0.867520] AES CTR mode by8 optimization enabled
[    0.880185] Fusion MPT SPI Host driver 3.04.20
[    1.070681] input: ImExPS/2 Generic Explorer Mouse as /devices/platform/i8042/serio1/input/input4
[    1.236118] e1000 0000:00:03.0 eth0: (PCI:33MHz:32-bit) 02:2b:21:86:a5:be
[    1.237084] e1000 0000:00:03.0 eth0: Intel(R) PRO/1000 Network Connection
[    1.591200] e1000 0000:00:08.0 eth1: (PCI:33MHz:32-bit) 08:00:27:b4:1b:2b
[    1.592129] e1000 0000:00:08.0 eth1: Intel(R) PRO/1000 Network Connection
[    1.593695] mptbase: ioc0: Initiating bringup
[    1.594111] e1000 0000:00:03.0 enp0s3: renamed from eth0
[    1.612660] e1000 0000:00:08.0 enp0s8: renamed from eth1
[    2.244793] ioc0: LSI53C1030 A0: Capabilities={Initiator}
[    5.610429] scsi host2: ioc0: LSI53C1030 A0, FwRev=00000000h, Ports=1, MaxQ=256, IRQ=20
[    8.469669] scsi 2:0:0:0: Direct-Access     VBOX     HARDDISK         1.0  PQ: 0 ANSI: 5
[    8.500014] scsi target2:0:0: Beginning Domain Validation
[    8.501692] scsi target2:0:0: Domain Validation skipping write tests
[    8.502511] scsi target2:0:0: Ending Domain Validation
[    8.503165] scsi target2:0:0: asynchronous
[    8.503996] scsi 2:0:1:0: Direct-Access     VBOX     HARDDISK         1.0  PQ: 0 ANSI: 5
[    8.536020] scsi target2:0:1: Beginning Domain Validation
[    8.537328] random: fast init done
[    8.537852] scsi target2:0:1: Domain Validation skipping write tests
[    8.538588] scsi target2:0:1: Ending Domain Validation
[    8.539230] scsi target2:0:1: asynchronous
[    8.542025] random: systemd-udevd: uninitialized urandom read (16 bytes read)
[    8.542064] sd 2:0:0:0: Attached scsi generic sg0 type 0
[    8.543017] random: systemd-udevd: uninitialized urandom read (16 bytes read)
[    8.543687] sd 2:0:1:0: Attached scsi generic sg1 type 0
[    8.544739] sd 2:0:0:0: [sda] 20971520 512-byte logical blocks: (10.7 GB/10.0 GiB)
[    8.546425] sd 2:0:0:0: [sda] Write Protect is off
[    8.547042] random: systemd-udevd: uninitialized urandom read (16 bytes read)
[    8.547940] sd 2:0:0:0: [sda] Incomplete mode parameter data
[    8.547947] sd 2:0:1:0: [sdb] 20480 512-byte logical blocks: (10.5 MB/10.0 MiB)
[    8.548637] sd 2:0:0:0: [sda] Assuming drive cache: write through
[    8.550885] sd 2:0:1:0: [sdb] Write Protect is off
[    8.551680] sd 2:0:1:0: [sdb] Incomplete mode parameter data
[    8.552473] sd 2:0:1:0: [sdb] Assuming drive cache: write through
[    8.565544]  sda: sda1
[    8.566352] sd 2:0:0:0: [sda] Attached SCSI disk
[    8.589695] sd 2:0:1:0: [sdb] Attached SCSI disk
Begin: Loading essential drivers ... [   10.100294] raid6: sse2x1   gen() 10141 MB/s
[   10.148028] raid6: sse2x1   xor()  8668 MB/s
[   10.196489] raid6: sse2x2   gen() 15409 MB/s
[   10.244109] raid6: sse2x2   xor() 10970 MB/s
[   10.292201] raid6: sse2x4   gen() 14448 MB/s
[   10.340338] raid6: sse2x4   xor() 11692 MB/s
[   10.389035] raid6: avx2x1   gen()  9297 MB/s
[   10.436062] raid6: avx2x1   xor() 16898 MB/s
[   10.484175] raid6: avx2x2   gen() 30781 MB/s
[   10.532299] raid6: avx2x2   xor() 18249 MB/s
[   10.580410] raid6: avx2x4   gen() 37450 MB/s
[   10.628029] raid6: avx2x4   xor() 22380 MB/s
[   10.628746] raid6: using algorithm avx2x4 gen() 37450 MB/s
[   10.629600] raid6: .... xor() 22380 MB/s, rmw enabled
[   10.630477] raid6: using avx2x2 recovery algorithm
[   10.632202] xor: automatically using best checksumming function   avx       
[   10.634029] async_tx: api initialized (async)
done.
Begin: Running /scripts/init-premount ... done.
Begin: Mounting root file system ... Begin: Running /scripts/local-top ... done.
Begin: Running /scripts/local-premount ... [   10.669298] Btrfs loaded, crc32c=crc32c-intel
Scanning for Btrfs filesystems
done.
Warning: fsck not present, so skipping root file system
[   11.078511] EXT4-fs (sda1): mounted filesystem with ordered data mode. Opts: (null)
done.
Begin: Running /scripts/local-bottom ... done.
Begin: Running /scripts/init-bottom ... done.
[   12.464878] random: crng init done
[   12.465355] random: 7 urandom warning(s) missed due to ratelimiting
[   13.471619] ip_tables: (C) 2000-2006 Netfilter Core Team
[   13.678536] systemd[1]: systemd 237 running in system mode. (+PAM +AUDIT +SELINUX +IMA +APPARMOR +SMACK +SYSVINIT +UTMP +LIBCRYPTSETUP +GCRYPT +GNUTLS +ACL +XZ +LZ4 +SECCOMP +BLKID +ELFUTILS +KMOD -IDN2 +IDN -PCRE2 default-hierarchy=hybrid)
[   13.681947] systemd[1]: Detected virtualization oracle.
[   13.682600] systemd[1]: Detected architecture x86-64.

Welcome to [1mUbuntu 18.04.4 LTS[0m!

[   13.722977] systemd[1]: Set hostname to <ubuntu>.
[   13.842159] systemd[1]: Initializing machine ID from random generator.
[   13.843101] systemd[1]: Installed transient /etc/machine-id file.
[   18.429091] systemd[1]: Created slice User and Session Slice.
[[0;32m  OK  [0m] Created slice User and Session Slice.
[   18.441098] systemd[1]: Reached target User and Group Name Lookups.
[[0;32m  OK  [0m] Reached target User and Group Name Lookups.
[   18.444502] systemd[1]: Started Forward Password Requests to Wall Directory Watch.
[[0;32m  OK  [0m] Started Forward Password Requests to Wall Directory Watch.
[   18.446192] systemd[1]: Reached target System Time Synchronized.
[[0;32m  OK  [0m] Reached target System Time Synchronized.
[[0;32m  OK  [0m] Set up automount Arbitrary Executabâ€¦rmats File System Automount Point.
[[0;32m  OK  [0m] Reached target Swap.
[[0;32m  OK  [0m] Created slice System Slice.
[[0;32m  OK  [0m] Listening on Journal Socket (/dev/log).
[[0;32m  OK  [0m] Listening on Syslog Socket.
[[0;32m  OK  [0m] Listening on Network Service Netlink Socket.
[[0;32m  OK  [0m] Listening on udev Control Socket.
[[0;32m  OK  [0m] Listening on LVM2 poll daemon socket.
[[0;32m  OK  [0m] Listening on LVM2 metadata daemon socket.
[[0;32m  OK  [0m] Reached target Slices.
[[0;32m  OK  [0m] Listening on Device-mapper event daemon FIFOs.
[[0;32m  OK  [0m] Listening on Journal Audit Socket.
[[0;32m  OK  [0m] Listening on udev Kernel Socket.
[[0;32m  OK  [0m] Created slice system-serial\x2dgetty.slice.
[[0;32m  OK  [0m] Listening on Journal Socket.
         Mounting POSIX Message Queue File System...
         Mounting Huge Pages File System...
         Starting udev Coldplug all Devices...
         Starting Set the console keyboard layout...
         Starting Uncomplicated firewall...
         Mounting Kernel Debug File System...
         Starting Remount Root and Kernel File Systems...
[   19.041471] systemd[1]: Starting Load Kernel Modules...
         Starting Load Kernel Modules...
[   19.052755] systemd[1]: Starting Monitoring of LVM2 mirrors, snapshots etc. using dmeventd or progress polling...
         Starting Monitoring of LVM2 mirrorsâ€¦ng dmeventd or progress polling...
[   19.056198] systemd[1]: Starting Journal Service...
         Starting Journal Service...
[   19.068204] systemd[1]: Listening on /dev/initctl Compatibility Named Pipe.
[[0;32m  OK  [0m] Listening on /dev/initctl Compatibility Named Pipe.
[   19.071627] systemd[1]: Starting Create list of required static device nodes for the current kernel...
         Starting Create list of required stâ€¦ce nodes for the current kernel...
[   19.085051] systemd[1]: Mounted POSIX Message Queue File System.
[[0;32m  OK  [0m] Mounted POSIX Message Queue File System.
[   19.086542] systemd[1]: Mounted Huge Pages File System.
[[0;32m  OK  [0m] Mounted Huge Pages File System.
[   19.096823] systemd[1]: Started Uncomplicated firewall.
[[0;32m  OK  [0m] Started Uncomplicated firewall.
[   19.100918] systemd[1]: Mounted Kernel Debug File System.
[[0;32m  OK  [0m] Mounted Kernel Debug File System.
[   19.114128] systemd[1]: Started udev Coldplug all Devices.
[[0;32m  OK  [0m] Started udev Coldplug all Devices.
[   19.434648] EXT4-fs (sda1): re-mounted. Opts: (null)
[[0;32m  OK  [0m] Started Remount Root and Kernel File Systems.
         Starting Load/Save Random Seed...
[   19.602258] Loading iSCSI transport class v2.0-870.
[[0;32m  OK  [0m] Started Journal Service.
         Starting Flush Journal to Persistent Storage...
[[0;32m  OK  [0m] Started Create list of required staâ€¦vice nodes for the current kernel.
         Starting Create Static Device Nodes in /dev...
[   19.842419] iscsi: registered transport (tcp)
[   19.858266] systemd-journald[392]: Received request to flush runtime journal from PID 1
[[0;32m  OK  [0m] Started Load/Save Random Seed.
[[0;32m  OK  [0m] Started Set the console keyboard layout.
[[0;32m  OK  [0m] Started Flush Journal to Persistent Storage.
[   20.759026] iscsi: registered transport (iser)
[[0;32m  OK  [0m] Started Load Kernel Modules.
         Mounting FUSE Control File System...
         Starting Apply Kernel Variables...
         Mounting Kernel Configuration File System...
[[0;32m  OK  [0m] Mounted FUSE Control File System.
[[0;32m  OK  [0m] Mounted Kernel Configuration File System.
[[0;32m  OK  [0m] Started LVM2 metadata daemon.
[[0;32m  OK  [0m] Started Monitoring of LVM2 mirrors,â€¦sing dmeventd or progress polling.
[[0;32m  OK  [0m] Started Create Static Device Nodes in /dev.
[[0;32m  OK  [0m] Reached target Local File Systems (Pre).
[[0;32m  OK  [0m] Reached target Local File Systems.
         Starting Commit a transient machine-id on disk...
         Starting ebtables ruleset management...
         Starting Tell Plymouth To Write Out Runtime Data...
         Starting AppArmor initialization...
         Starting Set console font and keymap...
         Starting Create Volatile Files and Directories...
         Starting udev Kernel Device Manager...
[[0;32m  OK  [0m] Started Apply Kernel Variables.
[[0;32m  OK  [0m] Started Set console font and keymap.
[[0;32m  OK  [0m] Started Tell Plymouth To Write Out Runtime Data.
[[0;32m  OK  [0m] Started Commit a transient machine-id on disk.
[[0;32m  OK  [0m] Started Create Volatile Files and Directories.
         Starting Update UTMP about System Boot/Shutdown...
[[0;32m  OK  [0m] Started Update UTMP about System Boot/Shutdown.
[[0;32m  OK  [0m] Started udev Kernel Device Manager.
[[0;32m  OK  [0m] Started Dispatch Password Requests to Console Directory Watch.
[[0;32m  OK  [0m] Reached target Local Encrypted Volumes.
[[0;32m  OK  [0m] Started ebtables ruleset management.
[[0;32m  OK  [0m] Found device /dev/ttyS0.
[[0;32m  OK  [0m] Listening on Load/Save RF Kill Switch Status /dev/rfkill Watch.
[[0;32m  OK  [0m] Started AppArmor initialization.
         Starting Initial cloud-init job (pre-networking)...
[   34.232282] cloud-init[514]: Cloud-init v. 19.4-33-gbb4131a2-0ubuntu1~18.04.1 running 'init-local' at Tue, 02 Jun 2020 19:31:55 +0000. Up 32.43 seconds.
[[0;32m  OK  [0m] Started Initial cloud-init job (pre-networking).
[[0;32m  OK  [0m] Reached target Network (Pre).
         Starting Network Service...
[[0;32m  OK  [0m] Started Network Service.
         Starting Network Name Resolution...
         Starting Wait for Network to be Configured...
[[0;32m  OK  [0m] Started Network Name Resolution.
[[0;32m  OK  [0m] Reached target Network.
[[0;32m  OK  [0m] Reached target Host and Network Name Lookups.
[[0;32m  OK  [0m] Started Wait for Network to be Configured.
         Starting Initial cloud-init job (metadata service crawler)...
[   36.445314] cloud-init[657]: Cloud-init v. 19.4-33-gbb4131a2-0ubuntu1~18.04.1 running 'init' at Tue, 02 Jun 2020 19:31:59 +0000. Up 36.25 seconds.
[   36.446973] cloud-init[657]: ci-info: ++++++++++++++++++++++++++++++++++++++Net device info+++++++++++++++++++++++++++++++++++++++
[   36.448166] cloud-init[657]: ci-info: +--------+-------+----------------------------+---------------+--------+-------------------+
[   36.449389] cloud-init[657]: ci-info: | Device |   Up  |          Address           |      Mask     | Scope  |     Hw-Address    |
[   36.450606] cloud-init[657]: ci-info: +--------+-------+----------------------------+---------------+--------+-------------------+
[   36.460315] cloud-init[657]: ci-info: | enp0s3 |  True |         10.0.2.15          | 255.255.255.0 | global | 02:2b:21:86:a5:be |
[   36.461513] cloud-init[657]: ci-info: | enp0s3 |  True | fe80::2b:21ff:fe86:a5be/64 |       .       |  link  | 02:2b:21:86:a5:be |
[   36.462525] cloud-init[657]: ci-info: | enp0s8 | False |             .              |       .       |   .    | 08:00:27:b4:1b:2b |
[   36.463853] cloud-init[657]: ci-info: |   lo   |  True |         127.0.0.1          |   255.0.0.0   |  host  |         .         |
[   36.480156] cloud-init[657]: ci-info: |   lo   |  True |          ::1/128           |       .       |  host  |         .         |
[   36.481489] cloud-init[657]: ci-info: +--------+-------+----------------------------+---------------+--------+-------------------+
[   36.482586] cloud-init[657]: ci-info: ++++++++++++++++++++++++++++Route IPv4 info+++++++++++++++++++++++++++++
[   36.483494] cloud-init[657]: ci-info: +-------+-------------+----------+-----------------+-----------+-------+
[   36.484374] cloud-init[657]: ci-info: | Route | Destination | Gateway  |     Genmask     | Interface | Flags |
[   36.485518] cloud-init[657]: ci-info: +-------+-------------+----------+-----------------+-----------+-------+
[   36.486567] cloud-init[657]: ci-info: |   0   |   0.0.0.0   | 10.0.2.2 |     0.0.0.0     |   enp0s3  |   UG  |
[   36.487628] cloud-init[657]: ci-info: |   1   |   10.0.2.0  | 0.0.0.0  |  255.255.255.0  |   enp0s3  |   U   |
[   36.490761] cloud-init[657]: ci-info: |   2   |   10.0.2.2  | 0.0.0.0  | 255.255.255.255 |   enp0s3  |   UH  |
[   36.492078] cloud-init[657]: ci-info: +-------+-------------+----------+-----------------+-----------+-------+
[   36.493218] cloud-init[657]: ci-info: +++++++++++++++++++Route IPv6 info+++++++++++++++++++
[   36.494129] cloud-init[657]: ci-info: +-------+-------------+---------+-----------+-------+
[   36.495212] cloud-init[657]: ci-info: | Route | Destination | Gateway | Interface | Flags |
[   36.496541] cloud-init[657]: ci-info: +-------+-------------+---------+-----------+-------+
[   36.497701] cloud-init[657]: ci-info: |   1   |  fe80::/64  |    ::   |   enp0s3  |   U   |
[   36.498513] cloud-init[657]: ci-info: |   3   |    local    |    ::   |   enp0s3  |   U   |
[   36.499346] cloud-init[657]: ci-info: |   4   |   ff00::/8  |    ::   |   enp0s3  |   U   |
[   36.500255] cloud-init[657]: ci-info: +-------+-------------+---------+-----------+-------+
[   40.630059] cloud-init[657]: Generating public/private rsa key pair.
[   40.630564] cloud-init[657]: Your identification has been saved in /etc/ssh/ssh_host_rsa_key.
[   40.644484] cloud-init[657]: Your public key has been saved in /etc/ssh/ssh_host_rsa_key.pub.
[   40.645509] cloud-init[657]: The key fingerprint is:
[   40.646200] cloud-init[657]: SHA256:C+0OVHiTcovoeDDwSvFKlTQ5qejtjloF+nyKFdSq/BI root@ubuntu-bionic
[   40.647113] cloud-init[657]: The key's randomart image is:
[   40.647904] cloud-init[657]: +---[RSA 2048]----+
[   40.648583] cloud-init[657]: |   oo            |
[   40.649142] cloud-init[657]: |  .=o  . .       |
[   40.649779] cloud-init[657]: |o.+oo o *        |
[   40.650401] cloud-init[657]: |.*+o . B o       |
[   40.651150] cloud-init[657]: |ooB.o + S        |
[   40.651795] cloud-init[657]: |+E.O . o .       |
[   40.652092] cloud-init[657]: |ooO + . o        |
[   40.652662] cloud-init[657]: | =o=   o         |
[   40.653295] cloud-init[657]: |+.+o    .        |
[   40.653863] cloud-init[657]: +----[SHA256]-----+
[   40.654246] cloud-init[657]: Generating public/private dsa key pair.
[   40.654636] cloud-init[657]: Your identification has been saved in /etc/ssh/ssh_host_dsa_key.
[   40.655526] cloud-init[657]: Your public key has been saved in /etc/ssh/ssh_host_dsa_key.pub.
[   40.656624] cloud-init[657]: The key fingerprint is:
[   40.657189] cloud-init[657]: SHA256:IOzY2bXtphBYm1CRBcPi3RRKZ7j58c9ucTrQ5cmBaMc root@ubuntu-bionic
[   40.658310] cloud-init[657]: The key's randomart image is:
[   40.659144] cloud-init[657]: +---[DSA 1024]----+
[   40.660104] cloud-init[657]: |     .**=.       |
[   40.660841] cloud-init[657]: |   ..o+=.        |
[   40.661754] cloud-init[657]: |   .+o+=.  o .   |
[   40.662349] cloud-init[657]: |   +.B+=ooo E o  |
[   40.662903] cloud-init[657]: |  . = =.S+.o + o |
[   40.663454] cloud-init[657]: |       ...o o =  |
[   40.663991] cloud-init[657]: |      .   o+ +   |
[   40.664680] cloud-init[657]: |       . o  *    |
[   40.665299] cloud-init[657]: |        .  o..   |
[[0;32m  OK  [0m] Started Initial cloud-init job (metadata service crawler).
[[0;32m  OK  [0m] Reached target Network is Online.
[   40.682233] cloud-init[657]: +----[SHA256]-----+
[   40.696667] cloud-init[657]: Generating public/private ecdsa key pair.
[   40.697084] cloud-init[657]: Your identification has been saved in /etc/ssh/ssh_host_ecdsa_key.
[   40.697613] cloud-init[657]: Your public key has been saved in /etc/ssh/ssh_host_ecdsa_key.pub.
[   40.698501] cloud-init[657]: The key fingerprint is:
[   40.699125] cloud-init[657]: SHA256:FNlW1oyJ7HXmtCnmcwMRBeIC2FUe95mWYx1zOAzpdes root@ubuntu-bionic
[   40.700014] cloud-init[657]: The key's randomart image is:
[   40.700675] cloud-init[657]: +---[ECDSA 256]---+
[   40.701215] cloud-init[657]: |     o..o=+oB%.+.|
[   40.701747] cloud-init[657]: |    . ...+==*.@==|
[   40.702370] cloud-init[657]: |        oooo BO=o|
[   40.702945] cloud-init[657]: |       . .. =o+o |
[   40.703494] cloud-init[657]: |        S  o o.  |
[   40.704472] cloud-init[657]: |            o oE |
[   40.706713] cloud-init[657]: |             o . |
[   40.707347] cloud-init[657]: |                 |
[   40.707912] cloud-init[657]: |                 |
[   40.709456] cloud-init[657]: +----[SHA256]-----+
[   40.720393] cloud-init[657]: Generating public/private ed25519 key pair.
[   40.720830] cloud-init[657]: Your identification has been saved in /etc/ssh/ssh_host_ed25519_key.
[   40.721595] cloud-init[657]: Your public key has been saved in /etc/ssh/ssh_host_ed25519_key.pub.
[   40.722499] cloud-init[657]: The key fingerprint is:
[   40.723115] cloud-init[657]: SHA256:tIJw1HDvg6xv52Dq/2cuDk1QWmsoSwAbX+m/kH1APZQ root@ubuntu-bionic
[   40.723988] cloud-init[657]: The key's randomart image is:
[   40.724705] cloud-init[657]: +--[ED25519 256]--+
[   40.725316] cloud-init[657]: |o.. ++.o+.       |
[   40.726154] cloud-init[657]: | + +..o*E.       |
[   40.736439] cloud-init[657]: |. o.+.+ =.       |
[   40.736871] cloud-init[657]: |   +.=.* .       |
[   40.737401] cloud-init[657]: |    o++.S        |
[   40.737928] cloud-init[657]: |    o.o+..       |
[   40.748301] cloud-init[657]: |    ..+o.        |
         Starting Availability of block devices...
[   40.760587] [[0;32m  OK  [0m] Reached target Remote File Systems (Pre).
[[0;32m  OK  [0m] Reached target Remote File Systems.
[[0;32m  OK  [0m] Reached target System Initialization.
[[0;32m  OK  [0m] Started Daily Cleanup of Temporary Directories.
[[0;32m  OK  [0m] Started Daily apt download activities.
[[0;32m  OK  [0m] Started Message of the Day.
cloud-init[657]: |     +ooo o      |
[   40.763789] cloud-init[657]: |   .ooo=+=.      |
[   40.764397] cloud-init[657]: +----[SHA256]-----+
[[0;32m  OK  [0m] Started ACPI Events Check.
         Starting Socket activation for snappy daemon.
[[0;32m  OK  [0m] Started Discard unused blocks once a week.
         Starting LXD - unix socket.
[[0;32m  OK  [0m] Listening on UUID daemon activation socket.
[[0;32m  OK  [0m] Reached target Paths.
[[0;32m  OK  [0m] Listening on D-Bus System Message Bus Socket.
[[0;32m  OK  [0m] Listening on Open-iSCSI iscsid Socket.
[[0;32m  OK  [0m] Listening on ACPID Listen Socket.
[[0;32m  OK  [0m] Started Daily apt upgrade and clean activities.
[[0;32m  OK  [0m] Reached target Timers.
[[0;32m  OK  [0m] Reached target Cloud-config availability.
[[0;32m  OK  [0m] Started Availability of block devices.
[[0;32m  OK  [0m] Listening on Socket activation for snappy daemon.
[[0;32m  OK  [0m] Listening on LXD - unix socket.
[[0;32m  OK  [0m] Reached target Sockets.
[[0;32m  OK  [0m] Reached target Basic System.
         Starting Login Service...
         Starting Pollinate to seed the pseudo random number generator...
         Starting Virtualbox guest utils...
         Starting Permit User Sessions...
[[0;32m  OK  [0m] Started irqbalance daemon.
         Starting System Logging Service...
[[0;32m  OK  [0m] Started D-Bus System Message Bus.
         Starting LSB: Record successful boot for GRUB...
         Starting LSB: automatic crash report generation...
[[0;32m  OK  [0m] Started Deferred execution scheduler.
         Starting Accounts Service...
         Starting LXD - container startup/shutdown...
[[0;32m  OK  [0m] Started FUSE filesystem for LXC.
         Starting Snappy daemon...
         Starting Dispatcher daemon for systemd-networkd...
[[0;32m  OK  [0m] Started Regular background program processing daemon.
[[0;32m  OK  [0m] Started System Logging Service.
[[0;32m  OK  [0m] Started Permit User Sessions.
[[0;32m  OK  [0m] Started Login Service.
[[0;32m  OK  [0m] Started Unattended Upgrades Shutdown.
         Starting Terminate Plymouth Boot Screen...
         Starting Hold until boot process finishes up...
[[0;32m  OK  [0m] Started Hold until boot process finishes up.
[[0;32m  OK  [0m] Started Serial Getty on ttyS0.
         Starting Set console scheme...
[[0;32m  OK  [0m] Started Terminate Plymouth Boot Screen.
         Starting Authorization Manager...
[[0;32m  OK  [0m] Started Set console scheme.
[[0;32m  OK  [0m] Created slice system-getty.slice.
[[0;32m  OK  [0m] Started Getty on tty1.
[[0;32m  OK  [0m] Reached target Login Prompts.
[[0;32m  OK  [0m] Started LSB: automatic crash report generation.
[[0;32m  OK  [0m] Started LSB: Record successful boot for GRUB.
[[0;32m  OK  [0m] Started Authorization Manager.
[[0;32m  OK  [0m] Started Accounts Service.
[[0;32m  OK  [0m] Started Virtualbox guest utils.
[[0;32m  OK  [0m] Started Dispatcher daemon for systemd-networkd.

Ubuntu 18.04.4 LTS ubuntu-bionic ttyS0

ubuntu-bionic login: [   61.622330] cloud-init[1298]: Cloud-init v. 19.4-33-gbb4131a2-0ubuntu1~18.04.1 running 'modules:config' at Tue, 02 Jun 2020 19:32:18 +0000. Up 55.74 seconds.
ci-info: no authorized SSH keys fingerprints found for user ubuntu.
<14>Jun  2 19:32:25 ec2: 
<14>Jun  2 19:32:25 ec2: #############################################################
<14>Jun  2 19:32:25 ec2: -----BEGIN SSH HOST KEY FINGERPRINTS-----
<14>Jun  2 19:32:25 ec2: 1024 SHA256:IOzY2bXtphBYm1CRBcPi3RRKZ7j58c9ucTrQ5cmBaMc root@ubuntu-bionic (DSA)
<14>Jun  2 19:32:25 ec2: 256 SHA256:FNlW1oyJ7HXmtCnmcwMRBeIC2FUe95mWYx1zOAzpdes root@ubuntu-bionic (ECDSA)
<14>Jun  2 19:32:25 ec2: 256 SHA256:tIJw1HDvg6xv52Dq/2cuDk1QWmsoSwAbX+m/kH1APZQ root@ubuntu-bionic (ED25519)
<14>Jun  2 19:32:25 ec2: 2048 SHA256:C+0OVHiTcovoeDDwSvFKlTQ5qejtjloF+nyKFdSq/BI root@ubuntu-bionic (RSA)
<14>Jun  2 19:32:25 ec2: -----END SSH HOST KEY FINGERPRINTS-----
<14>Jun  2 19:32:25 ec2: #############################################################
-----BEGIN SSH HOST KEY KEYS-----
ecdsa-sha2-nistp256 AAAAE2VjZHNhLXNoYTItbmlzdHAyNTYAAAAIbmlzdHAyNTYAAABBBE1lEJMkLwreCCHUNNpDqSr3Z02NIrg//qOO3Z4UCOudLUURNZuwgSRDZzUm1r6/wMwfIM3JbkB4XK/U2dVqFM4= root@ubuntu-bionic
ssh-ed25519 AAAAC3NzaC1lZDI1NTE5AAAAIByvMLcYqsWrhIE/62KjGgD4oTdy7xmzx0Sbjnk8X8sX root@ubuntu-bionic
ssh-rsa AAAAB3NzaC1yc2EAAAADAQABAAABAQDfypYdoMpMcRIbeOnYdc9kl3q94xHlBsTqwh4tRI9ot0Zahyn0pqOn1qfzkEbVY8myl2xkd3EVlO/UBYJDct28g0Zcj3HGmKNXPACpML8YmFbSPaJiHTivlTs5tTAtykHbJG0FlFo6PITSb1fFUyKQOnv7R9MLWZ8PUfWx2qqdzQ2FOV0ZdSng+KMqxRw0AS6Budqvpss3xfsQCdIVYEpVM4VltacY5oXf+E0EREhX3pmCXk1DwMr3kXSkMVD5kICFtN1e8pr85faYw7SbKBoXSRvoRrfCzh9vAgxwXuwrphs5Y8CE/aizlHAXMqOVj3zYHo4vS8QJItxFPQB98Pd/ root@ubuntu-bionic
-----END SSH HOST KEY KEYS-----
[   62.456782] cloud-init[1475]: Cloud-init v. 19.4-33-gbb4131a2-0ubuntu1~18.04.1 running 'modules:final' at Tue, 02 Jun 2020 19:32:24 +0000. Up 61.96 seconds.
[   62.457916] cloud-init[1475]: ci-info: no authorized SSH keys fingerprints found for user ubuntu.
[   62.458601] cloud-init[1475]: Cloud-init v. 19.4-33-gbb4131a2-0ubuntu1~18.04.1 finished at Tue, 02 Jun 2020 19:32:25 +0000. Datasource DataSourceNoCloud [seed=/dev/sdb][dsmode=net].  Up 62.45 seconds
