[    0.000000] Linux version 4.15.0-99-generic (buildd@lcy01-amd64-013) (gcc version 7.5.0 (Ubuntu 7.5.0-3ubuntu1~18.04)) #100-Ubuntu SMP Wed Apr 22 20:32:56 UTC 2020 (Ubuntu 4.15.0-99.100-generic 4.15.18)
[    0.000000] Command line: BOOT_IMAGE=/boot/vmlinuz-4.15.0-99-generic root=LABEL=cloudimg-rootfs ro console=tty1 console=ttyS0
[    0.000000] KERNEL supported cpus:
[    0.000000]   Intel GenuineIntel
[    0.000000]   AMD AuthenticAMD
[    0.000000]   Centaur CentaurHauls
[    0.000000] x86/fpu: Supporting XSAVE feature 0x001: 'x87 floating point registers'
[    0.000000] x86/fpu: Supporting XSAVE feature 0x002: 'SSE registers'
[    0.000000] x86/fpu: Supporting XSAVE feature 0x004: 'AVX registers'
[    0.000000] x86/fpu: xstate_offset[2]:  576, xstate_sizes[2]:  256
[    0.000000] x86/fpu: Enabled xstate features 0x7, context size is 832 bytes, using 'standard' format.
[    0.000000] e820: BIOS-provided physical RAM map:
[    0.000000] BIOS-e820: [mem 0x0000000000000000-0x000000000009fbff] usable
[    0.000000] BIOS-e820: [mem 0x000000000009fc00-0x000000000009ffff] reserved
[    0.000000] BIOS-e820: [mem 0x00000000000f0000-0x00000000000fffff] reserved
[    0.000000] BIOS-e820: [mem 0x0000000000100000-0x000000007ffeffff] usable
[    0.000000] BIOS-e820: [mem 0x000000007fff0000-0x000000007fffffff] ACPI data
[    0.000000] BIOS-e820: [mem 0x00000000fec00000-0x00000000fec00fff] reserved
[    0.000000] BIOS-e820: [mem 0x00000000fee00000-0x00000000fee00fff] reserved
[    0.000000] BIOS-e820: [mem 0x00000000fffc0000-0x00000000ffffffff] reserved
[    0.000000] NX (Execute Disable) protection: active
[    0.000000] SMBIOS 2.5 present.
[    0.000000] DMI: innotek GmbH VirtualBox/VirtualBox, BIOS VirtualBox 12/01/2006
[    0.000000] Hypervisor detected: KVM
[    0.000000] e820: last_pfn = 0x7fff0 max_arch_pfn = 0x400000000
[    0.000000] MTRR: Disabled
[    0.000000] x86/PAT: MTRRs disabled, skipping PAT initialization too.
[    0.000000] CPU MTRRs all blank - virtualized system.
[    0.000000] x86/PAT: Configuration [0-7]: WB  WT  UC- UC  WB  WT  UC- UC  
[    0.000000] found SMP MP-table at [mem 0x0009fff0-0x0009ffff]
[    0.000000] Scanning 1 areas for low memory corruption
[    0.000000] RAMDISK: [mem 0x35a6b000-0x36d2cfff]
[    0.000000] ACPI: Early table checksum verification disabled
[    0.000000] ACPI: RSDP 0x00000000000E0000 000024 (v02 VBOX  )
[    0.000000] ACPI: XSDT 0x000000007FFF0030 00003C (v01 VBOX   VBOXXSDT 00000001 ASL  00000061)
[    0.000000] ACPI: FACP 0x000000007FFF00F0 0000F4 (v04 VBOX   VBOXFACP 00000001 ASL  00000061)
[    0.000000] ACPI: DSDT 0x000000007FFF0470 002325 (v02 VBOX   VBOXBIOS 00000002 INTL 20100528)
[    0.000000] ACPI: FACS 0x000000007FFF0200 000040
[    0.000000] ACPI: FACS 0x000000007FFF0200 000040
[    0.000000] ACPI: APIC 0x000000007FFF0240 000054 (v02 VBOX   VBOXAPIC 00000001 ASL  00000061)
[    0.000000] ACPI: SSDT 0x000000007FFF02A0 0001CC (v01 VBOX   VBOXCPUT 00000002 INTL 20100528)
[    0.000000] No NUMA configuration found
[    0.000000] Faking a node at [mem 0x0000000000000000-0x000000007ffeffff]
[    0.000000] NODE_DATA(0) allocated [mem 0x7ffc5000-0x7ffeffff]
[    0.000000] kvm-clock: cpu 0, msr 0:7ff44001, primary cpu clock
[    0.000000] kvm-clock: Using msrs 4b564d01 and 4b564d00
[    0.000000] kvm-clock: using sched offset of 3741634099 cycles
[    0.000000] clocksource: kvm-clock: mask: 0xffffffffffffffff max_cycles: 0x1cd42e4dffb, max_idle_ns: 881590591483 ns
[    0.000000] Zone ranges:
[    0.000000]   DMA      [mem 0x0000000000001000-0x0000000000ffffff]
[    0.000000]   DMA32    [mem 0x0000000001000000-0x000000007ffeffff]
[    0.000000]   Normal   empty
[    0.000000]   Device   empty
[    0.000000] Movable zone start for each node
[    0.000000] Early memory node ranges
[    0.000000]   node   0: [mem 0x0000000000001000-0x000000000009efff]
[    0.000000]   node   0: [mem 0x0000000000100000-0x000000007ffeffff]
[    0.000000] Reserved but unavailable: 98 pages
[    0.000000] Initmem setup node 0 [mem 0x0000000000001000-0x000000007ffeffff]
[    0.000000] ACPI: PM-Timer IO Port: 0x4008
[    0.000000] IOAPIC[0]: apic_id 1, version 32, address 0xfec00000, GSI 0-23
[    0.000000] ACPI: INT_SRC_OVR (bus 0 bus_irq 0 global_irq 2 dfl dfl)
[    0.000000] ACPI: INT_SRC_OVR (bus 0 bus_irq 9 global_irq 9 low level)
[    0.000000] Using ACPI (MADT) for SMP configuration information
[    0.000000] smpboot: Allowing 1 CPUs, 0 hotplug CPUs
[    0.000000] PM: Registered nosave memory: [mem 0x00000000-0x00000fff]
[    0.000000] PM: Registered nosave memory: [mem 0x0009f000-0x0009ffff]
[    0.000000] PM: Registered nosave memory: [mem 0x000a0000-0x000effff]
[    0.000000] PM: Registered nosave memory: [mem 0x000f0000-0x000fffff]
[    0.000000] e820: [mem 0x80000000-0xfebfffff] available for PCI devices
[    0.000000] Booting paravirtualized kernel on KVM
[    0.000000] clocksource: refined-jiffies: mask: 0xffffffff max_cycles: 0xffffffff, max_idle_ns: 7645519600211568 ns
[    0.000000] random: get_random_bytes called from start_kernel+0x99/0x4fd with crng_init=0
[    0.000000] setup_percpu: NR_CPUS:8192 nr_cpumask_bits:1 nr_cpu_ids:1 nr_node_ids:1
[    0.000000] percpu: Embedded 45 pages/cpu s147456 r8192 d28672 u2097152
[    0.000000] PV qspinlock hash table entries: 256 (order: 0, 4096 bytes)
[    0.000000] Built 1 zonelists, mobility grouping on.  Total pages: 515961
[    0.000000] Policy zone: DMA32
[    0.000000] Kernel command line: BOOT_IMAGE=/boot/vmlinuz-4.15.0-99-generic root=LABEL=cloudimg-rootfs ro console=tty1 console=ttyS0
[    0.000000] Memory: 2015432K/2096696K available (12300K kernel code, 2481K rwdata, 4268K rodata, 2432K init, 2712K bss, 81264K reserved, 0K cma-reserved)
[    0.000000] SLUB: HWalign=64, Order=0-3, MinObjects=0, CPUs=1, Nodes=1
[    0.000000] Kernel/User page tables isolation: enabled
[    0.000000] ftrace: allocating 39364 entries in 154 pages
[    0.004000] Hierarchical RCU implementation.
[    0.004000] 	RCU restricting CPUs from NR_CPUS=8192 to nr_cpu_ids=1.
[    0.004000] 	Tasks RCU enabled.
[    0.004000] RCU: Adjusting geometry for rcu_fanout_leaf=16, nr_cpu_ids=1
[    0.004000] NR_IRQS: 524544, nr_irqs: 256, preallocated irqs: 16
[    0.004000] Console: colour VGA+ 80x25
[    0.004000] console [tty1] enabled
[    0.004000] console [ttyS0] enabled
[    0.004000] ACPI: Core revision 20170831
[    0.004000] ACPI: 2 ACPI AML tables successfully acquired and loaded
[    0.004000] APIC: Switch to symmetric I/O mode setup
[    0.004000] x2apic enabled
[    0.004000] Switched APIC routing to physical x2apic.
[    0.004000] ..TIMER: vector=0x30 apic1=0 pin1=2 apic2=-1 pin2=-1
[    0.004005] tsc: Detected 4007.996 MHz processor
[    0.004727] Calibrating delay loop (skipped) preset value.. 8015.99 BogoMIPS (lpj=16031984)
[    0.005241] pid_max: default: 32768 minimum: 301
[    0.005965] Security Framework initialized
[    0.006588] Yama: becoming mindful.
[    0.008025] AppArmor: AppArmor initialized
[    0.010166] Dentry cache hash table entries: 262144 (order: 9, 2097152 bytes)
[    0.012000] Inode-cache hash table entries: 131072 (order: 8, 1048576 bytes)
[    0.012017] Mount-cache hash table entries: 4096 (order: 3, 32768 bytes)
[    0.013102] Mountpoint-cache hash table entries: 4096 (order: 3, 32768 bytes)
[    0.016233] process: using mwait in idle threads
[    0.017103] Last level iTLB entries: 4KB 64, 2MB 8, 4MB 8
[    0.018012] Last level dTLB entries: 4KB 64, 2MB 0, 4MB 0, 1GB 4
[    0.019026] Spectre V1 : Mitigation: usercopy/swapgs barriers and __user pointer sanitization
[    0.020006] Spectre V2 : Mitigation: Full generic retpoline
[    0.020962] Spectre V2 : Spectre v2 / SpectreRSB mitigation: Filling RSB on context switch
[    0.022306] Speculative Store Bypass: Vulnerable
[    0.024029] MDS: Vulnerable: Clear CPU buffers attempted, no microcode
[    0.033436] Freeing SMP alternatives memory: 36K
[    0.144000] smpboot: CPU0: Intel(R) Core(TM) i7-6700K CPU @ 4.00GHz (family: 0x6, model: 0x5e, stepping: 0x3)
[    0.144000] Performance Events: unsupported p6 CPU model 94 no PMU driver, software events only.
[    0.144000] Hierarchical SRCU implementation.
[    0.144133] NMI watchdog: Perf event create on CPU 0 failed with -2
[    0.145208] NMI watchdog: Perf NMI watchdog permanently disabled
[    0.146331] smp: Bringing up secondary CPUs ...
[    0.147105] smp: Brought up 1 node, 1 CPU
[    0.147875] smpboot: Max logical packages: 1
[    0.148003] smpboot: Total of 1 processors activated (8015.99 BogoMIPS)
[    0.149241] devtmpfs: initialized
[    0.149911] x86/mm: Memory block size: 128MB
[    0.150889] evm: security.selinux
[    0.152009] evm: security.SMACK64
[    0.152616] evm: security.SMACK64EXEC
[    0.153261] evm: security.SMACK64TRANSMUTE
[    0.154024] evm: security.SMACK64MMAP
[    0.154655] evm: security.apparmor
[    0.155261] evm: security.ima
[    0.155809] evm: security.capability
[    0.156108] clocksource: jiffies: mask: 0xffffffff max_cycles: 0xffffffff, max_idle_ns: 7645041785100000 ns
[    0.157826] futex hash table entries: 256 (order: 2, 16384 bytes)
[    0.159041] pinctrl core: initialized pinctrl subsystem
[    0.160091] RTC time: 12:49:15, date: 05/04/20
[    0.160987] NET: Registered protocol family 16
[    0.161836] audit: initializing netlink subsys (disabled)
[    0.164105] cpuidle: using governor ladder
[    0.164814] cpuidle: using governor menu
[    0.165574] ACPI: bus type PCI registered
[    0.166273] acpiphp: ACPI Hot Plug PCI Controller Driver version: 0.5
[    0.168030] PCI: Using configuration type 1 for base access
[    0.169146] audit: type=2000 audit(1588596559.943:1): state=initialized audit_enabled=0 res=1
[    0.171599] HugeTLB registered 2.00 MiB page size, pre-allocated 0 pages
[    0.172143] ACPI: Added _OSI(Module Device)
[    0.172910] ACPI: Added _OSI(Processor Device)
[    0.173662] ACPI: Added _OSI(3.0 _SCP Extensions)
[    0.174600] ACPI: Added _OSI(Processor Aggregator Device)
[    0.176010] ACPI: Added _OSI(Linux-Dell-Video)
[    0.176833] ACPI: Added _OSI(Linux-Lenovo-NV-HDMI-Audio)
[    0.177835] ACPI: Added _OSI(Linux-HPI-Hybrid-Graphics)
[    0.179063] ACPI: Executed 1 blocks of module-level executable AML code
[    0.183449] ACPI: Interpreter enabled
[    0.184023] ACPI: (supports S0 S5)
[    0.184637] ACPI: Using IOAPIC for interrupt routing
[    0.185734] PCI: Using host bridge windows from ACPI; if necessary, use "pci=nocrs" and report a bug
[    0.188094] ACPI: Enabled 2 GPEs in block 00 to 07
[    0.197058] ACPI: PCI Root Bridge [PCI0] (domain 0000 [bus 00-ff])
[    0.198129] acpi PNP0A03:00: _OSC: OS supports [ASPM ClockPM Segments MSI]
[    0.199904] acpi PNP0A03:00: _OSC: not requesting OS control; OS requires [ExtendedConfig ASPM ClockPM MSI]
[    0.200021] acpi PNP0A03:00: fail to add MMCONFIG information, can't access extended PCI configuration space under this bridge.
[    0.204087] PCI host bridge to bus 0000:00
[    0.204879] pci_bus 0000:00: root bus resource [io  0x0000-0x0cf7 window]
[    0.206072] pci_bus 0000:00: root bus resource [io  0x0d00-0xffff window]
[    0.207241] pci_bus 0000:00: root bus resource [mem 0x000a0000-0x000bffff window]
[    0.208002] pci_bus 0000:00: root bus resource [mem 0x80000000-0xfdffffff window]
[    0.209271] pci_bus 0000:00: root bus resource [bus 00-ff]
[    0.212584] pci 0000:00:01.1: legacy IDE quirk: reg 0x10: [io  0x01f0-0x01f7]
[    0.213764] pci 0000:00:01.1: legacy IDE quirk: reg 0x14: [io  0x03f6]
[    0.214814] pci 0000:00:01.1: legacy IDE quirk: reg 0x18: [io  0x0170-0x0177]
[    0.216000] pci 0000:00:01.1: legacy IDE quirk: reg 0x1c: [io  0x0376]
[    0.231810] pci 0000:00:07.0: quirk: [io  0x4000-0x403f] claimed by PIIX4 ACPI
[    0.232020] pci 0000:00:07.0: quirk: [io  0x4100-0x410f] claimed by PIIX4 SMB
[    0.245170] ACPI: PCI Interrupt Link [LNKA] (IRQs 5 9 10 *11)
[    0.246439] ACPI: PCI Interrupt Link [LNKB] (IRQs 5 9 *10 11)
[    0.247567] ACPI: PCI Interrupt Link [LNKC] (IRQs 5 *9 10 11)
[    0.248110] ACPI: PCI Interrupt Link [LNKD] (IRQs 5 9 10 *11)
[    0.249415] SCSI subsystem initialized
[    0.250173] pci 0000:00:02.0: vgaarb: setting as boot VGA device
[    0.251094] pci 0000:00:02.0: vgaarb: VGA device added: decodes=io+mem,owns=io+mem,locks=none
[    0.252005] pci 0000:00:02.0: vgaarb: bridge control possible
[    0.252986] vgaarb: loaded
[    0.253510] ACPI: bus type USB registered
[    0.254261] usbcore: registered new interface driver usbfs
[    0.255193] usbcore: registered new interface driver hub
[    0.256014] usbcore: registered new device driver usb
[    0.256897] EDAC MC: Ver: 3.0.0
[    0.257695] PCI: Using ACPI for IRQ routing
[    0.258631] NetLabel: Initializing
[    0.259256] NetLabel:  domain hash size = 128
[    0.260001] NetLabel:  protocols = UNLABELED CIPSOv4 CALIPSO
[    0.260963] NetLabel:  unlabeled traffic allowed by default
[    0.262015] clocksource: Switched to clocksource kvm-clock
[    0.274692] VFS: Disk quotas dquot_6.6.0
[    0.275406] VFS: Dquot-cache hash table entries: 512 (order 0, 4096 bytes)
[    0.276577] AppArmor: AppArmor Filesystem Enabled
[    0.277391] pnp: PnP ACPI init
[    0.278903] pnp: PnP ACPI: found 3 devices
[    0.285018] clocksource: acpi_pm: mask: 0xffffff max_cycles: 0xffffff, max_idle_ns: 2085701024 ns
[    0.286560] NET: Registered protocol family 2
[    0.287421] TCP established hash table entries: 16384 (order: 5, 131072 bytes)
[    0.288664] TCP bind hash table entries: 16384 (order: 6, 262144 bytes)
[    0.289779] TCP: Hash tables configured (established 16384 bind 16384)
[    0.290892] UDP hash table entries: 1024 (order: 3, 32768 bytes)
[    0.291925] UDP-Lite hash table entries: 1024 (order: 3, 32768 bytes)
[    0.293005] NET: Registered protocol family 1
[    0.293848] pci 0000:00:00.0: Limiting direct PCI/PCI transfers
[    0.294865] pci 0000:00:01.0: Activating ISA DMA hang workarounds
[    0.296018] pci 0000:00:02.0: Video device with shadowed ROM at [mem 0x000c0000-0x000dffff]
[    0.297591] Unpacking initramfs...
[    0.549860] Freeing initrd memory: 19208K
[    0.550694] clocksource: tsc: mask: 0xffffffffffffffff max_cycles: 0x39c5ded8016, max_idle_ns: 440795406786 ns
[    0.552293] platform rtc_cmos: registered platform RTC device (no PNP device found)
[    0.553534] Scanning for low memory corruption every 60 seconds
[    0.554883] Initialise system trusted keyrings
[    0.555764] Key type blacklist registered
[    0.556698] workingset: timestamp_bits=36 max_order=19 bucket_order=0
[    0.558686] zbud: loaded
[    0.559668] squashfs: version 4.0 (2009/01/31) Phillip Lougher
[    0.560740] fuse init (API version 7.26)
[    0.561964] Key type asymmetric registered
[    0.562630] Asymmetric key parser 'x509' registered
[    0.563507] Block layer SCSI generic (bsg) driver version 0.4 loaded (major 246)
[    0.564876] io scheduler noop registered
[    0.565569] io scheduler deadline registered
[    0.566281] io scheduler cfq registered (default)
[    0.567199] ACPI: AC Adapter [AC] (on-line)
[    0.567881] input: Power Button as /devices/LNXSYSTM:00/LNXPWRBN:00/input/input0
[    0.569100] ACPI: Power Button [PWRF]
[    0.569794] input: Sleep Button as /devices/LNXSYSTM:00/LNXSLPBN:00/input/input1
[    0.570916] ACPI: Sleep Button [SLPF]
[    0.571684] Serial: 8250/16550 driver, 32 ports, IRQ sharing enabled
[    0.593356] 00:02: ttyS0 at I/O 0x3f8 (irq = 4, base_baud = 115200) is a 16550A
[    0.595668] Linux agpgart interface v0.103
[    0.597337] loop: module loaded
[    0.598659] scsi host0: ata_piix
[    0.599403] scsi host1: ata_piix
[    0.600035] ata1: PATA max UDMA/33 cmd 0x1f0 ctl 0x3f6 bmdma 0xd000 irq 14
[    0.601071] ata2: PATA max UDMA/33 cmd 0x170 ctl 0x376 bmdma 0xd008 irq 15
[    0.602339] libphy: Fixed MDIO Bus: probed
[    0.602986] tun: Universal TUN/TAP device driver, 1.6
[    0.603805] PPP generic driver version 2.4.2
[    0.604748] ehci_hcd: USB 2.0 'Enhanced' Host Controller (EHCI) Driver
[    0.605789] ehci-pci: EHCI PCI platform driver
[    0.606529] ehci-platform: EHCI generic platform driver
[    0.607398] ohci_hcd: USB 1.1 'Open' Host Controller (OHCI) Driver
[    0.608511] ohci-pci: OHCI PCI platform driver
[    0.609412] ohci-platform: OHCI generic platform driver
[    0.610321] uhci_hcd: USB Universal Host Controller Interface driver
[    0.611401] i8042: PNP: PS/2 Controller [PNP0303:PS2K,PNP0f03:PS2M] at 0x60,0x64 irq 1,12
[    0.613156] serio: i8042 KBD port at 0x60,0x64 irq 1
[    0.614304] serio: i8042 AUX port at 0x60,0x64 irq 12
[    0.615372] mousedev: PS/2 mouse device common for all mice
[    0.616585] input: AT Translated Set 2 keyboard as /devices/platform/i8042/serio0/input/input2
[    0.618371] rtc_cmos rtc_cmos: rtc core: registered rtc_cmos as rtc0
[    0.619527] rtc_cmos rtc_cmos: alarms up to one day, 114 bytes nvram
[    0.620557] i2c /dev entries driver
[    0.621229] device-mapper: uevent: version 1.0.3
[    0.622128] device-mapper: ioctl: 4.37.0-ioctl (2017-09-20) initialised: dm-devel@redhat.com
[    0.623604] ledtrig-cpu: registered to indicate activity on CPUs
[    0.624743] intel_pmc_core:  initialized
[    0.625643] NET: Registered protocol family 10
[    0.628454] Segment Routing with IPv6
[    0.629062] NET: Registered protocol family 17
[    0.630047] Key type dns_resolver registered
[    0.630805] mce: Using 0 MCE banks
[    0.631385] RAS: Correctable Errors collector initialized.
[    0.632215] sched_clock: Marking stable (629040785, 0)->(793205757, -164164972)
[    0.633408] registered taskstats version 1
[    0.634046] Loading compiled-in X.509 certificates
[    0.636229] Loaded X.509 cert 'Build time autogenerated kernel key: 7480108fe56bba9284001dfb9078560125be4684'
[    0.637788] zswap: loaded using pool lzo/zbud
[    0.640436] Key type big_key registered
[    0.641037] Key type trusted registered
[    0.642547] Key type encrypted registered
[    0.643167] AppArmor: AppArmor sha1 policy hashing enabled
[    0.643980] ima: No TPM chip found, activating TPM-bypass! (rc=-19)
[    0.644926] ima: Allocated hash algorithm: sha1
[    0.645620] evm: HMAC attrs: 0x1
[    0.646461]   Magic number: 4:353:834
[    0.647140] rtc_cmos rtc_cmos: setting system clock to 2020-05-04 12:49:15 UTC (1588596555)
[    0.648506] BIOS EDD facility v0.16 2004-Jun-25, 0 devices found
[    0.649401] EDD information not available.
[    0.784543] Freeing unused kernel image memory: 2432K
[    0.792345] Write protecting the kernel read-only data: 20480k
[    0.793653] Freeing unused kernel image memory: 2008K
[    0.794706] Freeing unused kernel image memory: 1876K
[    0.802219] x86/mm: Checked W+X mappings: passed, no W+X pages found.
[    0.803342] x86/mm: Checking user space page tables
[    0.810388] x86/mm: Checked W+X mappings: passed, no W+X pages found.
Loading, please wait...
starting version 237
[    0.900384] e1000: Intel(R) PRO/1000 Network Driver - version 7.3.21-k8-NAPI
[    0.901449] e1000: Copyright (c) 1999-2006 Intel Corporation.
[    0.906478] Fusion MPT base driver 3.04.20
[    0.907147] Copyright (c) 1999-2008 LSI Corporation
[    0.920961] Fusion MPT SPI Host driver 3.04.20
[    0.929603] AVX2 version of gcm_enc/dec engaged.
[    0.930470] AES CTR mode by8 optimization enabled
[    1.128715] input: ImExPS/2 Generic Explorer Mouse as /devices/platform/i8042/serio1/input/input4
[    1.295755] e1000 0000:00:03.0 eth0: (PCI:33MHz:32-bit) 02:2b:21:86:a5:be
[    1.297123] e1000 0000:00:03.0 eth0: Intel(R) PRO/1000 Network Connection
[    1.299224] mptbase: ioc0: Initiating bringup
[    1.392568] ioc0: LSI53C1030 A0: Capabilities={Initiator}
[    1.633230] scsi host2: ioc0: LSI53C1030 A0, FwRev=00000000h, Ports=1, MaxQ=256, IRQ=20
[    1.800588] scsi 2:0:0:0: Direct-Access     VBOX     HARDDISK         1.0  PQ: 0 ANSI: 5
[    1.801958] scsi target2:0:0: Beginning Domain Validation
[    1.804545] scsi target2:0:0: Domain Validation skipping write tests
[    1.805594] scsi target2:0:0: Ending Domain Validation
[    1.806705] scsi target2:0:0: asynchronous
[    1.807669] random: fast init done
[    1.808424] scsi 2:0:1:0: Direct-Access     VBOX     HARDDISK         1.0  PQ: 0 ANSI: 5
[    1.809816] scsi target2:0:1: Beginning Domain Validation
[    1.811441] scsi target2:0:1: Domain Validation skipping write tests
[    1.812491] scsi target2:0:1: Ending Domain Validation
[    1.813442] scsi target2:0:1: asynchronous
[    1.817438] random: systemd-udevd: uninitialized urandom read (16 bytes read)
[    1.818632] random: systemd-udevd: uninitialized urandom read (16 bytes read)
[    1.819817] random: systemd-udevd: uninitialized urandom read (16 bytes read)
[    1.821446] sd 2:0:0:0: Attached scsi generic sg0 type 0
[    1.822796] sd 2:0:0:0: [sda] 20971520 512-byte logical blocks: (10.7 GB/10.0 GiB)
[    1.823991] sd 2:0:0:0: [sda] Write Protect is off
[    1.824985] sd 2:0:0:0: [sda] Incomplete mode parameter data
[    1.825873] sd 2:0:0:0: [sda] Assuming drive cache: write through
[    1.827397] sd 2:0:1:0: [sdb] 20480 512-byte logical blocks: (10.5 MB/10.0 MiB)
[    1.828618] sd 2:0:1:0: [sdb] Write Protect is off
[    1.829530] sd 2:0:1:0: [sdb] Incomplete mode parameter data
[    1.830717] sd 2:0:1:0: [sdb] Assuming drive cache: write through
[    1.832102] sd 2:0:1:0: Attached scsi generic sg1 type 0
[    1.834373]  sda: sda1
[    1.835896] sd 2:0:0:0: [sda] Attached SCSI disk
[    1.866708] sd 2:0:1:0: [sdb] Attached SCSI disk
[    2.184098] e1000 0000:00:08.0 eth1: (PCI:33MHz:32-bit) 08:00:27:76:0f:e1
[    2.185324] e1000 0000:00:08.0 eth1: Intel(R) PRO/1000 Network Connection
[    2.187336] e1000 0000:00:08.0 enp0s8: renamed from eth1
[    2.189714] e1000 0000:00:03.0 enp0s3: renamed from eth0
Begin: Loading essential drivers ... [    3.596426] raid6: sse2x1   gen() 13270 MB/s
[    3.644049] raid6: sse2x1   xor()  9781 MB/s
[    3.692169] raid6: sse2x2   gen() 16537 MB/s
[    3.740276] raid6: sse2x2   xor() 11352 MB/s
[    3.788391] raid6: sse2x4   gen() 19641 MB/s
[    3.836499] raid6: sse2x4   xor() 11806 MB/s
[    3.884116] raid6: avx2x1   gen() 27469 MB/s
[    3.932214] raid6: avx2x1   xor() 18961 MB/s
[    3.980329] raid6: avx2x2   gen() 33804 MB/s
[    4.028435] raid6: avx2x2   xor() 19017 MB/s
[    4.076066] raid6: avx2x4   gen() 37744 MB/s
[    4.124171] raid6: avx2x4   xor() 23295 MB/s
[    4.124854] raid6: using algorithm avx2x4 gen() 37744 MB/s
[    4.125769] raid6: .... xor() 23295 MB/s, rmw enabled
[    4.126588] raid6: using avx2x2 recovery algorithm
[    4.128702] xor: automatically using best checksumming function   avx       
[    4.130925] async_tx: api initialized (async)
done.
Begin: Running /scripts/init-premount ... done.
Begin: Mounting root file system ... Begin: Running /scripts/local-top ... done.
Begin: Running /scripts/local-premount ... [    4.173007] Btrfs loaded, crc32c=crc32c-intel
Scanning for Btrfs filesystems
done.
Warning: fsck not present, so skipping root file system
[    4.196946] EXT4-fs (sda1): mounted filesystem with ordered data mode. Opts: (null)
done.
Begin: Running /scripts/local-bottom ... done.
Begin: Running /scripts/init-bottom ... done.
[    4.866041] ip_tables: (C) 2000-2006 Netfilter Core Team
[    4.901750] systemd[1]: systemd 237 running in system mode. (+PAM +AUDIT +SELINUX +IMA +APPARMOR +SMACK +SYSVINIT +UTMP +LIBCRYPTSETUP +GCRYPT +GNUTLS +ACL +XZ +LZ4 +SECCOMP +BLKID +ELFUTILS +KMOD -IDN2 +IDN -PCRE2 default-hierarchy=hybrid)
[    4.905263] systemd[1]: Detected virtualization oracle.
[    4.906191] systemd[1]: Detected architecture x86-64.

Welcome to [1mUbuntu 18.04.4 LTS[0m!

[    4.938134] systemd[1]: Set hostname to <ubuntu>.
[    4.957826] systemd[1]: Initializing machine ID from random generator.
[    4.958995] systemd[1]: Installed transient /etc/machine-id file.
[    5.716368] systemd[1]: Created slice System Slice.
[[0;32m  OK  [0m] Created slice System Slice.
[    5.718030] systemd[1]: Listening on Journal Socket.
[[0;32m  OK  [0m] Listening on Journal Socket.
[    5.719899] systemd[1]: Starting Create list of required static device nodes for the current kernel...
         Starting Create list of required stâ€¦ce nodes for the current kernel...
[    5.732346] systemd[1]: Created slice User and Session Slice.
[[0;32m  OK  [0m] Created slice User and Session Slice.
[[0;32m  OK  [0m] Listening on Syslog Socket.
         Starting Set the console keyboard layout...
[    5.743487] random: crng init done
[    5.744097] random: 7 urandom warning(s) missed due to ratelimiting
[[0;32m  OK  [0m] Reached target System Time Synchronized.
[[0;32m  OK  [0m] Listening on Journal Audit Socket.
         Starting Remount Root and Kernel File Systems...
[[0;32m  OK  [0m] Set up automount Arbitrary Executabâ€¦rmats File System Automount Point.
[[0;32m  OK  [0m] Started Forward Password Requests to Wall Directory Watch.
[[0;32m  OK  [0m] Listening on LVM2 metadata daemon socket.
[[0;32m  OK  [0m] Reached target User and Group Name Lookups.
[[0;32m  OK  [0m] Listening on /dev/initctl Compatibility Named Pipe.
[[0;32m  OK  [0m] Reached target Slices.
[[0;32m  OK  [0m] Listening on Network Service Netlink Socket.
[[0;32m  OK  [0m] Listening on Journal Socket (/dev/log).
         Starting Journal Service...
[[0;32m  OK  [0m] Created slice system-serial\x2dgetty.slice.
[[0;32m  OK  [0m] Listening on Device-mapper event daemon FIFOs.
         Starting Monitoring of LVM2 mirrorsâ€¦ng dmeventd or progress polling...
         Starting Load Kernel Modules...
[[0;32m  OK  [0m] Reached target Swap.
         Mounting Huge Pages File System...
[[0;32m  OK  [0m] Listening on LVM2 poll daemon socket.
         Starting Uncomplicated firewall...
[[0;32m  OK  [0m] Listening on udev Control Socket.
[[0;32m  OK  [0m] Listening on udev Kernel Socket.
         Starting udev Coldplug all Devices...
         Mounting Kernel Debug File System...
         Mounting POSIX Message Queue File System...[    5.925477] EXT4-fs (sda1): re-mounted. Opts: (null)

[[0;32m  OK  [0m] Started Journal Service.
[[0;32m  OK  [0m] Started Create list of required staâ€¦vice nodes for the current kernel.
[[0;32m  OK  [0m] Started Remount Root and Kernel File Systems.
[[0;32m  OK  [0m] Mounted Huge Pages File System.
[[0;32m  OK  [0m] Mounted Kernel Debug File System.
[[0;32m  OK  [0m] Mounted POSIX Message Queue File System.
         Starting Load/Save Random Seed...
         Starting Create Static Device Nodes in /dev...
[    6.070470] Loading iSCSI transport class v2.0-870.
[    6.074990] iscsi: registered transport (tcp)
         Starting Flush Journal to Persistent Storage...
[[0;32m  OK  [0m] Started Set the console keyboard layout.
[[0;32m  OK  [0m] Started Uncomplicated firewall.
[[0;32m  OK  [0m] Started LVM2 metadata daemon.
[[0;32m  OK  [0m] Started Load/Save Random Seed.
[[0;32m  OK  [0m] Started udev Coldplug all Devices.
[[0;32m  OK  [0m] Started Create Static Device Nodes in /dev.
         Starting udev Kernel Device Manager...
[    6.200143] systemd-journald[397]: Received request to flush runtime journal from PID 1
[    6.222134] iscsi: registered transport (iser)
[[0;32m  OK  [0m] Started Load Kernel Modules.
         Starting Apply Kernel Variables...
         Mounting FUSE Control File System...
         Mounting Kernel Configuration File System...
[[0;32m  OK  [0m] Mounted FUSE Control File System.
[[0;32m  OK  [0m] Mounted Kernel Configuration File System.
[[0;32m  OK  [0m] Started udev Kernel Device Manager.
[[0;32m  OK  [0m] Started Dispatch Password Requests to Console Directory Watch.
[[0;32m  OK  [0m] Reached target Local Encrypted Volumes.
[[0;32m  OK  [0m] Started Monitoring of LVM2 mirrors,â€¦sing dmeventd or progress polling.
[[0;32m  OK  [0m] Reached target Local File Systems (Pre).
[[0;32m  OK  [0m] Reached target Local File Systems.
         Starting AppArmor initialization...
         Starting Tell Plymouth To Write Out Runtime Data...
         Starting Commit a transient machine-id on disk...
         Starting ebtables ruleset management...
         Starting Set console font and keymap...
[[0;32m  OK  [0m] Started Apply Kernel Variables.
[[0;32m  OK  [0m] Started Tell Plymouth To Write Out Runtime Data.
[[0;32m  OK  [0m] Started Set console font and keymap.
[[0;32m  OK  [0m] Started Commit a transient machine-id on disk.
[[0;32m  OK  [0m] Started Flush Journal to Persistent Storage.
         Starting Create Volatile Files and Directories...
[[0;32m  OK  [0m] Started Create Volatile Files and Directories.
         Starting Update UTMP about System Boot/Shutdown...
[[0;32m  OK  [0m] Started Update UTMP about System Boot/Shutdown.
[[0;32m  OK  [0m] Started ebtables ruleset management.
[[0;32m  OK  [0m] Found device /dev/ttyS0.
[[0;32m  OK  [0m] Listening on Load/Save RF Kill Switch Status /dev/rfkill Watch.
[[0;32m  OK  [0m] Started AppArmor initialization.
         Starting Initial cloud-init job (pre-networking)...
[   11.264686] cloud-init[548]: Cloud-init v. 19.4-33-gbb4131a2-0ubuntu1~18.04.1 running 'init-local' at Mon, 04 May 2020 12:49:25 +0000. Up 10.60 seconds.
[[0;32m  OK  [0m] Started Initial cloud-init job (pre-networking).
[[0;32m  OK  [0m] Reached target Network (Pre).
         Starting Network Service...
[[0;32m  OK  [0m] Started Network Service.
         Starting Wait for Network to be Configured...
         Starting Network Name Resolution...
[[0;32m  OK  [0m] Started Network Name Resolution.
[[0;32m  OK  [0m] Reached target Host and Network Name Lookups.
[[0;32m  OK  [0m] Reached target Network.
[[0;32m  OK  [0m] Started Wait for Network to be Configured.
         Starting Initial cloud-init job (metadata service crawler)...
[   13.978724] cloud-init[666]: Cloud-init v. 19.4-33-gbb4131a2-0ubuntu1~18.04.1 running 'init' at Mon, 04 May 2020 12:49:28 +0000. Up 13.75 seconds.
[   13.988541] cloud-init[666]: ci-info: ++++++++++++++++++++++++++++++++++++++Net device info+++++++++++++++++++++++++++++++++++++++
[   14.000509] cloud-init[666]: ci-info: +--------+-------+----------------------------+---------------+--------+-------------------+
[   14.012420] cloud-init[666]: ci-info: | Device |   Up  |          Address           |      Mask     | Scope  |     Hw-Address    |
[   14.013824] cloud-init[666]: ci-info: +--------+-------+----------------------------+---------------+--------+-------------------+
[   14.027887] cloud-init[666]: ci-info: | enp0s3 |  True |         10.0.2.15          | 255.255.255.0 | global | 02:2b:21:86:a5:be |
[   14.029785] cloud-init[666]: ci-info: | enp0s3 |  True | fe80::2b:21ff:fe86:a5be/64 |       .       |  link  | 02:2b:21:86:a5:be |
[   14.030698] cloud-init[666]: ci-info: | enp0s8 | False |             .              |       .       |   .    | 08:00:27:76:0f:e1 |
[   14.032208] cloud-init[666]: ci-info: |   lo   |  True |         127.0.0.1          |   255.0.0.0   |  host  |         .         |
[   14.033596] cloud-init[666]: ci-info: |   lo   |  True |          ::1/128           |       .       |  host  |         .         |
[   14.035002] cloud-init[666]: ci-info: +--------+-------+----------------------------+---------------+--------+-------------------+
[   14.036281] cloud-init[666]: ci-info: ++++++++++++++++++++++++++++Route IPv4 info+++++++++++++++++++++++++++++
[   14.037475] cloud-init[666]: ci-info: +-------+-------------+----------+-----------------+-----------+-------+
[   14.038688] cloud-init[666]: ci-info: | Route | Destination | Gateway  |     Genmask     | Interface | Flags |
[   14.040001] cloud-init[666]: ci-info: +-------+-------------+----------+-----------------+-----------+-------+
[   14.041215] cloud-init[666]: ci-info: |   0   |   0.0.0.0   | 10.0.2.2 |     0.0.0.0     |   enp0s3  |   UG  |
[   14.042041] cloud-init[666]: ci-info: |   1   |   10.0.2.0  | 0.0.0.0  |  255.255.255.0  |   enp0s3  |   U   |
[   14.043165] cloud-init[666]: ci-info: |   2   |   10.0.2.2  | 0.0.0.0  | 255.255.255.255 |   enp0s3  |   UH  |
[   14.044408] cloud-init[666]: ci-info: +-------+-------------+----------+-----------------+-----------+-------+
[   14.045640] cloud-init[666]: ci-info: +++++++++++++++++++Route IPv6 info+++++++++++++++++++
[   14.046743] cloud-init[666]: ci-info: +-------+-------------+---------+-----------+-------+
[   14.047755] cloud-init[666]: ci-info: | Route | Destination | Gateway | Interface | Flags |
[   14.048785] cloud-init[666]: ci-info: +-------+-------------+---------+-----------+-------+
[   14.049834] cloud-init[666]: ci-info: |   1   |  fe80::/64  |    ::   |   enp0s3  |   U   |
[   14.050864] cloud-init[666]: ci-info: |   3   |    local    |    ::   |   enp0s3  |   U   |
[   14.051865] cloud-init[666]: ci-info: |   4   |   ff00::/8  |    ::   |   enp0s3  |   U   |
[   14.052878] cloud-init[666]: ci-info: +-------+-------------+---------+-----------+-------+
[   15.274927] cloud-init[666]: Generating public/private rsa key pair.
[   15.275829] cloud-init[666]: Your identification has been saved in /etc/ssh/ssh_host_rsa_key.
[   15.276903] cloud-init[666]: Your public key has been saved in /etc/ssh/ssh_host_rsa_key.pub.
[   15.278733] cloud-init[666]: The key fingerprint is:
[   15.280140] cloud-init[666]: SHA256:AB7nfHNXFX4HEeqIuUi/jtcW6OcoXDqBQmPeoI8x1tg root@ubuntu-bionic
[   15.284213] cloud-init[666]: The key's randomart image is:
[   15.285349] cloud-init[666]: +---[RSA 2048]----+
[   15.288202] cloud-init[666]: |    o .       ==o|
[   15.288976] cloud-init[666]: |   . *       o.. |
[   15.292645] cloud-init[666]: |    . + o . o  .o|
[   15.293573] cloud-init[666]: |  =    o = +    o|
[   15.304584] cloud-init[666]: | =++ .. S.. .    |
[   15.305625] cloud-init[666]: |+ooEo..oo..      |
[   15.306468] cloud-init[666]: |.= . ..=o. .     |
[   15.316438] cloud-init[666]: |. .   =.oo+      |
[   15.316811] cloud-init[666]: |      .=++.      |
[   15.328354] cloud-init[666]: +----[SHA256]-----+
[   15.328733] cloud-init[666]: Generating public/private dsa key pair.
[   15.329167] cloud-init[666]: Your identification has been saved in /etc/ssh/ssh_host_dsa_key.
[[0;32m  OK  [0m] Started Initial cloud-init job (metadata service crawler).
[   15.343618] cloud-init[666]: Your public key has been saved in /etc/ssh/ssh_host_dsa_key.pub.[[0;32m  OK  [0m] Reached target System Initialization.
[[0;32m  OK  [0m] Started Discard unused blocks once a week.

[   15.346485] cloud-init[666]: The key fingerprint is:
[   15.347187] cloud-init[666]: SHA256:CgtQ6fwLMedEtmxTBR4OK0EJJTS+2uQM34HvKPB2QLs root@ubuntu-bionic[[0;32m  OK  [0m] Listening on ACPID Listen Socket.

[   15.349190] cloud-init[666]: The key's randomart image is:
[[0;32m  OK  [0m] Listening on UUID daemon activation socket.
[   15.350858] cloud-init[666]: +---[DSA 1024]----+
[[0;32m  OK  [0m] Started Message of the Day.
         Starting Socket activation for snappy daemon.
[[0;32m  OK  [0m] Started Daily Cleanup of Temporary Directories.
[[0;32m  OK  [0m] Listening on Open-iSCSI iscsid Socket.
[[0;32m  OK  [0m] Started Daily apt download activities.
[[0;32m  OK  [0m] Started Daily apt upgrade and clean activities.
[[0;32m  OK  [0m] Reached target Timers.
[   15.359126] cloud-init[666]: |+*=o. oo.        |[[0;32m  OK  [0m] Started ACPI Events Check.
[[0;32m  OK  [0m] Reached target Paths.

[   15.369755] cloud-init[666]: |.o+.o=..         |
[   15.370509] cloud-init[666]: |.+.+.oo          |
[   15.371188] cloud-init[666]: | .BoB            |
[   15.380477]          Starting LXD - unix socket.
[[0;32m  OK  [0m] Listening on D-Bus System Message Bus Socket.
[[0;32m  OK  [0m] Reached target Cloud-config availability.
[[0;32m  OK  [0m] Reached target Network is Online.
cloud-init[666]: |.o+Xo.  S        |
[   15.384510] cloud-init[666]: |oB++o+ .         |
         Starting Availability of block devices...
[[0;32m  OK  [0m] Reached target Remote File Systems (Pre).
[[0;32m  OK  [0m] Reached target Remote File Systems.
[[0;32m  OK  [0m] Listening on Socket activation for snappy daemon.
[[0;32m  OK  [0m] Listening on LXD - unix socket.
[[0;32m  OK  [0m] Reached target Sockets.
[[0;32m  OK  [0m] Reached target Basic System.
         Starting System Logging Service...
[[0;32m  OK  [0m] Started Deferred execution scheduler.[   15.393705] cloud-init[666]: |o.=++..          |
[   15.408895] cloud-init[666]: |. Eoo            |
[   15.409567] cloud-init[666]: | o...            |
[   15.410174] cloud-init[666]: +----[SHA256]-----+
[   15.410782] cloud-init[666]: Generating public/private ecdsa key pair.
[   15.411616] cloud-init[666]: Your identification has been saved in /etc/ssh/ssh_host_ecdsa_key.
[[0;32m  OK  [0m] Started Regular background program processing daemon.
         Starting Pollinate to seed the pseudo random number generator...
         Starting LSB: automatic crash report generation...

[   15.424161] [[0;32m  OK  [0m] Started FUSE filesystem for LXC.
cloud-init[666]: Your public key has been saved in /etc/ssh/ssh_host_ecdsa_key.pub.         Starting Login Service...
         Starting Permit User Sessions...
         Starting LXD - container startup/shutdown...

[   15.456321] cloud-init[666]: The key fingerprint is:
[   15.457016] cloud-init[666]: SHA256:X6jQsJ5ib/Hz3lWnzQS/zKKr5A0pjUQQgrNTnm6CDQ8 root@ubuntu-bionic
[   15.458090] cloud-init[666]: The key's randomart image is:
[   15.458840] cloud-init[666]: +---[ECDSA 256]---+
[   15.460204] cloud-init[666]: |  .. o.          |
[   15.464476] cloud-init[666]: | o .. .          |
[   15.465199] cloud-init[666]: |  = . ..      .  |
[   15.467116] cloud-init[666]: |Eo o  .+   .   o |
[   15.468121] cloud-init[666]: |.=o   o.S . .   =|
[   15.468817] cloud-init[666]: |..oo .oooo..  o*o|
[   15.472159] cloud-init[666]: |  o o o=.=.  .o+o|
[   15.476675] cloud-init[666]: |   . o. * o....  |
[   15.477394] cloud-init[666]: |     ..  *++o    |
[   15.480028] cloud-init[666]: +----[SHA256]-----+
[   15.492529] cloud-init[666]: Generating public/private ed25519 key pair.
[   15.493330] cloud-init[666]: Your identification has been saved in /etc/ssh/ssh_host_ed25519_key.
[   15.494374] cloud-init[666]: Your public key has been saved in /etc/ssh/ssh_host_ed25519_key.pub.
[   15.496510] cloud-init[666]: The key fingerprint is:
[   15.497211] cloud-init[666]: SHA256:B2vb+9Ymxl0+b2B2s/0dZlYpl2Ub/ZoEY/BVTfcUNqA root@ubuntu-bionic
[   15.499775] cloud-init[666]: The key's randomart image is:
[   15.502145] cloud-init[666]: +--[ED25519 256]--+
[   15.503610] cloud-init[666]: |          .  .o*B|
[   15.516322] cloud-init[666]: |           o....*|
[   15.517043] cloud-init[666]: |        .  E=  .=|
[   15.518027] cloud-init[666]: |         o . o .B|
[   15.518708] cloud-init[666]: |        S .  ..=o|
[   15.519528] cloud-init[666]: |       . +   .*++|
[   15.521296] cloud-init[666]: |        . .. =oX+|
[   15.521952] cloud-init[666]: |           .= Bo*|
[   15.522634] cloud-init[666]: |          .+.o .B|
[   15.523178] cloud-init[666]: +----[SHA256]-----+
[[0;32m  OK  [0m] Started irqbalance daemon.
         Starting Virtualbox guest utils...
         Starting LSB: Record successful boot for GRUB...
         Starting Snappy daemon...
         Starting Accounts Service...
[[0;32m  OK  [0m] Started D-Bus System Message Bus.
         Starting Dispatcher daemon for systemd-networkd...
[[0;32m  OK  [0m] Started System Logging Service.
[[0;32m  OK  [0m] Started Availability of block devices.
[[0;32m  OK  [0m] Started Permit User Sessions.
[[0;32m  OK  [0m] Started Login Service.
         Starting Authorization Manager...
[[0;32m  OK  [0m] Started Unattended Upgrades Shutdown.
         Starting Terminate Plymouth Boot Screen...
         Starting Hold until boot process finishes up...
[[0;32m  OK  [0m] Started Hold until boot process finishes up.
         Starting Set console scheme...
[[0;32m  OK  [0m] Started Serial Getty on ttyS0.
[[0;32m  OK  [0m] Started Terminate Plymouth Boot Screen.
[[0;32m  OK  [0m] Started LSB: Record successful boot for GRUB.
[[0;32m  OK  [0m] Started LSB: automatic crash report generation.
[[0;32m  OK  [0m] Started Set console scheme.
[[0;32m  OK  [0m] Created slice system-getty.slice.
[[0;32m  OK  [0m] Started Getty on tty1.
[[0;32m  OK  [0m] Reached target Login Prompts.
[[0;32m  OK  [0m] Started Authorization Manager.
[[0;32m  OK  [0m] Started Accounts Service.
[[0;32m  OK  [0m] Started Virtualbox guest utils.
[[0;32m  OK  [0m] Started LXD - container startup/shutdown.
[[0;32m  OK  [0m] Started Dispatcher daemon for systemd-networkd.
[[0;32m  OK  [0m] Started Snappy daemon.
         Starting Wait until snapd is fully seeded...
[[0;32m  OK  [0m] Started Pollinate to seed the pseudo random number generator.
         Starting OpenBSD Secure Shell server...
[[0;32m  OK  [0m] Started OpenBSD Secure Shell server.
[[0;32m  OK  [0m] Created slice User Slice of vagrant.
[[0;32m  OK  [0m] Started Wait until snapd is fully seeded.
         Starting Apply the settings specified in cloud-config...
[[0;32m  OK  [0m] Reached target Multi-User System.
[[0;32m  OK  [0m] Reached target Graphical Interface.
         Starting Update UTMP about System Runlevel Changes...
         Starting User Manager for UID 1000...
[[0;32m  OK  [0m] Started Session 1 of user vagrant.
[[0;32m  OK  [0m] Started Update UTMP about System Runlevel Changes.
[[0;32m  OK  [0m] Started User Manager for UID 1000.
[   21.175692] cloud-init[1225]: Cloud-init v. 19.4-33-gbb4131a2-0ubuntu1~18.04.1 running 'modules:config' at Mon, 04 May 2020 12:49:34 +0000. Up 19.35 seconds.
[[0;32m  OK  [0m] Started Apply the settings specified in cloud-config.
         Starting Execute cloud user/final scripts...
ci-info: no authorized SSH keys fingerprints found for user ubuntu.
<14>May  4 12:49:37 ec2: 
<14>May  4 12:49:37 ec2: #############################################################
<14>May  4 12:49:37 ec2: -----BEGIN SSH HOST KEY FINGERPRINTS-----
<14>May  4 12:49:37 ec2: 1024 SHA256:CgtQ6fwLMedEtmxTBR4OK0EJJTS+2uQM34HvKPB2QLs root@ubuntu-bionic (DSA)
<14>May  4 12:49:37 ec2: 256 SHA256:X6jQsJ5ib/Hz3lWnzQS/zKKr5A0pjUQQgrNTnm6CDQ8 root@ubuntu-bionic (ECDSA)
<14>May  4 12:49:37 ec2: 256 SHA256:B2vb+9Ymxl0+b2B2s/0dZlYpl2Ub/ZoEY/BVTfcUNqA root@ubuntu-bionic (ED25519)
<14>May  4 12:49:37 ec2: 2048 SHA256:AB7nfHNXFX4HEeqIuUi/jtcW6OcoXDqBQmPeoI8x1tg root@ubuntu-bionic (RSA)
<14>May  4 12:49:37 ec2: -----END SSH HOST KEY FINGERPRINTS-----
<14>May  4 12:49:37 ec2: #############################################################
-----BEGIN SSH HOST KEY KEYS-----
ecdsa-sha2-nistp256 AAAAE2VjZHNhLXNoYTItbmlzdHAyNTYAAAAIbmlzdHAyNTYAAABBBAs5YdJk7eHgQbiW4lfNEVc0qAyA2T9lh9w4UEfbxfVP5UWHgMZ6NR+bSdlLsh6TYqnnTPbgvj1VGe7lHq1+bQM= root@ubuntu-bionic
ssh-ed25519 AAAAC3NzaC1lZDI1NTE5AAAAIEA+R4FWLYp+aLuEmvsMHyU0NZZWdqtHf90xwKCpbn8Y root@ubuntu-bionic
ssh-rsa AAAAB3NzaC1yc2EAAAADAQABAAABAQDTwhJ8DnyVWcTbUTfYkp4o1r5xIsbyJtM6SEWnVX5axIOW62OF5WOni1sdx1NnxArWCpL7QL5HPoAOAKZ88TEm2tYVUDmxP3/Nf0OO/aYzH4BsgBNMX3JwQqSpm3KaT/UkHjYv9mXJhHf51RVy1iKG9IWcv//xWe5Zgag7T0nLDyegDjEdc75weHuR01XccSpObnSAVzkzch34FrfxuAE/sTaIrImEB2ehCtpW/gIK1LtjfmYdAR8TGjdIe3zmRmxQngHaCEnqu29JAUp67iX/cZ64anxSh9GnpqHbTRS2wXqSKW2v3oboHVNa00PckiYOB84FKlV7C4tfODfOVS0T root@ubuntu-bionic
-----END SSH HOST KEY KEYS-----
[   22.330663] cloud-init[1360]: Cloud-init v. 19.4-33-gbb4131a2-0ubuntu1~18.04.1 running 'modules:final' at Mon, 04 May 2020 12:49:36 +0000. Up 22.07 seconds.
[   22.331540] cloud-init[1360]: ci-info: no authorized SSH keys fingerprints found for user ubuntu.
[   22.335057] cloud-init[1360]: Cloud-init v. 19.4-33-gbb4131a2-0ubuntu1~18.04.1 finished at Mon, 04 May 2020 12:49:37 +0000. Datasource DataSourceNoCloud [seed=/dev/sdb][dsmode=net].  Up 22.31 seconds

Ubuntu 18.04.4 LTS ubuntu-bionic ttyS0

ubuntu-bionic login: 